2026-02-26 12:11:39,974 - INFO - ***************************************************
2026-02-26 12:11:39,974 - INFO - Procesando 1/3 -> Golosinas
2026-02-26 12:11:40,642 - INFO - ✅ Golosinas: 26 páginas
2026-02-26 12:11:40,642 - INFO - ***************************************************
2026-02-26 12:11:40,642 - INFO - Procesando 2/3 -> Alfajores
2026-02-26 12:11:40,929 - INFO - ✅ Alfajores: 6 páginas
2026-02-26 12:11:40,929 - INFO - ***************************************************
2026-02-26 12:11:40,929 - INFO - Procesando 3/3 -> Chocolates
2026-02-26 12:11:41,193 - INFO - ✅ Chocolates: 8 páginas
2026-02-26 12:11:41,195 - INFO - 🗑 Archivo eliminado: Coto\categorias.json ✔
2026-02-26 12:11:41,195 - INFO - 📦 JSON final generado en: Coto\categorias_paginadas.json
2026-02-26 12:11:41,196 - INFO - 📌 Lista resumida creada: 3 categorías con URLs
2026-02-26 12:11:41,196 - INFO - 📦 Scrapeando categoría 1/3: Golosinas (páginas: 26)
2026-02-26 12:11:41,766 - INFO -    Página 1/26 -> productos: 0
2026-02-26 12:11:42,071 - INFO -    Página 2/26 -> productos: 24
2026-02-26 12:11:42,437 - INFO -    Página 3/26 -> productos: 24
2026-02-26 12:11:42,705 - INFO -    Página 4/26 -> productos: 24
2026-02-26 12:11:43,004 - INFO -    Página 5/26 -> productos: 24
2026-02-26 12:11:43,333 - INFO -    Página 6/26 -> productos: 24
2026-02-26 12:11:43,638 - INFO -    Página 7/26 -> productos: 24
2026-02-26 12:11:43,922 - INFO -    Página 8/26 -> productos: 24
2026-02-26 12:11:44,116 - INFO -    Página 9/26 -> productos: 24
2026-02-26 12:11:44,290 - INFO -    Página 10/26 -> productos: 24
2026-02-26 12:11:44,584 - INFO -    Página 11/26 -> productos: 24
2026-02-26 12:11:44,873 - INFO -    Página 12/26 -> productos: 24
2026-02-26 12:11:45,059 - INFO -    Página 13/26 -> productos: 24
2026-02-26 12:11:45,330 - INFO -    Página 14/26 -> productos: 24
2026-02-26 12:11:45,596 - INFO -    Página 15/26 -> productos: 24
2026-02-26 12:11:45,885 - INFO -    Página 16/26 -> productos: 24
2026-02-26 12:11:46,181 - INFO -    Página 17/26 -> productos: 24
2026-02-26 12:11:46,462 - INFO -    Página 18/26 -> productos: 24
2026-02-26 12:11:46,728 - INFO -    Página 19/26 -> productos: 24
2026-02-26 12:11:47,001 - INFO -    Página 20/26 -> productos: 24
2026-02-26 12:11:47,336 - INFO -    Página 21/26 -> productos: 24
2026-02-26 12:11:47,637 - INFO -    Página 22/26 -> productos: 24
2026-02-26 12:11:47,913 - INFO -    Página 23/26 -> productos: 24
2026-02-26 12:11:48,290 - INFO -    Página 24/26 -> productos: 24
2026-02-26 12:11:48,515 - INFO -    Página 25/26 -> productos: 24
2026-02-26 12:11:48,701 - INFO -    Página 26/26 -> productos: 17
2026-02-26 12:11:48,703 - INFO - 📦 Scrapeando categoría 2/3: Alfajores (páginas: 6)
2026-02-26 12:11:49,031 - INFO -    Página 1/6 -> productos: 24
2026-02-26 12:11:49,351 - INFO -    Página 2/6 -> productos: 24
2026-02-26 12:11:49,671 - INFO -    Página 3/6 -> productos: 24
2026-02-26 12:11:49,933 - INFO -    Página 4/6 -> productos: 24
2026-02-26 12:11:50,106 - INFO -    Página 5/6 -> productos: 0
2026-02-26 12:11:50,295 - INFO -    Página 6/6 -> productos: 0
2026-02-26 12:11:50,296 - INFO - 📦 Scrapeando categoría 3/3: Chocolates (páginas: 8)
2026-02-26 12:11:50,566 - INFO -    Página 1/8 -> productos: 24
2026-02-26 12:11:50,861 - INFO -    Página 2/8 -> productos: 24
2026-02-26 12:11:51,062 - INFO -    Página 3/8 -> productos: 24
2026-02-26 12:11:51,356 - INFO -    Página 4/8 -> productos: 24
2026-02-26 12:11:51,660 - INFO -    Página 5/8 -> productos: 24
2026-02-26 12:11:51,929 - INFO -    Página 6/8 -> productos: 24
2026-02-26 12:11:52,233 - INFO -    Página 7/8 -> productos: 24
2026-02-26 12:11:52,467 - INFO -    Página 8/8 -> productos: 17
2026-02-26 12:11:52,482 - INFO - ✅ Productos guardados en: Coto\productos_nombre_precio.json
