2026-02-24 19:33:13,520 - INFO - ***************************************************
2026-02-24 19:33:13,520 - INFO - Procesando 1/3 -> Golosinas
2026-02-24 19:33:14,059 - INFO - ✅ Golosinas: 26 páginas
2026-02-24 19:33:14,059 - INFO - ***************************************************
2026-02-24 19:33:14,059 - INFO - Procesando 2/3 -> Alfajores
2026-02-24 19:33:14,367 - INFO - ✅ Alfajores: 6 páginas
2026-02-24 19:33:14,367 - INFO - ***************************************************
2026-02-24 19:33:14,367 - INFO - Procesando 3/3 -> Chocolates
2026-02-24 19:33:15,003 - INFO - ✅ Chocolates: 8 páginas
2026-02-24 19:33:15,004 - INFO - 🗑 Archivo eliminado: Coto\categorias.json ✔
2026-02-24 19:33:15,004 - INFO - 📦 JSON final generado en: Coto\categorias_paginadas.json
2026-02-24 19:33:15,004 - INFO - 📌 Lista resumida creada: 3 categorías con URLs
2026-02-24 19:33:15,004 - INFO - 📦 Scrapeando categoría 1/3: Golosinas (páginas: 26)
2026-02-24 19:33:15,704 - INFO -    Página 1/26 -> productos: 24
2026-02-24 19:33:16,013 - INFO -    Página 2/26 -> productos: 24
2026-02-24 19:33:16,360 - INFO -    Página 3/26 -> productos: 24
2026-02-24 19:33:16,810 - INFO -    Página 4/26 -> productos: 24
2026-02-24 19:33:17,138 - INFO -    Página 5/26 -> productos: 24
2026-02-24 19:33:17,448 - INFO -    Página 6/26 -> productos: 24
2026-02-24 19:33:17,824 - INFO -    Página 7/26 -> productos: 24
2026-02-24 19:33:18,161 - INFO -    Página 8/26 -> productos: 24
2026-02-24 19:33:18,486 - INFO -    Página 9/26 -> productos: 24
2026-02-24 19:33:18,812 - INFO -    Página 10/26 -> productos: 24
2026-02-24 19:33:19,053 - INFO -    Página 11/26 -> productos: 24
2026-02-24 19:33:19,293 - INFO -    Página 12/26 -> productos: 24
2026-02-24 19:33:19,682 - INFO -    Página 13/26 -> productos: 24
2026-02-24 19:33:19,999 - INFO -    Página 14/26 -> productos: 24
2026-02-24 19:33:20,281 - INFO -    Página 15/26 -> productos: 24
2026-02-24 19:33:20,710 - INFO -    Página 16/26 -> productos: 24
2026-02-24 19:33:20,948 - INFO -    Página 17/26 -> productos: 24
2026-02-24 19:33:21,296 - INFO -    Página 18/26 -> productos: 24
2026-02-24 19:33:21,739 - INFO -    Página 19/26 -> productos: 24
2026-02-24 19:33:22,019 - INFO -    Página 20/26 -> productos: 24
2026-02-24 19:33:22,327 - INFO -    Página 21/26 -> productos: 24
2026-02-24 19:33:22,721 - INFO -    Página 22/26 -> productos: 24
2026-02-24 19:33:23,017 - INFO -    Página 23/26 -> productos: 24
2026-02-24 19:33:23,318 - INFO -    Página 24/26 -> productos: 24
2026-02-24 19:33:23,744 - INFO -    Página 25/26 -> productos: 24
2026-02-24 19:33:24,006 - INFO -    Página 26/26 -> productos: 18
2026-02-24 19:33:24,006 - INFO - 📦 Scrapeando categoría 2/3: Alfajores (páginas: 6)
2026-02-24 19:33:24,311 - INFO -    Página 1/6 -> productos: 24
2026-02-24 19:33:24,666 - INFO -    Página 2/6 -> productos: 24
2026-02-24 19:33:24,994 - INFO -    Página 3/6 -> productos: 24
2026-02-24 19:33:25,337 - INFO -    Página 4/6 -> productos: 24
2026-02-24 19:33:25,660 - INFO -    Página 5/6 -> productos: 24
2026-02-24 19:33:25,939 - INFO -    Página 6/6 -> productos: 20
2026-02-24 19:33:25,939 - INFO - 📦 Scrapeando categoría 3/3: Chocolates (páginas: 8)
2026-02-24 19:33:26,347 - INFO -    Página 1/8 -> productos: 24
2026-02-24 19:33:26,659 - INFO -    Página 2/8 -> productos: 24
2026-02-24 19:33:26,993 - INFO -    Página 3/8 -> productos: 24
2026-02-24 19:33:27,286 - INFO -    Página 4/8 -> productos: 24
2026-02-24 19:33:27,598 - INFO -    Página 5/8 -> productos: 24
2026-02-24 19:33:28,047 - INFO -    Página 6/8 -> productos: 24
2026-02-24 19:33:28,393 - INFO -    Página 7/8 -> productos: 24
2026-02-24 19:33:28,661 - INFO -    Página 8/8 -> productos: 18
2026-02-24 19:33:28,666 - INFO - ✅ Productos guardados en: Coto\productos_nombre_precio.json
