2026-02-24 18:54:06,292 - INFO - ***************************************************
2026-02-24 18:54:06,292 - INFO - Procesando 1/100 -> Golosinas
2026-02-24 18:54:06,922 - INFO - ✅ Golosinas: 26 páginas
2026-02-24 18:54:06,923 - INFO - ***************************************************
2026-02-24 18:54:06,923 - INFO - Procesando 2/100 -> Alfajores
2026-02-24 18:54:07,160 - INFO - ✅ Alfajores: 6 páginas
2026-02-24 18:54:07,160 - INFO - ***************************************************
2026-02-24 18:54:07,161 - INFO - Procesando 3/100 -> Chocolates
2026-02-24 18:54:07,593 - INFO - ✅ Chocolates: 8 páginas
2026-02-24 18:54:07,593 - INFO - ***************************************************
2026-02-24 18:54:07,593 - INFO - Procesando 4/100 -> Caramelos Y Chupetines
2026-02-24 18:54:07,834 - INFO - ✅ Caramelos Y Chupetines: 5 páginas
2026-02-24 18:54:07,835 - INFO - ***************************************************
2026-02-24 18:54:07,835 - INFO - Procesando 5/100 -> Chicles Y Pastillas
2026-02-24 18:54:08,128 - INFO - ✅ Chicles Y Pastillas: 2 páginas
2026-02-24 18:54:08,128 - INFO - ***************************************************
2026-02-24 18:54:08,128 - INFO - Procesando 6/100 -> Bombones Y Bocaditos
2026-02-24 18:54:08,386 - INFO - ✅ Bombones Y Bocaditos: 2 páginas
2026-02-24 18:54:08,386 - INFO - ***************************************************
2026-02-24 18:54:08,386 - INFO - Procesando 7/100 -> Confituras
2026-02-24 18:54:08,623 - INFO - ✅ Confituras: 1 páginas
2026-02-24 18:54:08,623 - INFO - ***************************************************
2026-02-24 18:54:08,623 - INFO - Procesando 8/100 -> Donas, Rolls Y Bizcochuelos
2026-02-24 18:54:08,930 - INFO - ✅ Donas, Rolls Y Bizcochuelos: 1 páginas
2026-02-24 18:54:08,930 - INFO - ***************************************************
2026-02-24 18:54:08,930 - INFO - Procesando 9/100 -> Gomitas Y Gelatinas
2026-02-24 18:54:09,179 - INFO - ✅ Gomitas Y Gelatinas: 3 páginas
2026-02-24 18:54:09,179 - INFO - ***************************************************
2026-02-24 18:54:09,179 - INFO - Procesando 10/100 -> Malvaviscos
2026-02-24 18:54:09,392 - INFO - ✅ Malvaviscos: 0 páginas
2026-02-24 18:54:09,392 - INFO - ***************************************************
2026-02-24 18:54:09,392 - INFO - Procesando 11/100 -> Obleas, Turrones Y Postres De Maní
2026-02-24 18:54:09,608 - INFO - ✅ Obleas, Turrones Y Postres De Maní: 2 páginas
2026-02-24 18:54:09,608 - INFO - ***************************************************
2026-02-24 18:54:09,608 - INFO - Procesando 12/100 -> Tabletas
2026-02-24 18:54:09,868 - INFO - ✅ Tabletas: 1 páginas
2026-02-24 18:54:09,869 - INFO - ***************************************************
2026-02-24 18:54:09,869 - INFO - Procesando 13/100 -> Panaderia
2026-02-24 18:54:10,299 - INFO - ✅ Panaderia: 44 páginas
2026-02-24 18:54:10,300 - INFO - ***************************************************
2026-02-24 18:54:10,300 - INFO - Procesando 14/100 -> Galletitas
2026-02-24 18:54:10,620 - INFO - ✅ Galletitas: 19 páginas
2026-02-24 18:54:10,620 - INFO - ***************************************************
2026-02-24 18:54:10,620 - INFO - Procesando 15/100 -> Panaderia Propia
2026-02-24 18:54:10,874 - INFO - ✅ Panaderia Propia: 11 páginas
2026-02-24 18:54:10,875 - INFO - ***************************************************
2026-02-24 18:54:10,875 - INFO - Procesando 16/100 -> Panificados
2026-02-24 18:54:11,318 - INFO - ✅ Panificados: 7 páginas
2026-02-24 18:54:11,319 - INFO - ***************************************************
2026-02-24 18:54:11,319 - INFO - Procesando 17/100 -> Galletas, Tostadas Y Grisines
2026-02-24 18:54:11,555 - INFO - ✅ Galletas, Tostadas Y Grisines: 4 páginas
2026-02-24 18:54:11,555 - INFO - ***************************************************
2026-02-24 18:54:11,555 - INFO - Procesando 18/100 -> Bizcochos
2026-02-24 18:54:11,768 - INFO - ✅ Bizcochos: 2 páginas
2026-02-24 18:54:11,768 - INFO - ***************************************************
2026-02-24 18:54:11,768 - INFO - Procesando 19/100 -> Bizcochuelos Y Especialidades
2026-02-24 18:54:12,043 - INFO - ✅ Bizcochuelos Y Especialidades: 2 páginas
2026-02-24 18:54:12,043 - INFO - ***************************************************
2026-02-24 18:54:12,043 - INFO - Procesando 20/100 -> Turrones Y Confituras
2026-02-24 18:54:12,492 - INFO - ✅ Turrones Y Confituras: 1 páginas
2026-02-24 18:54:12,492 - INFO - ***************************************************
2026-02-24 18:54:12,493 - INFO - Procesando 21/100 -> Budines
2026-02-24 18:54:12,780 - INFO - ✅ Budines: 2 páginas
2026-02-24 18:54:12,781 - INFO - ***************************************************
2026-02-24 18:54:12,781 - INFO - Procesando 22/100 -> Pan Dulce
2026-02-24 18:54:12,995 - INFO - ✅ Pan Dulce: 1 páginas
2026-02-24 18:54:12,995 - INFO - ***************************************************
2026-02-24 18:54:12,995 - INFO - Procesando 23/100 -> Snacks
2026-02-24 18:54:13,230 - INFO - ✅ Snacks: 13 páginas
2026-02-24 18:54:13,230 - INFO - ***************************************************
2026-02-24 18:54:13,230 - INFO - Procesando 24/100 -> Papas Fritas
2026-02-24 18:54:13,464 - INFO - ✅ Papas Fritas: 3 páginas
2026-02-24 18:54:13,464 - INFO - ***************************************************
2026-02-24 18:54:13,464 - INFO - Procesando 25/100 -> Bastones De Maiz
2026-02-24 18:54:13,671 - INFO - ✅ Bastones De Maiz: 1 páginas
2026-02-24 18:54:13,671 - INFO - ***************************************************
2026-02-24 18:54:13,671 - INFO - Procesando 26/100 -> Mani
2026-02-24 18:54:13,901 - INFO - ✅ Mani: 2 páginas
2026-02-24 18:54:13,901 - INFO - ***************************************************
2026-02-24 18:54:13,902 - INFO - Procesando 27/100 -> Palitos
2026-02-24 18:54:14,114 - INFO - ✅ Palitos: 1 páginas
2026-02-24 18:54:14,114 - INFO - ***************************************************
2026-02-24 18:54:14,114 - INFO - Procesando 28/100 -> Galletitas Copetin
2026-02-24 18:54:14,357 - INFO - ✅ Galletitas Copetin: 2 páginas
2026-02-24 18:54:14,357 - INFO - ***************************************************
2026-02-24 18:54:14,357 - INFO - Procesando 29/100 -> Maiz Saborizado
2026-02-24 18:54:14,673 - INFO - ✅ Maiz Saborizado: 1 páginas
2026-02-24 18:54:14,673 - INFO - ***************************************************
2026-02-24 18:54:14,673 - INFO - Procesando 30/100 -> Nachos
2026-02-24 18:54:14,908 - INFO - ✅ Nachos: 1 páginas
2026-02-24 18:54:14,908 - INFO - ***************************************************
2026-02-24 18:54:14,908 - INFO - Procesando 31/100 -> Snacks Especiales
2026-02-24 18:54:15,130 - INFO - ✅ Snacks Especiales: 4 páginas
2026-02-24 18:54:15,130 - INFO - ***************************************************
2026-02-24 18:54:15,130 - INFO - Procesando 32/100 -> Cereales
2026-02-24 18:54:15,396 - INFO - ✅ Cereales: 10 páginas
2026-02-24 18:54:15,396 - INFO - ***************************************************
2026-02-24 18:54:15,396 - INFO - Procesando 33/100 -> Cereales Con Azúcar
2026-02-24 18:54:16,056 - INFO - ✅ Cereales Con Azúcar: 2 páginas
2026-02-24 18:54:16,056 - INFO - ***************************************************
2026-02-24 18:54:16,056 - INFO - Procesando 34/100 -> Cereales Infantiles
2026-02-24 18:54:16,375 - INFO - ✅ Cereales Infantiles: 1 páginas
2026-02-24 18:54:16,375 - INFO - ***************************************************
2026-02-24 18:54:16,375 - INFO - Procesando 35/100 -> Break Saludables
2026-02-24 18:54:16,568 - INFO - ✅ Break Saludables: 1 páginas
2026-02-24 18:54:16,568 - INFO - ***************************************************
2026-02-24 18:54:16,568 - INFO - Procesando 36/100 -> Barras De Arroz
2026-02-24 18:54:16,813 - INFO - ✅ Barras De Arroz: 1 páginas
2026-02-24 18:54:16,813 - INFO - ***************************************************
2026-02-24 18:54:16,813 - INFO - Procesando 37/100 -> Cereales De Avena
2026-02-24 18:54:17,053 - INFO - ✅ Cereales De Avena: 1 páginas
2026-02-24 18:54:17,053 - INFO - ***************************************************
2026-02-24 18:54:17,053 - INFO - Procesando 38/100 -> Avena
2026-02-24 18:54:17,370 - INFO - ✅ Avena: 2 páginas
2026-02-24 18:54:17,370 - INFO - ***************************************************
2026-02-24 18:54:17,370 - INFO - Procesando 39/100 -> Barras
2026-02-24 18:54:17,740 - INFO - ✅ Barras: 3 páginas
2026-02-24 18:54:17,741 - INFO - ***************************************************
2026-02-24 18:54:17,741 - INFO - Procesando 40/100 -> Granola
2026-02-24 18:54:17,998 - INFO - ✅ Granola: 1 páginas
2026-02-24 18:54:17,998 - INFO - ***************************************************
2026-02-24 18:54:17,998 - INFO - Procesando 41/100 -> Fitness
2026-02-24 18:54:18,274 - INFO - ✅ Fitness: 0 páginas
2026-02-24 18:54:18,274 - INFO - ***************************************************
2026-02-24 18:54:18,274 - INFO - Procesando 42/100 -> Salvado De Avena
2026-02-24 18:54:18,422 - INFO - ✅ Salvado De Avena: 1 páginas
2026-02-24 18:54:18,422 - INFO - ***************************************************
2026-02-24 18:54:18,422 - INFO - Procesando 43/100 -> Endulzantes
2026-02-24 18:54:18,735 - INFO - ✅ Endulzantes: 5 páginas
2026-02-24 18:54:18,735 - INFO - ***************************************************
2026-02-24 18:54:18,735 - INFO - Procesando 44/100 -> Azúcar
2026-02-24 18:54:19,048 - INFO - ✅ Azúcar: 1 páginas
2026-02-24 18:54:19,048 - INFO - ***************************************************
2026-02-24 18:54:19,048 - INFO - Procesando 45/100 -> Edulcorante
2026-02-24 18:54:19,371 - INFO - ✅ Edulcorante: 4 páginas
2026-02-24 18:54:19,371 - INFO - ***************************************************
2026-02-24 18:54:19,371 - INFO - Procesando 46/100 -> Aderezos Y Salsas
2026-02-24 18:54:19,746 - INFO - ✅ Aderezos Y Salsas: 19 páginas
2026-02-24 18:54:19,746 - INFO - ***************************************************
2026-02-24 18:54:19,746 - INFO - Procesando 47/100 -> Mayonesas
2026-02-24 18:54:20,095 - INFO - ✅ Mayonesas: 4 páginas
2026-02-24 18:54:20,095 - INFO - ***************************************************
2026-02-24 18:54:20,095 - INFO - Procesando 48/100 -> Mostazas
2026-02-24 18:54:20,425 - INFO - ✅ Mostazas: 2 páginas
2026-02-24 18:54:20,428 - INFO - ***************************************************
2026-02-24 18:54:20,428 - INFO - Procesando 49/100 -> Ketchup
2026-02-24 18:54:20,658 - INFO - ✅ Ketchup: 2 páginas
2026-02-24 18:54:20,658 - INFO - ***************************************************
2026-02-24 18:54:20,659 - INFO - Procesando 50/100 -> Salsas Golf
2026-02-24 18:54:20,967 - INFO - ✅ Salsas Golf: 1 páginas
2026-02-24 18:54:20,968 - INFO - ***************************************************
2026-02-24 18:54:20,968 - INFO - Procesando 51/100 -> Aderezo Caesar
2026-02-24 18:54:21,076 - ERROR - ❌ Error en categoría: Aderezo Caesar
2026-02-24 18:54:21,076 - ERROR - Detalle: 500 Server Error: Internal Server Error for url: https://www.cotodigital.com.ar/sitios/cdigi/nuevositio
2026-02-24 18:54:21,076 - INFO - ***************************************************
2026-02-24 18:54:21,076 - INFO - Procesando 52/100 -> Aderezo De Soja
2026-02-24 18:54:21,752 - INFO - ✅ Aderezo De Soja: 2 páginas
2026-02-24 18:54:21,752 - INFO - ***************************************************
2026-02-24 18:54:21,752 - INFO - Procesando 53/100 -> Aderezo Yogur
2026-02-24 18:54:21,991 - INFO - ✅ Aderezo Yogur: 0 páginas
2026-02-24 18:54:21,991 - INFO - ***************************************************
2026-02-24 18:54:21,991 - INFO - Procesando 54/100 -> Aderezo Dkt
2026-02-24 18:54:22,222 - INFO - ✅ Aderezo Dkt: 2 páginas
2026-02-24 18:54:22,222 - INFO - ***************************************************
2026-02-24 18:54:22,222 - INFO - Procesando 55/100 -> Barbacoa
2026-02-24 18:54:22,465 - INFO - ✅ Barbacoa: 2 páginas
2026-02-24 18:54:22,465 - INFO - ***************************************************
2026-02-24 18:54:22,465 - INFO - Procesando 56/100 -> Chimichurri
2026-02-24 18:54:22,791 - INFO - ✅ Chimichurri: 1 páginas
2026-02-24 18:54:22,791 - INFO - ***************************************************
2026-02-24 18:54:22,791 - INFO - Procesando 57/100 -> Salsa Inglesa
2026-02-24 18:54:23,006 - INFO - ✅ Salsa Inglesa: 1 páginas
2026-02-24 18:54:23,006 - INFO - ***************************************************
2026-02-24 18:54:23,007 - INFO - Procesando 58/100 -> Tabasco
2026-02-24 18:54:23,200 - INFO - ✅ Tabasco: 1 páginas
2026-02-24 18:54:23,200 - INFO - ***************************************************
2026-02-24 18:54:23,202 - INFO - Procesando 59/100 -> Condimentos Saborizantes
2026-02-24 18:54:23,472 - INFO - ✅ Condimentos Saborizantes: 2 páginas
2026-02-24 18:54:23,472 - INFO - ***************************************************
2026-02-24 18:54:23,472 - INFO - Procesando 60/100 -> Quesos
2026-02-24 18:54:23,811 - INFO - ✅ Quesos: 1 páginas
2026-02-24 18:54:23,811 - INFO - ***************************************************
2026-02-24 18:54:23,811 - INFO - Procesando 61/100 -> Aderezos Refrigerados
2026-02-24 18:54:24,127 - INFO - ✅ Aderezos Refrigerados: 1 páginas
2026-02-24 18:54:24,128 - INFO - ***************************************************
2026-02-24 18:54:24,128 - INFO - Procesando 62/100 -> Salsa Picante
2026-02-24 18:54:24,328 - INFO - ✅ Salsa Picante: 2 páginas
2026-02-24 18:54:24,328 - INFO - ***************************************************
2026-02-24 18:54:24,328 - INFO - Procesando 63/100 -> Salsa De Ajo
2026-02-24 18:54:24,578 - INFO - ✅ Salsa De Ajo: 1 páginas
2026-02-24 18:54:24,578 - INFO - ***************************************************
2026-02-24 18:54:24,578 - INFO - Procesando 64/100 -> Aderezo Barbacoa
2026-02-24 18:54:24,813 - INFO - ✅ Aderezo Barbacoa: 0 páginas
2026-02-24 18:54:24,813 - INFO - ***************************************************
2026-02-24 18:54:24,814 - INFO - Procesando 65/100 -> Pesto
2026-02-24 18:54:24,988 - INFO - ✅ Pesto: 1 páginas
2026-02-24 18:54:24,988 - INFO - ***************************************************
2026-02-24 18:54:24,988 - INFO - Procesando 66/100 -> Salsa Blanca
2026-02-24 18:54:25,257 - INFO - ✅ Salsa Blanca: 1 páginas
2026-02-24 18:54:25,257 - INFO - ***************************************************
2026-02-24 18:54:25,257 - INFO - Procesando 67/100 -> Salsa Guacamole
2026-02-24 18:54:25,469 - INFO - ✅ Salsa Guacamole: 1 páginas
2026-02-24 18:54:25,469 - INFO - ***************************************************
2026-02-24 18:54:25,469 - INFO - Procesando 68/100 -> Babaganush
2026-02-24 18:54:25,669 - INFO - ✅ Babaganush: 1 páginas
2026-02-24 18:54:25,669 - INFO - ***************************************************
2026-02-24 18:54:25,669 - INFO - Procesando 69/100 -> Coleslaw
2026-02-24 18:54:25,938 - INFO - ✅ Coleslaw: 0 páginas
2026-02-24 18:54:25,938 - INFO - ***************************************************
2026-02-24 18:54:25,938 - INFO - Procesando 70/100 -> Infusiones
2026-02-24 18:54:26,184 - INFO - ✅ Infusiones: 25 páginas
2026-02-24 18:54:26,184 - INFO - ***************************************************
2026-02-24 18:54:26,184 - INFO - Procesando 71/100 -> Café
2026-02-24 18:54:26,472 - INFO - ✅ Café: 8 páginas
2026-02-24 18:54:26,472 - INFO - ***************************************************
2026-02-24 18:54:26,472 - INFO - Procesando 72/100 -> Mate
2026-02-24 18:54:26,827 - INFO - ✅ Mate: 7 páginas
2026-02-24 18:54:26,827 - INFO - ***************************************************
2026-02-24 18:54:26,827 - INFO - Procesando 73/100 -> Té
2026-02-24 18:54:27,157 - INFO - ✅ Té: 9 páginas
2026-02-24 18:54:27,157 - INFO - ***************************************************
2026-02-24 18:54:27,158 - INFO - Procesando 74/100 -> Cacao En Polvo
2026-02-24 18:54:27,395 - INFO - ✅ Cacao En Polvo: 1 páginas
2026-02-24 18:54:27,395 - INFO - ***************************************************
2026-02-24 18:54:27,395 - INFO - Procesando 75/100 -> Mate Cocido
2026-02-24 18:54:27,627 - INFO - ✅ Mate Cocido: 2 páginas
2026-02-24 18:54:27,627 - INFO - ***************************************************
2026-02-24 18:54:27,627 - INFO - Procesando 76/100 -> Complementos Para Infusiones
2026-02-24 18:54:27,868 - INFO - ✅ Complementos Para Infusiones: 1 páginas
2026-02-24 18:54:27,868 - INFO - ***************************************************
2026-02-24 18:54:27,868 - INFO - Procesando 77/100 -> Cebada
2026-02-24 18:54:28,114 - INFO - ✅ Cebada: 1 páginas
2026-02-24 18:54:28,114 - INFO - ***************************************************
2026-02-24 18:54:28,114 - INFO - Procesando 78/100 -> Conservas
2026-02-24 18:54:28,425 - INFO - ✅ Conservas: 7 páginas
2026-02-24 18:54:28,425 - INFO - ***************************************************
2026-02-24 18:54:28,425 - INFO - Procesando 79/100 -> Conservas De Carne
2026-02-24 18:54:28,741 - INFO - ✅ Conservas De Carne: 1 páginas
2026-02-24 18:54:28,741 - INFO - ***************************************************
2026-02-24 18:54:28,741 - INFO - Procesando 80/100 -> Conservas De Frutas
2026-02-24 18:54:28,951 - INFO - ✅ Conservas De Frutas: 1 páginas
2026-02-24 18:54:28,952 - INFO - ***************************************************
2026-02-24 18:54:28,952 - INFO - Procesando 81/100 -> Conservas De Pescado
2026-02-24 18:54:29,223 - INFO - ✅ Conservas De Pescado: 3 páginas
2026-02-24 18:54:29,224 - INFO - ***************************************************
2026-02-24 18:54:29,224 - INFO - Procesando 82/100 -> Conservas Vegetal
2026-02-24 18:54:29,618 - INFO - ✅ Conservas Vegetal: 4 páginas
2026-02-24 18:54:29,618 - INFO - ***************************************************
2026-02-24 18:54:29,618 - INFO - Procesando 83/100 -> Comidas Listas
2026-02-24 18:54:29,866 - INFO - ✅ Comidas Listas: 0 páginas
2026-02-24 18:54:29,866 - INFO - ***************************************************
2026-02-24 18:54:29,866 - INFO - Procesando 84/100 -> Harinas
2026-02-24 18:54:30,087 - INFO - ✅ Harinas: 6 páginas
2026-02-24 18:54:30,087 - INFO - ***************************************************
2026-02-24 18:54:30,087 - INFO - Procesando 85/100 -> Harina De Arroz
2026-02-24 18:54:30,332 - INFO - ✅ Harina De Arroz: 1 páginas
2026-02-24 18:54:30,332 - INFO - ***************************************************
2026-02-24 18:54:30,332 - INFO - Procesando 86/100 -> Harina De Trigo
2026-02-24 18:54:30,657 - INFO - ✅ Harina De Trigo: 1 páginas
2026-02-24 18:54:30,657 - INFO - ***************************************************
2026-02-24 18:54:30,657 - INFO - Procesando 87/100 -> Harina De Maíz
2026-02-24 18:54:30,865 - INFO - ✅ Harina De Maíz: 1 páginas
2026-02-24 18:54:30,865 - INFO - ***************************************************
2026-02-24 18:54:30,865 - INFO - Procesando 88/100 -> Premezcla
2026-02-24 18:54:31,112 - INFO - ✅ Premezcla: 2 páginas
2026-02-24 18:54:31,112 - INFO - ***************************************************
2026-02-24 18:54:31,112 - INFO - Procesando 89/100 -> Sémola
2026-02-24 18:54:31,329 - INFO - ✅ Sémola: 1 páginas
2026-02-24 18:54:31,329 - INFO - ***************************************************
2026-02-24 18:54:31,329 - INFO - Procesando 90/100 -> Harina Orgánica
2026-02-24 18:54:31,508 - INFO - ✅ Harina Orgánica: 1 páginas
2026-02-24 18:54:31,508 - INFO - ***************************************************
2026-02-24 18:54:31,508 - INFO - Procesando 91/100 -> Harina Sin Gluten
2026-02-24 18:54:31,776 - INFO - ✅ Harina Sin Gluten: 1 páginas
2026-02-24 18:54:31,776 - INFO - ***************************************************
2026-02-24 18:54:31,776 - INFO - Procesando 92/100 -> Harina Leudante
2026-02-24 18:54:31,989 - INFO - ✅ Harina Leudante: 1 páginas
2026-02-24 18:54:31,989 - INFO - ***************************************************
2026-02-24 18:54:31,989 - INFO - Procesando 93/100 -> Cous Cous
2026-02-24 18:54:32,195 - INFO - ✅ Cous Cous: 1 páginas
2026-02-24 18:54:32,195 - INFO - ***************************************************
2026-02-24 18:54:32,195 - INFO - Procesando 94/100 -> Garbanzo
2026-02-24 18:54:32,456 - INFO - ✅ Garbanzo: 1 páginas
2026-02-24 18:54:32,456 - INFO - ***************************************************
2026-02-24 18:54:32,456 - INFO - Procesando 95/100 -> Harina Integral
2026-02-24 18:54:32,658 - INFO - ✅ Harina Integral: 1 páginas
2026-02-24 18:54:32,658 - INFO - ***************************************************
2026-02-24 18:54:32,658 - INFO - Procesando 96/100 -> Harina De Legumbres
2026-02-24 18:54:32,904 - INFO - ✅ Harina De Legumbres: 1 páginas
2026-02-24 18:54:32,905 - INFO - ***************************************************
2026-02-24 18:54:32,905 - INFO - Procesando 97/100 -> Harina De Maní
2026-02-24 18:54:33,132 - INFO - ✅ Harina De Maní: 1 páginas
2026-02-24 18:54:33,132 - INFO - ***************************************************
2026-02-24 18:54:33,132 - INFO - Procesando 98/100 -> Harina De Almendras
2026-02-24 18:54:33,353 - INFO - ✅ Harina De Almendras: 1 páginas
2026-02-24 18:54:33,353 - INFO - ***************************************************
2026-02-24 18:54:33,353 - INFO - Procesando 99/100 -> Encurtidos
2026-02-24 18:54:33,588 - INFO - ✅ Encurtidos: 5 páginas
2026-02-24 18:54:33,588 - INFO - ***************************************************
2026-02-24 18:54:33,588 - INFO - Procesando 100/100 -> Aceitunas
2026-02-24 18:54:33,919 - INFO - ✅ Aceitunas: 4 páginas
2026-02-24 18:54:33,922 - INFO - 🗑 Archivo eliminado: Coto\categorias.json ✔
2026-02-24 18:54:33,922 - INFO - 📦 JSON final generado en: Coto\categorias_paginadas.json
