2026-02-24 18:51:02,238 - INFO - ***************************************************
2026-02-24 18:51:02,238 - INFO - Procesando 1/100 -> Golosinas
2026-02-24 18:51:02,737 - INFO - ✅ Golosinas: 26 páginas
2026-02-24 18:51:02,737 - INFO - ***************************************************
2026-02-24 18:51:02,737 - INFO - Procesando 2/100 -> Alfajores
2026-02-24 18:51:02,973 - INFO - ✅ Alfajores: 6 páginas
2026-02-24 18:51:02,973 - INFO - ***************************************************
2026-02-24 18:51:02,973 - INFO - Procesando 3/100 -> Chocolates
2026-02-24 18:51:03,315 - INFO - ✅ Chocolates: 8 páginas
2026-02-24 18:51:03,315 - INFO - ***************************************************
2026-02-24 18:51:03,315 - INFO - Procesando 4/100 -> Caramelos Y Chupetines
2026-02-24 18:51:03,531 - INFO - ✅ Caramelos Y Chupetines: 5 páginas
2026-02-24 18:51:03,531 - INFO - ***************************************************
2026-02-24 18:51:03,531 - INFO - Procesando 5/100 -> Chicles Y Pastillas
2026-02-24 18:51:04,536 - INFO - ✅ Chicles Y Pastillas: 2 páginas
2026-02-24 18:51:04,536 - INFO - ***************************************************
2026-02-24 18:51:04,536 - INFO - Procesando 6/100 -> Bombones Y Bocaditos
2026-02-24 18:51:05,118 - INFO - ✅ Bombones Y Bocaditos: 2 páginas
2026-02-24 18:51:05,118 - INFO - ***************************************************
2026-02-24 18:51:05,118 - INFO - Procesando 7/100 -> Confituras
2026-02-24 18:51:07,134 - INFO - ✅ Confituras: 1 páginas
2026-02-24 18:51:07,134 - INFO - ***************************************************
2026-02-24 18:51:07,134 - INFO - Procesando 8/100 -> Donas, Rolls Y Bizcochuelos
2026-02-24 18:51:07,347 - INFO - ✅ Donas, Rolls Y Bizcochuelos: 1 páginas
2026-02-24 18:51:07,347 - INFO - ***************************************************
2026-02-24 18:51:07,348 - INFO - Procesando 9/100 -> Gomitas Y Gelatinas
2026-02-24 18:51:07,594 - INFO - ✅ Gomitas Y Gelatinas: 3 páginas
2026-02-24 18:51:07,595 - INFO - ***************************************************
2026-02-24 18:51:07,595 - INFO - Procesando 10/100 -> Malvaviscos
2026-02-24 18:51:07,886 - INFO - ✅ Malvaviscos: 0 páginas
2026-02-24 18:51:07,886 - INFO - ***************************************************
2026-02-24 18:51:07,886 - INFO - Procesando 11/100 -> Obleas, Turrones Y Postres De Maní
2026-02-24 18:51:08,151 - INFO - ✅ Obleas, Turrones Y Postres De Maní: 2 páginas
2026-02-24 18:51:08,151 - INFO - ***************************************************
2026-02-24 18:51:08,151 - INFO - Procesando 12/100 -> Tabletas
2026-02-24 18:51:08,367 - INFO - ✅ Tabletas: 1 páginas
2026-02-24 18:51:08,367 - INFO - ***************************************************
2026-02-24 18:51:08,367 - INFO - Procesando 13/100 -> Panaderia
2026-02-24 18:51:08,700 - INFO - ✅ Panaderia: 44 páginas
2026-02-24 18:51:08,701 - INFO - ***************************************************
2026-02-24 18:51:08,701 - INFO - Procesando 14/100 -> Galletitas
2026-02-24 18:51:08,941 - INFO - ✅ Galletitas: 19 páginas
2026-02-24 18:51:08,941 - INFO - ***************************************************
2026-02-24 18:51:08,941 - INFO - Procesando 15/100 -> Panaderia Propia
2026-02-24 18:51:09,278 - INFO - ✅ Panaderia Propia: 11 páginas
2026-02-24 18:51:09,278 - INFO - ***************************************************
2026-02-24 18:51:09,278 - INFO - Procesando 16/100 -> Panificados
2026-02-24 18:51:09,521 - INFO - ✅ Panificados: 7 páginas
2026-02-24 18:51:09,521 - INFO - ***************************************************
2026-02-24 18:51:09,521 - INFO - Procesando 17/100 -> Galletas, Tostadas Y Grisines
2026-02-24 18:51:10,070 - INFO - ✅ Galletas, Tostadas Y Grisines: 4 páginas
2026-02-24 18:51:10,070 - INFO - ***************************************************
2026-02-24 18:51:10,070 - INFO - Procesando 18/100 -> Bizcochos
2026-02-24 18:51:10,405 - INFO - ✅ Bizcochos: 2 páginas
2026-02-24 18:51:10,405 - INFO - ***************************************************
2026-02-24 18:51:10,405 - INFO - Procesando 19/100 -> Bizcochuelos Y Especialidades
2026-02-24 18:51:10,626 - INFO - ✅ Bizcochuelos Y Especialidades: 2 páginas
2026-02-24 18:51:10,626 - INFO - ***************************************************
2026-02-24 18:51:10,626 - INFO - Procesando 20/100 -> Turrones Y Confituras
2026-02-24 18:51:11,061 - INFO - ✅ Turrones Y Confituras: 1 páginas
2026-02-24 18:51:11,061 - INFO - ***************************************************
2026-02-24 18:51:11,061 - INFO - Procesando 21/100 -> Budines
2026-02-24 18:51:11,387 - INFO - ✅ Budines: 2 páginas
2026-02-24 18:51:11,389 - INFO - ***************************************************
2026-02-24 18:51:11,389 - INFO - Procesando 22/100 -> Pan Dulce
2026-02-24 18:51:11,567 - INFO - ✅ Pan Dulce: 1 páginas
2026-02-24 18:51:11,567 - INFO - ***************************************************
2026-02-24 18:51:11,567 - INFO - Procesando 23/100 -> Snacks
2026-02-24 18:51:11,996 - INFO - ✅ Snacks: 13 páginas
2026-02-24 18:51:11,996 - INFO - ***************************************************
2026-02-24 18:51:11,996 - INFO - Procesando 24/100 -> Papas Fritas
2026-02-24 18:51:12,291 - INFO - ✅ Papas Fritas: 3 páginas
2026-02-24 18:51:12,291 - INFO - ***************************************************
2026-02-24 18:51:12,291 - INFO - Procesando 25/100 -> Bastones De Maiz
2026-02-24 18:51:12,522 - INFO - ✅ Bastones De Maiz: 1 páginas
2026-02-24 18:51:12,522 - INFO - ***************************************************
2026-02-24 18:51:12,522 - INFO - Procesando 26/100 -> Mani
2026-02-24 18:51:12,773 - INFO - ✅ Mani: 2 páginas
2026-02-24 18:51:12,773 - INFO - ***************************************************
2026-02-24 18:51:12,773 - INFO - Procesando 27/100 -> Palitos
2026-02-24 18:51:13,110 - INFO - ✅ Palitos: 1 páginas
2026-02-24 18:51:13,110 - INFO - ***************************************************
2026-02-24 18:51:13,111 - INFO - Procesando 28/100 -> Galletitas Copetin
2026-02-24 18:51:13,448 - INFO - ✅ Galletitas Copetin: 2 páginas
2026-02-24 18:51:13,448 - INFO - ***************************************************
2026-02-24 18:51:13,448 - INFO - Procesando 29/100 -> Maiz Saborizado
2026-02-24 18:51:13,690 - INFO - ✅ Maiz Saborizado: 1 páginas
2026-02-24 18:51:13,690 - INFO - ***************************************************
2026-02-24 18:51:13,690 - INFO - Procesando 30/100 -> Nachos
2026-02-24 18:51:14,006 - INFO - ✅ Nachos: 1 páginas
2026-02-24 18:51:14,006 - INFO - ***************************************************
2026-02-24 18:51:14,006 - INFO - Procesando 31/100 -> Snacks Especiales
2026-02-24 18:51:14,219 - INFO - ✅ Snacks Especiales: 4 páginas
2026-02-24 18:51:14,219 - INFO - ***************************************************
2026-02-24 18:51:14,219 - INFO - Procesando 32/100 -> Cereales
2026-02-24 18:51:14,437 - INFO - ✅ Cereales: 10 páginas
2026-02-24 18:51:14,437 - INFO - ***************************************************
2026-02-24 18:51:14,437 - INFO - Procesando 33/100 -> Cereales Con Azúcar
2026-02-24 18:51:14,789 - INFO - ✅ Cereales Con Azúcar: 2 páginas
2026-02-24 18:51:14,789 - INFO - ***************************************************
2026-02-24 18:51:14,789 - INFO - Procesando 34/100 -> Cereales Infantiles
2026-02-24 18:51:15,011 - INFO - ✅ Cereales Infantiles: 1 páginas
2026-02-24 18:51:15,011 - INFO - ***************************************************
2026-02-24 18:51:15,011 - INFO - Procesando 35/100 -> Break Saludables
2026-02-24 18:51:15,231 - INFO - ✅ Break Saludables: 1 páginas
2026-02-24 18:51:15,231 - INFO - ***************************************************
2026-02-24 18:51:15,232 - INFO - Procesando 36/100 -> Barras De Arroz
2026-02-24 18:51:15,773 - INFO - ✅ Barras De Arroz: 1 páginas
2026-02-24 18:51:15,774 - INFO - ***************************************************
2026-02-24 18:51:15,774 - INFO - Procesando 37/100 -> Cereales De Avena
2026-02-24 18:51:16,033 - INFO - ✅ Cereales De Avena: 1 páginas
2026-02-24 18:51:16,033 - INFO - ***************************************************
2026-02-24 18:51:16,033 - INFO - Procesando 38/100 -> Avena
2026-02-24 18:51:16,252 - INFO - ✅ Avena: 2 páginas
2026-02-24 18:51:16,252 - INFO - ***************************************************
2026-02-24 18:51:16,252 - INFO - Procesando 39/100 -> Barras
2026-02-24 18:51:16,671 - INFO - ✅ Barras: 3 páginas
2026-02-24 18:51:16,671 - INFO - ***************************************************
2026-02-24 18:51:16,671 - INFO - Procesando 40/100 -> Granola
2026-02-24 18:51:17,001 - INFO - ✅ Granola: 1 páginas
2026-02-24 18:51:17,002 - INFO - ***************************************************
2026-02-24 18:51:17,002 - INFO - Procesando 41/100 -> Fitness
2026-02-24 18:51:17,168 - INFO - ✅ Fitness: 0 páginas
2026-02-24 18:51:17,168 - INFO - ***************************************************
2026-02-24 18:51:17,168 - INFO - Procesando 42/100 -> Salvado De Avena
2026-02-24 18:51:17,579 - INFO - ✅ Salvado De Avena: 1 páginas
2026-02-24 18:51:17,579 - INFO - ***************************************************
2026-02-24 18:51:17,579 - INFO - Procesando 43/100 -> Endulzantes
2026-02-24 18:51:17,832 - INFO - ✅ Endulzantes: 5 páginas
2026-02-24 18:51:17,832 - INFO - ***************************************************
2026-02-24 18:51:17,833 - INFO - Procesando 44/100 -> Azúcar
2026-02-24 18:51:18,161 - INFO - ✅ Azúcar: 1 páginas
2026-02-24 18:51:18,161 - INFO - ***************************************************
2026-02-24 18:51:18,161 - INFO - Procesando 45/100 -> Edulcorante
2026-02-24 18:51:18,499 - INFO - ✅ Edulcorante: 4 páginas
2026-02-24 18:51:18,499 - INFO - ***************************************************
2026-02-24 18:51:18,499 - INFO - Procesando 46/100 -> Aderezos Y Salsas
2026-02-24 18:51:18,825 - INFO - ✅ Aderezos Y Salsas: 19 páginas
2026-02-24 18:51:18,825 - INFO - ***************************************************
2026-02-24 18:51:18,825 - INFO - Procesando 47/100 -> Mayonesas
2026-02-24 18:51:19,148 - INFO - ✅ Mayonesas: 4 páginas
2026-02-24 18:51:19,148 - INFO - ***************************************************
2026-02-24 18:51:19,149 - INFO - Procesando 48/100 -> Mostazas
2026-02-24 18:51:19,401 - INFO - ✅ Mostazas: 2 páginas
2026-02-24 18:51:19,401 - INFO - ***************************************************
2026-02-24 18:51:19,401 - INFO - Procesando 49/100 -> Ketchup
2026-02-24 18:51:19,618 - INFO - ✅ Ketchup: 2 páginas
2026-02-24 18:51:19,618 - INFO - ***************************************************
2026-02-24 18:51:19,618 - INFO - Procesando 50/100 -> Salsas Golf
2026-02-24 18:51:19,838 - INFO - ✅ Salsas Golf: 1 páginas
2026-02-24 18:51:19,838 - INFO - ***************************************************
2026-02-24 18:51:19,839 - INFO - Procesando 51/100 -> Aderezo Caesar
2026-02-24 18:51:20,090 - INFO - ✅ Aderezo Caesar: 1 páginas
2026-02-24 18:51:20,090 - INFO - ***************************************************
2026-02-24 18:51:20,090 - INFO - Procesando 52/100 -> Aderezo De Soja
2026-02-24 18:51:20,430 - INFO - ✅ Aderezo De Soja: 2 páginas
2026-02-24 18:51:20,430 - INFO - ***************************************************
2026-02-24 18:51:20,430 - INFO - Procesando 53/100 -> Aderezo Yogur
2026-02-24 18:51:20,740 - INFO - ✅ Aderezo Yogur: 0 páginas
2026-02-24 18:51:20,741 - INFO - ***************************************************
2026-02-24 18:51:20,741 - INFO - Procesando 54/100 -> Aderezo Dkt
2026-02-24 18:51:21,011 - INFO - ✅ Aderezo Dkt: 2 páginas
2026-02-24 18:51:21,011 - INFO - ***************************************************
2026-02-24 18:51:21,011 - INFO - Procesando 55/100 -> Barbacoa
2026-02-24 18:51:21,321 - INFO - ✅ Barbacoa: 2 páginas
2026-02-24 18:51:21,322 - INFO - ***************************************************
2026-02-24 18:51:21,322 - INFO - Procesando 56/100 -> Chimichurri
2026-02-24 18:51:21,620 - INFO - ✅ Chimichurri: 1 páginas
2026-02-24 18:51:21,620 - INFO - ***************************************************
2026-02-24 18:51:21,620 - INFO - Procesando 57/100 -> Salsa Inglesa
2026-02-24 18:51:21,871 - INFO - ✅ Salsa Inglesa: 1 páginas
2026-02-24 18:51:21,871 - INFO - ***************************************************
2026-02-24 18:51:21,871 - INFO - Procesando 58/100 -> Tabasco
2026-02-24 18:51:22,196 - INFO - ✅ Tabasco: 1 páginas
2026-02-24 18:51:22,196 - INFO - ***************************************************
2026-02-24 18:51:22,196 - INFO - Procesando 59/100 -> Condimentos Saborizantes
2026-02-24 18:51:22,446 - INFO - ✅ Condimentos Saborizantes: 2 páginas
2026-02-24 18:51:22,446 - INFO - ***************************************************
2026-02-24 18:51:22,446 - INFO - Procesando 60/100 -> Quesos
2026-02-24 18:51:22,671 - INFO - ✅ Quesos: 1 páginas
2026-02-24 18:51:22,671 - INFO - ***************************************************
2026-02-24 18:51:22,672 - INFO - Procesando 61/100 -> Aderezos Refrigerados
2026-02-24 18:51:22,891 - INFO - ✅ Aderezos Refrigerados: 1 páginas
2026-02-24 18:51:22,892 - INFO - ***************************************************
2026-02-24 18:51:22,892 - INFO - Procesando 62/100 -> Salsa Picante
2026-02-24 18:51:23,113 - INFO - ✅ Salsa Picante: 2 páginas
2026-02-24 18:51:23,113 - INFO - ***************************************************
2026-02-24 18:51:23,113 - INFO - Procesando 63/100 -> Salsa De Ajo
2026-02-24 18:51:23,330 - INFO - ✅ Salsa De Ajo: 1 páginas
2026-02-24 18:51:23,330 - INFO - ***************************************************
2026-02-24 18:51:23,330 - INFO - Procesando 64/100 -> Aderezo Barbacoa
2026-02-24 18:51:23,607 - INFO - ✅ Aderezo Barbacoa: 0 páginas
2026-02-24 18:51:23,607 - INFO - ***************************************************
2026-02-24 18:51:23,607 - INFO - Procesando 65/100 -> Pesto
2026-02-24 18:51:23,873 - INFO - ✅ Pesto: 1 páginas
2026-02-24 18:51:23,873 - INFO - ***************************************************
2026-02-24 18:51:23,873 - INFO - Procesando 66/100 -> Salsa Blanca
2026-02-24 18:51:24,113 - INFO - ✅ Salsa Blanca: 1 páginas
2026-02-24 18:51:24,114 - INFO - ***************************************************
2026-02-24 18:51:24,114 - INFO - Procesando 67/100 -> Salsa Guacamole
2026-02-24 18:51:24,326 - INFO - ✅ Salsa Guacamole: 1 páginas
2026-02-24 18:51:24,326 - INFO - ***************************************************
2026-02-24 18:51:24,326 - INFO - Procesando 68/100 -> Babaganush
2026-02-24 18:51:24,622 - INFO - ✅ Babaganush: 1 páginas
2026-02-24 18:51:24,622 - INFO - ***************************************************
2026-02-24 18:51:24,622 - INFO - Procesando 69/100 -> Coleslaw
2026-02-24 18:51:24,802 - INFO - ✅ Coleslaw: 0 páginas
2026-02-24 18:51:24,802 - INFO - ***************************************************
2026-02-24 18:51:24,802 - INFO - Procesando 70/100 -> Infusiones
2026-02-24 18:51:25,157 - INFO - ✅ Infusiones: 25 páginas
2026-02-24 18:51:25,157 - INFO - ***************************************************
2026-02-24 18:51:25,157 - INFO - Procesando 71/100 -> Café
2026-02-24 18:51:25,473 - INFO - ✅ Café: 8 páginas
2026-02-24 18:51:25,473 - INFO - ***************************************************
2026-02-24 18:51:25,473 - INFO - Procesando 72/100 -> Mate
2026-02-24 18:51:25,851 - INFO - ✅ Mate: 7 páginas
2026-02-24 18:51:25,852 - INFO - ***************************************************
2026-02-24 18:51:25,852 - INFO - Procesando 73/100 -> Té
2026-02-24 18:51:26,175 - INFO - ✅ Té: 9 páginas
2026-02-24 18:51:26,175 - INFO - ***************************************************
2026-02-24 18:51:26,175 - INFO - Procesando 74/100 -> Cacao En Polvo
2026-02-24 18:51:26,372 - INFO - ✅ Cacao En Polvo: 1 páginas
2026-02-24 18:51:26,372 - INFO - ***************************************************
2026-02-24 18:51:26,372 - INFO - Procesando 75/100 -> Mate Cocido
2026-02-24 18:51:26,590 - INFO - ✅ Mate Cocido: 2 páginas
2026-02-24 18:51:26,591 - INFO - ***************************************************
2026-02-24 18:51:26,591 - INFO - Procesando 76/100 -> Complementos Para Infusiones
2026-02-24 18:51:26,837 - INFO - ✅ Complementos Para Infusiones: 1 páginas
2026-02-24 18:51:26,837 - INFO - ***************************************************
2026-02-24 18:51:26,838 - INFO - Procesando 77/100 -> Cebada
2026-02-24 18:51:27,164 - INFO - ✅ Cebada: 1 páginas
2026-02-24 18:51:27,164 - INFO - ***************************************************
2026-02-24 18:51:27,164 - INFO - Procesando 78/100 -> Conservas
2026-02-24 18:51:27,503 - INFO - ✅ Conservas: 7 páginas
2026-02-24 18:51:27,503 - INFO - ***************************************************
2026-02-24 18:51:27,503 - INFO - Procesando 79/100 -> Conservas De Carne
2026-02-24 18:51:27,706 - INFO - ✅ Conservas De Carne: 1 páginas
2026-02-24 18:51:27,706 - INFO - ***************************************************
2026-02-24 18:51:27,706 - INFO - Procesando 80/100 -> Conservas De Frutas
2026-02-24 18:51:28,081 - INFO - ✅ Conservas De Frutas: 1 páginas
2026-02-24 18:51:28,081 - INFO - ***************************************************
2026-02-24 18:51:28,081 - INFO - Procesando 81/100 -> Conservas De Pescado
2026-02-24 18:51:28,413 - INFO - ✅ Conservas De Pescado: 3 páginas
2026-02-24 18:51:28,413 - INFO - ***************************************************
2026-02-24 18:51:28,413 - INFO - Procesando 82/100 -> Conservas Vegetal
2026-02-24 18:51:28,637 - INFO - ✅ Conservas Vegetal: 4 páginas
2026-02-24 18:51:28,637 - INFO - ***************************************************
2026-02-24 18:51:28,637 - INFO - Procesando 83/100 -> Comidas Listas
2026-02-24 18:51:28,976 - INFO - ✅ Comidas Listas: 0 páginas
2026-02-24 18:51:28,976 - INFO - ***************************************************
2026-02-24 18:51:28,976 - INFO - Procesando 84/100 -> Harinas
2026-02-24 18:51:29,199 - INFO - ✅ Harinas: 6 páginas
2026-02-24 18:51:29,199 - INFO - ***************************************************
2026-02-24 18:51:29,199 - INFO - Procesando 85/100 -> Harina De Arroz
2026-02-24 18:51:29,406 - INFO - ✅ Harina De Arroz: 1 páginas
2026-02-24 18:51:29,406 - INFO - ***************************************************
2026-02-24 18:51:29,406 - INFO - Procesando 86/100 -> Harina De Trigo
2026-02-24 18:51:29,651 - INFO - ✅ Harina De Trigo: 1 páginas
2026-02-24 18:51:29,651 - INFO - ***************************************************
2026-02-24 18:51:29,651 - INFO - Procesando 87/100 -> Harina De Maíz
2026-02-24 18:51:29,982 - INFO - ✅ Harina De Maíz: 1 páginas
2026-02-24 18:51:29,982 - INFO - ***************************************************
2026-02-24 18:51:29,982 - INFO - Procesando 88/100 -> Premezcla
2026-02-24 18:51:30,315 - INFO - ✅ Premezcla: 2 páginas
2026-02-24 18:51:30,315 - INFO - ***************************************************
2026-02-24 18:51:30,315 - INFO - Procesando 89/100 -> Sémola
2026-02-24 18:51:30,548 - INFO - ✅ Sémola: 1 páginas
2026-02-24 18:51:30,548 - INFO - ***************************************************
2026-02-24 18:51:30,548 - INFO - Procesando 90/100 -> Harina Orgánica
2026-02-24 18:51:30,895 - INFO - ✅ Harina Orgánica: 1 páginas
2026-02-24 18:51:30,895 - INFO - ***************************************************
2026-02-24 18:51:30,895 - INFO - Procesando 91/100 -> Harina Sin Gluten
2026-02-24 18:51:31,092 - INFO - ✅ Harina Sin Gluten: 1 páginas
2026-02-24 18:51:31,092 - INFO - ***************************************************
2026-02-24 18:51:31,092 - INFO - Procesando 92/100 -> Harina Leudante
2026-02-24 18:51:31,331 - INFO - ✅ Harina Leudante: 1 páginas
2026-02-24 18:51:31,331 - INFO - ***************************************************
2026-02-24 18:51:31,331 - INFO - Procesando 93/100 -> Cous Cous
2026-02-24 18:51:31,555 - INFO - ✅ Cous Cous: 1 páginas
2026-02-24 18:51:31,555 - INFO - ***************************************************
2026-02-24 18:51:31,555 - INFO - Procesando 94/100 -> Garbanzo
2026-02-24 18:51:31,756 - INFO - ✅ Garbanzo: 1 páginas
2026-02-24 18:51:31,758 - INFO - ***************************************************
2026-02-24 18:51:31,758 - INFO - Procesando 95/100 -> Harina Integral
2026-02-24 18:51:32,002 - INFO - ✅ Harina Integral: 1 páginas
2026-02-24 18:51:32,002 - INFO - ***************************************************
2026-02-24 18:51:32,002 - INFO - Procesando 96/100 -> Harina De Legumbres
2026-02-24 18:51:32,220 - INFO - ✅ Harina De Legumbres: 1 páginas
2026-02-24 18:51:32,220 - INFO - ***************************************************
2026-02-24 18:51:32,220 - INFO - Procesando 97/100 -> Harina De Maní
2026-02-24 18:51:32,441 - INFO - ✅ Harina De Maní: 1 páginas
2026-02-24 18:51:32,442 - INFO - ***************************************************
2026-02-24 18:51:32,442 - INFO - Procesando 98/100 -> Harina De Almendras
2026-02-24 18:51:32,670 - INFO - ✅ Harina De Almendras: 1 páginas
2026-02-24 18:51:32,670 - INFO - ***************************************************
2026-02-24 18:51:32,670 - INFO - Procesando 99/100 -> Encurtidos
2026-02-24 18:51:32,912 - INFO - ✅ Encurtidos: 5 páginas
2026-02-24 18:51:32,912 - INFO - ***************************************************
2026-02-24 18:51:32,912 - INFO - Procesando 100/100 -> Aceitunas
2026-02-24 18:51:33,219 - INFO - 🗑 Archivo eliminado: Coto\categorias.json ✔
2026-02-24 18:51:33,219 - INFO - 📦 JSON final generado en: Coto\categorias_paginadas.json
