2026-02-24 18:49:18,175 - INFO - ****************************
2026-02-24 18:49:18,175 - INFO - Procesando 1/10 -> Golosinas
2026-02-24 18:49:18,767 - INFO - ✅ Golosinas: 26 páginas
2026-02-24 18:49:18,767 - INFO - ****************************
2026-02-24 18:49:18,767 - INFO - Procesando 2/10 -> Alfajores
2026-02-24 18:49:19,003 - INFO - ✅ Alfajores: 6 páginas
2026-02-24 18:49:19,003 - INFO - ****************************
2026-02-24 18:49:19,003 - INFO - Procesando 3/10 -> Chocolates
2026-02-24 18:49:19,307 - INFO - ✅ Chocolates: 8 páginas
2026-02-24 18:49:19,307 - INFO - ****************************
2026-02-24 18:49:19,308 - INFO - Procesando 4/10 -> Caramelos Y Chupetines
2026-02-24 18:49:19,588 - INFO - ✅ Caramelos Y Chupetines: 5 páginas
2026-02-24 18:49:19,588 - INFO - ****************************
2026-02-24 18:49:19,588 - INFO - Procesando 5/10 -> Chicles Y Pastillas
2026-02-24 18:49:19,819 - INFO - ✅ Chicles Y Pastillas: 2 páginas
2026-02-24 18:49:19,819 - INFO - ****************************
2026-02-24 18:49:19,819 - INFO - Procesando 6/10 -> Bombones Y Bocaditos
2026-02-24 18:49:21,153 - INFO - ✅ Bombones Y Bocaditos: 2 páginas
2026-02-24 18:49:21,153 - INFO - ****************************
2026-02-24 18:49:21,153 - INFO - Procesando 7/10 -> Confituras
2026-02-24 18:49:23,859 - INFO - ✅ Confituras: 1 páginas
2026-02-24 18:49:23,859 - INFO - ****************************
2026-02-24 18:49:23,859 - INFO - Procesando 8/10 -> Donas, Rolls Y Bizcochuelos
2026-02-24 18:49:24,011 - INFO - ✅ Donas, Rolls Y Bizcochuelos: 1 páginas
2026-02-24 18:49:24,012 - INFO - ****************************
2026-02-24 18:49:24,012 - INFO - Procesando 9/10 -> Gomitas Y Gelatinas
2026-02-24 18:49:24,414 - INFO - ✅ Gomitas Y Gelatinas: 3 páginas
2026-02-24 18:49:24,414 - INFO - ****************************
2026-02-24 18:49:24,414 - INFO - Procesando 10/10 -> Malvaviscos
2026-02-24 18:49:24,636 - INFO - ✅ Malvaviscos: 0 páginas
2026-02-24 18:49:24,637 - INFO - 🗑 Archivo eliminado: Coto\categorias.json ✔
2026-02-24 18:49:24,637 - INFO - 📦 JSON final generado en: Coto\categorias_paginadas.json
2026-02-24 18:49:42,782 - INFO - ***************************************************
2026-02-24 18:49:42,782 - INFO - Procesando 1/10 -> Golosinas
2026-02-24 18:49:43,527 - INFO - ✅ Golosinas: 26 páginas
2026-02-24 18:49:43,527 - INFO - ***************************************************
2026-02-24 18:49:43,527 - INFO - Procesando 2/10 -> Alfajores
2026-02-24 18:49:43,859 - INFO - ✅ Alfajores: 6 páginas
2026-02-24 18:49:43,859 - INFO - ***************************************************
2026-02-24 18:49:43,859 - INFO - Procesando 3/10 -> Chocolates
2026-02-24 18:49:44,323 - INFO - ✅ Chocolates: 8 páginas
2026-02-24 18:49:44,323 - INFO - ***************************************************
2026-02-24 18:49:44,323 - INFO - Procesando 4/10 -> Caramelos Y Chupetines
2026-02-24 18:49:44,676 - INFO - ✅ Caramelos Y Chupetines: 5 páginas
2026-02-24 18:49:44,676 - INFO - ***************************************************
2026-02-24 18:49:44,676 - INFO - Procesando 5/10 -> Chicles Y Pastillas
2026-02-24 18:49:45,073 - INFO - ✅ Chicles Y Pastillas: 2 páginas
2026-02-24 18:49:45,073 - INFO - ***************************************************
2026-02-24 18:49:45,073 - INFO - Procesando 6/10 -> Bombones Y Bocaditos
2026-02-24 18:49:45,509 - INFO - ✅ Bombones Y Bocaditos: 2 páginas
2026-02-24 18:49:45,509 - INFO - ***************************************************
2026-02-24 18:49:45,509 - INFO - Procesando 7/10 -> Confituras
2026-02-24 18:49:45,793 - INFO - ✅ Confituras: 1 páginas
2026-02-24 18:49:45,793 - INFO - ***************************************************
2026-02-24 18:49:45,793 - INFO - Procesando 8/10 -> Donas, Rolls Y Bizcochuelos
2026-02-24 18:49:46,111 - INFO - ✅ Donas, Rolls Y Bizcochuelos: 1 páginas
2026-02-24 18:49:46,111 - INFO - ***************************************************
2026-02-24 18:49:46,111 - INFO - Procesando 9/10 -> Gomitas Y Gelatinas
2026-02-24 18:49:46,577 - INFO - ✅ Gomitas Y Gelatinas: 3 páginas
2026-02-24 18:49:46,577 - INFO - ***************************************************
2026-02-24 18:49:46,577 - INFO - Procesando 10/10 -> Malvaviscos
2026-02-24 18:49:46,901 - INFO - ✅ Malvaviscos: 0 páginas
2026-02-24 18:49:46,902 - INFO - 🗑 Archivo eliminado: Coto\categorias.json ✔
2026-02-24 18:49:46,903 - INFO - 📦 JSON final generado en: Coto\categorias_paginadas.json
