2026-02-24 23:25:14,868 - INFO - ***************************************************
2026-02-24 23:25:14,868 - INFO - Procesando 1/3 -> Golosinas
2026-02-24 23:25:15,501 - INFO - ✅ Golosinas: 26 páginas
2026-02-24 23:25:15,502 - INFO - ***************************************************
2026-02-24 23:25:15,502 - INFO - Procesando 2/3 -> Alfajores
2026-02-24 23:25:15,792 - INFO - ✅ Alfajores: 6 páginas
2026-02-24 23:25:15,792 - INFO - ***************************************************
2026-02-24 23:25:15,792 - INFO - Procesando 3/3 -> Chocolates
2026-02-24 23:25:16,035 - INFO - ✅ Chocolates: 8 páginas
2026-02-24 23:25:16,045 - INFO - 🗑 Archivo eliminado: Coto\categorias.json ✔
2026-02-24 23:25:16,045 - INFO - 📦 JSON final generado en: Coto\categorias_paginadas.json
2026-02-24 23:25:16,045 - INFO - 📌 Lista resumida creada: 3 categorías con URLs
2026-02-24 23:25:16,046 - INFO - 📦 Scrapeando categoría 1/3: Golosinas (páginas: 26)
2026-02-24 23:25:16,592 - INFO -    Página 1/26 -> productos: 24
2026-02-24 23:25:16,848 - INFO -    Página 2/26 -> productos: 24
2026-02-24 23:25:17,113 - INFO -    Página 3/26 -> productos: 24
2026-02-24 23:25:17,359 - INFO -    Página 4/26 -> productos: 24
2026-02-24 23:25:17,570 - INFO -    Página 5/26 -> productos: 24
2026-02-24 23:25:17,855 - INFO -    Página 6/26 -> productos: 24
2026-02-24 23:25:18,079 - INFO -    Página 7/26 -> productos: 24
2026-02-24 23:25:18,334 - INFO -    Página 8/26 -> productos: 24
2026-02-24 23:25:18,604 - INFO -    Página 9/26 -> productos: 24
2026-02-24 23:25:18,827 - INFO -    Página 10/26 -> productos: 24
2026-02-24 23:25:19,201 - INFO -    Página 11/26 -> productos: 24
2026-02-24 23:25:19,468 - INFO -    Página 12/26 -> productos: 24
2026-02-24 23:25:19,724 - INFO -    Página 13/26 -> productos: 24
2026-02-24 23:25:20,042 - INFO -    Página 14/26 -> productos: 24
2026-02-24 23:25:20,300 - INFO -    Página 15/26 -> productos: 24
2026-02-24 23:25:20,535 - INFO -    Página 16/26 -> productos: 24
2026-02-24 23:25:20,774 - INFO -    Página 17/26 -> productos: 24
2026-02-24 23:25:21,068 - INFO -    Página 18/26 -> productos: 24
2026-02-24 23:25:21,356 - INFO -    Página 19/26 -> productos: 24
2026-02-24 23:25:21,660 - INFO -    Página 20/26 -> productos: 24
2026-02-24 23:25:21,889 - INFO -    Página 21/26 -> productos: 24
2026-02-24 23:25:22,139 - INFO -    Página 22/26 -> productos: 24
2026-02-24 23:25:22,373 - INFO -    Página 23/26 -> productos: 24
2026-02-24 23:25:22,639 - INFO -    Página 24/26 -> productos: 24
2026-02-24 23:25:22,876 - INFO -    Página 25/26 -> productos: 24
2026-02-24 23:25:23,164 - INFO -    Página 26/26 -> productos: 18
2026-02-24 23:25:23,164 - INFO - 📦 Scrapeando categoría 2/3: Alfajores (páginas: 6)
2026-02-24 23:25:23,458 - INFO -    Página 1/6 -> productos: 24
2026-02-24 23:25:23,722 - INFO -    Página 2/6 -> productos: 24
2026-02-24 23:25:23,948 - INFO -    Página 3/6 -> productos: 24
2026-02-24 23:25:24,227 - INFO -    Página 4/6 -> productos: 24
2026-02-24 23:25:24,459 - INFO -    Página 5/6 -> productos: 24
2026-02-24 23:25:24,722 - INFO -    Página 6/6 -> productos: 20
2026-02-24 23:25:24,722 - INFO - 📦 Scrapeando categoría 3/3: Chocolates (páginas: 8)
2026-02-24 23:25:24,961 - INFO -    Página 1/8 -> productos: 24
2026-02-24 23:25:25,223 - INFO -    Página 2/8 -> productos: 24
2026-02-24 23:25:25,570 - INFO -    Página 3/8 -> productos: 24
2026-02-24 23:25:25,828 - INFO -    Página 4/8 -> productos: 24
2026-02-24 23:25:26,141 - INFO -    Página 5/8 -> productos: 24
2026-02-24 23:25:26,395 - INFO -    Página 6/8 -> productos: 24
2026-02-24 23:25:26,717 - INFO -    Página 7/8 -> productos: 24
2026-02-24 23:25:27,013 - INFO -    Página 8/8 -> productos: 18
2026-02-24 23:25:27,024 - INFO - ✅ Productos guardados en: Coto\productos_nombre_precio.json
