2026-02-24 19:45:18,799 - INFO - ***************************************************
2026-02-24 19:45:18,799 - INFO - Procesando 1/3 -> Golosinas
2026-02-24 19:45:19,445 - INFO - ✅ Golosinas: 26 páginas
2026-02-24 19:45:19,445 - INFO - ***************************************************
2026-02-24 19:45:19,445 - INFO - Procesando 2/3 -> Alfajores
2026-02-24 19:45:19,752 - INFO - ✅ Alfajores: 6 páginas
2026-02-24 19:45:19,752 - INFO - ***************************************************
2026-02-24 19:45:19,752 - INFO - Procesando 3/3 -> Chocolates
2026-02-24 19:45:20,082 - INFO - ✅ Chocolates: 8 páginas
2026-02-24 19:45:20,088 - INFO - 🗑 Archivo eliminado: Coto\categorias.json ✔
2026-02-24 19:45:20,088 - INFO - 📦 JSON final generado en: Coto\categorias_paginadas.json
2026-02-24 19:45:20,089 - INFO - 📌 Lista resumida creada: 3 categorías con URLs
2026-02-24 19:45:20,089 - INFO - 📦 Scrapeando categoría 1/3: Golosinas (páginas: 26)
2026-02-24 19:45:20,669 - INFO -    Página 1/26 -> productos: 24
2026-02-24 19:45:21,091 - INFO -    Página 2/26 -> productos: 24
2026-02-24 19:45:21,325 - INFO -    Página 3/26 -> productos: 24
2026-02-24 19:45:21,559 - INFO -    Página 4/26 -> productos: 24
2026-02-24 19:45:21,887 - INFO -    Página 5/26 -> productos: 24
2026-02-24 19:45:22,237 - INFO -    Página 6/26 -> productos: 24
2026-02-24 19:45:22,446 - INFO -    Página 7/26 -> productos: 24
2026-02-24 19:45:22,761 - INFO -    Página 8/26 -> productos: 24
2026-02-24 19:45:23,427 - INFO -    Página 9/26 -> productos: 24
2026-02-24 19:45:23,768 - INFO -    Página 10/26 -> productos: 24
2026-02-24 19:45:24,115 - INFO -    Página 11/26 -> productos: 24
2026-02-24 19:45:24,352 - INFO -    Página 12/26 -> productos: 24
2026-02-24 19:45:24,700 - INFO -    Página 13/26 -> productos: 24
2026-02-24 19:45:25,141 - INFO -    Página 14/26 -> productos: 24
2026-02-24 19:45:25,462 - INFO -    Página 15/26 -> productos: 24
2026-02-24 19:45:25,690 - INFO -    Página 16/26 -> productos: 24
2026-02-24 19:45:26,141 - INFO -    Página 17/26 -> productos: 24
2026-02-24 19:45:26,409 - INFO -    Página 18/26 -> productos: 24
2026-02-24 19:45:26,717 - INFO -    Página 19/26 -> productos: 24
2026-02-24 19:45:27,058 - INFO -    Página 20/26 -> productos: 24
2026-02-24 19:45:27,274 - INFO -    Página 21/26 -> productos: 24
2026-02-24 19:45:27,546 - INFO -    Página 22/26 -> productos: 24
2026-02-24 19:45:27,846 - INFO -    Página 23/26 -> productos: 24
2026-02-24 19:45:28,069 - INFO -    Página 24/26 -> productos: 24
2026-02-24 19:45:28,376 - INFO -    Página 25/26 -> productos: 24
2026-02-24 19:45:28,596 - INFO -    Página 26/26 -> productos: 18
2026-02-24 19:45:28,596 - INFO - 📦 Scrapeando categoría 2/3: Alfajores (páginas: 6)
2026-02-24 19:45:28,863 - INFO -    Página 1/6 -> productos: 24
2026-02-24 19:45:29,217 - INFO -    Página 2/6 -> productos: 24
2026-02-24 19:45:29,752 - INFO -    Página 3/6 -> productos: 24
2026-02-24 19:45:30,091 - INFO -    Página 4/6 -> productos: 24
2026-02-24 19:45:30,307 - INFO -    Página 5/6 -> productos: 24
2026-02-24 19:45:30,522 - INFO -    Página 6/6 -> productos: 20
2026-02-24 19:45:30,522 - INFO - 📦 Scrapeando categoría 3/3: Chocolates (páginas: 8)
2026-02-24 19:45:30,749 - INFO -    Página 1/8 -> productos: 24
2026-02-24 19:45:31,001 - INFO -    Página 2/8 -> productos: 24
2026-02-24 19:45:31,299 - INFO -    Página 3/8 -> productos: 24
2026-02-24 19:45:31,560 - INFO -    Página 4/8 -> productos: 24
2026-02-24 19:45:31,797 - INFO -    Página 5/8 -> productos: 24
2026-02-24 19:45:32,206 - INFO -    Página 6/8 -> productos: 24
2026-02-24 19:45:32,440 - INFO -    Página 7/8 -> productos: 24
2026-02-24 19:45:32,782 - INFO -    Página 8/8 -> productos: 18
2026-02-24 19:45:32,791 - INFO - ✅ Productos guardados en: Coto\productos_nombre_precio.json
