2026-02-24 19:49:23,893 - INFO - ***************************************************
2026-02-24 19:49:23,893 - INFO - Procesando 1/3 -> Golosinas
2026-02-24 19:49:24,718 - INFO - ✅ Golosinas: 26 páginas
2026-02-24 19:49:24,718 - INFO - ***************************************************
2026-02-24 19:49:24,718 - INFO - Procesando 2/3 -> Alfajores
2026-02-24 19:49:24,998 - INFO - ✅ Alfajores: 6 páginas
2026-02-24 19:49:24,998 - INFO - ***************************************************
2026-02-24 19:49:24,999 - INFO - Procesando 3/3 -> Chocolates
2026-02-24 19:49:25,444 - INFO - ✅ Chocolates: 8 páginas
2026-02-24 19:49:25,446 - INFO - 🗑 Archivo eliminado: Coto\categorias.json ✔
2026-02-24 19:49:25,446 - INFO - 📦 JSON final generado en: Coto\categorias_paginadas.json
2026-02-24 19:49:25,446 - INFO - 📌 Lista resumida creada: 3 categorías con URLs
2026-02-24 19:49:25,446 - INFO - 📦 Scrapeando categoría 1/3: Golosinas (páginas: 26)
2026-02-24 19:49:26,200 - INFO -    Página 1/26 -> productos: 24
2026-02-24 19:49:26,582 - INFO -    Página 2/26 -> productos: 24
2026-02-24 19:49:26,988 - INFO -    Página 3/26 -> productos: 24
2026-02-24 19:49:27,354 - INFO -    Página 4/26 -> productos: 24
2026-02-24 19:49:27,692 - INFO -    Página 5/26 -> productos: 24
2026-02-24 19:49:28,079 - INFO -    Página 6/26 -> productos: 24
2026-02-24 19:49:28,457 - INFO -    Página 7/26 -> productos: 24
2026-02-24 19:49:28,749 - INFO -    Página 8/26 -> productos: 24
2026-02-24 19:49:29,130 - INFO -    Página 9/26 -> productos: 24
2026-02-24 19:49:29,489 - INFO -    Página 10/26 -> productos: 24
2026-02-24 19:49:29,853 - INFO -    Página 11/26 -> productos: 24
2026-02-24 19:49:30,228 - INFO -    Página 12/26 -> productos: 24
2026-02-24 19:49:30,579 - INFO -    Página 13/26 -> productos: 24
2026-02-24 19:49:30,936 - INFO -    Página 14/26 -> productos: 24
2026-02-24 19:49:31,282 - INFO -    Página 15/26 -> productos: 24
2026-02-24 19:49:31,690 - INFO -    Página 16/26 -> productos: 24
2026-02-24 19:49:32,084 - INFO -    Página 17/26 -> productos: 24
2026-02-24 19:49:32,462 - INFO -    Página 18/26 -> productos: 24
2026-02-24 19:49:32,846 - INFO -    Página 19/26 -> productos: 24
2026-02-24 19:49:33,187 - INFO -    Página 20/26 -> productos: 24
2026-02-24 19:49:33,533 - INFO -    Página 21/26 -> productos: 24
2026-02-24 19:49:33,853 - INFO -    Página 22/26 -> productos: 24
2026-02-24 19:49:34,234 - INFO -    Página 23/26 -> productos: 24
2026-02-24 19:49:34,665 - INFO -    Página 24/26 -> productos: 24
2026-02-24 19:49:35,084 - INFO -    Página 25/26 -> productos: 24
2026-02-24 19:49:35,333 - INFO -    Página 26/26 -> productos: 18
2026-02-24 19:49:35,333 - INFO - 📦 Scrapeando categoría 2/3: Alfajores (páginas: 6)
2026-02-24 19:49:35,671 - INFO -    Página 1/6 -> productos: 24
2026-02-24 19:49:35,986 - INFO -    Página 2/6 -> productos: 24
2026-02-24 19:49:36,299 - INFO -    Página 3/6 -> productos: 24
2026-02-24 19:49:36,692 - INFO -    Página 4/6 -> productos: 24
2026-02-24 19:49:37,117 - INFO -    Página 5/6 -> productos: 24
2026-02-24 19:49:37,463 - INFO -    Página 6/6 -> productos: 20
2026-02-24 19:49:37,463 - INFO - 📦 Scrapeando categoría 3/3: Chocolates (páginas: 8)
2026-02-24 19:49:37,892 - INFO -    Página 1/8 -> productos: 24
2026-02-24 19:49:38,374 - INFO -    Página 2/8 -> productos: 24
2026-02-24 19:49:38,786 - INFO -    Página 3/8 -> productos: 24
2026-02-24 19:49:39,159 - INFO -    Página 4/8 -> productos: 24
2026-02-24 19:49:39,489 - INFO -    Página 5/8 -> productos: 24
2026-02-24 19:49:39,791 - INFO -    Página 6/8 -> productos: 24
2026-02-24 19:49:40,219 - INFO -    Página 7/8 -> productos: 24
2026-02-24 19:49:40,627 - INFO -    Página 8/8 -> productos: 18
2026-02-24 19:49:40,636 - INFO - ✅ Productos guardados en: Coto\productos_nombre_precio.json
