2026-02-26 15:14:40,713 - INFO - ***************************************************
2026-02-26 15:14:40,714 - INFO - Procesando 1/3 -> Golosinas
2026-02-26 15:14:41,231 - INFO - ✅ Golosinas: 26 páginas
2026-02-26 15:14:41,231 - INFO - ***************************************************
2026-02-26 15:14:41,231 - INFO - Procesando 2/3 -> Alfajores
2026-02-26 15:14:41,518 - INFO - ✅ Alfajores: 6 páginas
2026-02-26 15:14:41,518 - INFO - ***************************************************
2026-02-26 15:14:41,518 - INFO - Procesando 3/3 -> Chocolates
2026-02-26 15:14:41,822 - INFO - ✅ Chocolates: 8 páginas
2026-02-26 15:14:41,828 - INFO - 🗑 Archivo eliminado: Coto\categorias.json ✔
2026-02-26 15:14:41,828 - INFO - 📦 JSON final generado en: Coto\categorias_paginadas.json
2026-02-26 15:14:41,828 - INFO - 📌 Lista resumida creada: 3 categorías con URLs
2026-02-26 15:14:41,828 - INFO - 📦 Scrapeando categoría 1/3: Golosinas (páginas: 26)
2026-02-26 15:14:42,304 - INFO -    Página 1/26 -> productos: 24
2026-02-26 15:14:42,549 - INFO -    Página 2/26 -> productos: 24
2026-02-26 15:14:42,817 - INFO -    Página 3/26 -> productos: 24
2026-02-26 15:14:43,121 - INFO -    Página 4/26 -> productos: 24
2026-02-26 15:14:43,358 - INFO -    Página 5/26 -> productos: 24
2026-02-26 15:14:43,687 - INFO -    Página 6/26 -> productos: 24
2026-02-26 15:14:43,931 - INFO -    Página 7/26 -> productos: 24
2026-02-26 15:14:44,158 - INFO -    Página 8/26 -> productos: 24
2026-02-26 15:14:44,390 - INFO -    Página 9/26 -> productos: 24
2026-02-26 15:14:44,626 - INFO -    Página 10/26 -> productos: 24
2026-02-26 15:14:44,846 - INFO -    Página 11/26 -> productos: 24
2026-02-26 15:14:45,050 - INFO -    Página 12/26 -> productos: 24
2026-02-26 15:14:45,262 - INFO -    Página 13/26 -> productos: 24
2026-02-26 15:14:45,485 - INFO -    Página 14/26 -> productos: 24
2026-02-26 15:14:45,707 - INFO -    Página 15/26 -> productos: 24
2026-02-26 15:14:45,970 - INFO -    Página 16/26 -> productos: 24
2026-02-26 15:14:46,214 - INFO -    Página 17/26 -> productos: 24
2026-02-26 15:14:46,426 - INFO -    Página 18/26 -> productos: 24
2026-02-26 15:14:46,668 - INFO -    Página 19/26 -> productos: 24
2026-02-26 15:14:46,908 - INFO -    Página 20/26 -> productos: 24
2026-02-26 15:14:47,143 - INFO -    Página 21/26 -> productos: 24
2026-02-26 15:14:47,391 - INFO -    Página 22/26 -> productos: 24
2026-02-26 15:14:47,630 - INFO -    Página 23/26 -> productos: 24
2026-02-26 15:14:47,862 - INFO -    Página 24/26 -> productos: 24
2026-02-26 15:14:48,105 - INFO -    Página 25/26 -> productos: 24
2026-02-26 15:14:48,369 - INFO -    Página 26/26 -> productos: 17
2026-02-26 15:14:48,369 - INFO - 📦 Scrapeando categoría 2/3: Alfajores (páginas: 6)
2026-02-26 15:14:49,214 - INFO -    Página 1/6 -> productos: 24
2026-02-26 15:14:49,788 - INFO -    Página 2/6 -> productos: 24
2026-02-26 15:14:50,842 - INFO -    Página 3/6 -> productos: 24
2026-02-26 15:14:55,159 - INFO -    Página 4/6 -> productos: 24
2026-02-26 15:14:55,394 - INFO -    Página 5/6 -> productos: 24
2026-02-26 15:14:55,627 - INFO -    Página 6/6 -> productos: 22
2026-02-26 15:14:55,627 - INFO - 📦 Scrapeando categoría 3/3: Chocolates (páginas: 8)
2026-02-26 15:14:55,886 - INFO -    Página 1/8 -> productos: 24
2026-02-26 15:14:56,112 - INFO -    Página 2/8 -> productos: 24
2026-02-26 15:14:56,353 - INFO -    Página 3/8 -> productos: 24
2026-02-26 15:14:56,589 - INFO -    Página 4/8 -> productos: 24
2026-02-26 15:14:56,817 - INFO -    Página 5/8 -> productos: 24
2026-02-26 15:14:57,090 - INFO -    Página 6/8 -> productos: 24
2026-02-26 15:14:57,364 - INFO -    Página 7/8 -> productos: 24
2026-02-26 15:14:57,582 - INFO -    Página 8/8 -> productos: 17
2026-02-26 15:14:57,591 - INFO - ✅ Productos guardados en: Coto\productos_nombre_precio.json
