2026-02-24 18:36:52,604 - INFO - Procesando 1/10 -> Golosinas
2026-02-24 18:36:53,320 - INFO - ✅ Golosinas: 26 páginas
2026-02-24 18:36:53,320 - INFO - Procesando 2/10 -> Alfajores
2026-02-24 18:36:53,759 - INFO - ✅ Alfajores: 6 páginas
2026-02-24 18:36:53,759 - INFO - Procesando 3/10 -> Chocolates
2026-02-24 18:36:54,148 - INFO - ✅ Chocolates: 8 páginas
2026-02-24 18:36:54,148 - INFO - Procesando 4/10 -> Caramelos Y Chupetines
2026-02-24 18:36:54,681 - INFO - ✅ Caramelos Y Chupetines: 5 páginas
2026-02-24 18:36:54,681 - INFO - Procesando 5/10 -> Chicles Y Pastillas
2026-02-24 18:36:55,230 - INFO - ✅ Chicles Y Pastillas: 2 páginas
2026-02-24 18:36:55,231 - INFO - Procesando 6/10 -> Bombones Y Bocaditos
2026-02-24 18:36:55,671 - INFO - ✅ Bombones Y Bocaditos: 2 páginas
2026-02-24 18:36:55,671 - INFO - Procesando 7/10 -> Confituras
2026-02-24 18:36:56,039 - INFO - ✅ Confituras: 1 páginas
2026-02-24 18:36:56,040 - INFO - Procesando 8/10 -> Donas, Rolls Y Bizcochuelos
2026-02-24 18:36:56,369 - INFO - ✅ Donas, Rolls Y Bizcochuelos: 1 páginas
2026-02-24 18:36:56,370 - INFO - Procesando 9/10 -> Gomitas Y Gelatinas
2026-02-24 18:36:56,893 - INFO - ✅ Gomitas Y Gelatinas: 3 páginas
2026-02-24 18:36:56,893 - INFO - Procesando 10/10 -> Malvaviscos
2026-02-24 18:36:57,171 - INFO - ✅ Malvaviscos: 0 páginas
2026-02-24 18:36:57,172 - INFO - 🗑 Archivo eliminado: Coto\categorias.json ✔
