2026-02-24 19:53:30,312 - INFO - ***************************************************
2026-02-24 19:53:30,312 - INFO - Procesando 1/3 -> Golosinas
2026-02-24 19:53:30,893 - INFO - ✅ Golosinas: 26 páginas
2026-02-24 19:53:30,893 - INFO - ***************************************************
2026-02-24 19:53:30,893 - INFO - Procesando 2/3 -> Alfajores
2026-02-24 19:53:31,193 - INFO - ✅ Alfajores: 6 páginas
2026-02-24 19:53:31,193 - INFO - ***************************************************
2026-02-24 19:53:31,193 - INFO - Procesando 3/3 -> Chocolates
2026-02-24 19:53:31,482 - INFO - ✅ Chocolates: 8 páginas
2026-02-24 19:53:31,484 - INFO - 🗑 Archivo eliminado: Coto\categorias.json ✔
2026-02-24 19:53:31,484 - INFO - 📦 JSON final generado en: Coto\categorias_paginadas.json
2026-02-24 19:53:31,484 - INFO - 📌 Lista resumida creada: 3 categorías con URLs
2026-02-24 19:53:31,484 - INFO - 📦 Scrapeando categoría 1/3: Golosinas (páginas: 26)
2026-02-24 19:53:32,155 - INFO -    Página 1/26 -> productos: 24
2026-02-24 19:53:32,378 - INFO -    Página 2/26 -> productos: 24
2026-02-24 19:53:32,808 - INFO -    Página 3/26 -> productos: 24
2026-02-24 19:53:33,027 - INFO -    Página 4/26 -> productos: 24
2026-02-24 19:53:33,302 - INFO -    Página 5/26 -> productos: 24
2026-02-24 19:53:33,617 - INFO -    Página 6/26 -> productos: 24
2026-02-24 19:53:33,861 - INFO -    Página 7/26 -> productos: 24
2026-02-24 19:53:34,239 - INFO -    Página 8/26 -> productos: 24
2026-02-24 19:53:34,530 - INFO -    Página 9/26 -> productos: 24
2026-02-24 19:53:34,747 - INFO -    Página 10/26 -> productos: 24
2026-02-24 19:53:35,091 - INFO -    Página 11/26 -> productos: 24
2026-02-24 19:53:35,414 - INFO -    Página 12/26 -> productos: 24
2026-02-24 19:53:35,766 - INFO -    Página 13/26 -> productos: 24
2026-02-24 19:53:36,045 - INFO -    Página 14/26 -> productos: 24
2026-02-24 19:53:36,331 - INFO -    Página 15/26 -> productos: 24
2026-02-24 19:53:36,670 - INFO -    Página 16/26 -> productos: 24
2026-02-24 19:53:36,996 - INFO -    Página 17/26 -> productos: 24
2026-02-24 19:53:37,230 - INFO -    Página 18/26 -> productos: 24
2026-02-24 19:53:37,450 - INFO -    Página 19/26 -> productos: 24
2026-02-24 19:53:37,752 - INFO -    Página 20/26 -> productos: 24
2026-02-24 19:53:37,964 - INFO -    Página 21/26 -> productos: 24
2026-02-24 19:53:38,231 - INFO -    Página 22/26 -> productos: 24
2026-02-24 19:53:38,459 - INFO -    Página 23/26 -> productos: 24
2026-02-24 19:53:38,689 - INFO -    Página 24/26 -> productos: 24
2026-02-24 19:53:39,054 - INFO -    Página 25/26 -> productos: 24
2026-02-24 19:53:39,366 - INFO -    Página 26/26 -> productos: 18
2026-02-24 19:53:39,366 - INFO - 📦 Scrapeando categoría 2/3: Alfajores (páginas: 6)
2026-02-24 19:53:39,606 - INFO -    Página 1/6 -> productos: 24
2026-02-24 19:53:40,041 - INFO -    Página 2/6 -> productos: 24
2026-02-24 19:53:40,365 - INFO -    Página 3/6 -> productos: 24
2026-02-24 19:53:40,612 - INFO -    Página 4/6 -> productos: 24
2026-02-24 19:53:40,832 - INFO -    Página 5/6 -> productos: 24
2026-02-24 19:53:41,150 - INFO -    Página 6/6 -> productos: 20
2026-02-24 19:53:41,151 - INFO - 📦 Scrapeando categoría 3/3: Chocolates (páginas: 8)
2026-02-24 19:53:41,396 - INFO -    Página 1/8 -> productos: 24
2026-02-24 19:53:41,677 - INFO -    Página 2/8 -> productos: 24
2026-02-24 19:53:42,018 - INFO -    Página 3/8 -> productos: 24
2026-02-24 19:53:42,270 - INFO -    Página 4/8 -> productos: 24
2026-02-24 19:53:42,618 - INFO -    Página 5/8 -> productos: 24
2026-02-24 19:53:43,035 - INFO -    Página 6/8 -> productos: 24
2026-02-24 19:53:43,394 - INFO -    Página 7/8 -> productos: 24
2026-02-24 19:53:43,627 - INFO -    Página 8/8 -> productos: 18
2026-02-24 19:53:43,636 - INFO - ✅ Productos guardados en: Coto\productos_nombre_precio.json
