2026-02-24 18:58:41,169 - INFO - ***************************************************
2026-02-24 18:58:41,170 - INFO - Procesando 1/100 -> Golosinas
2026-02-24 18:58:41,698 - INFO - ✅ Golosinas: 26 páginas
2026-02-24 18:58:41,699 - INFO - ***************************************************
2026-02-24 18:58:41,699 - INFO - Procesando 2/100 -> Alfajores
2026-02-24 18:58:42,034 - INFO - ✅ Alfajores: 6 páginas
2026-02-24 18:58:42,035 - INFO - ***************************************************
2026-02-24 18:58:42,035 - INFO - Procesando 3/100 -> Chocolates
2026-02-24 18:58:42,370 - INFO - ✅ Chocolates: 8 páginas
2026-02-24 18:58:42,371 - INFO - ***************************************************
2026-02-24 18:58:42,371 - INFO - Procesando 4/100 -> Caramelos Y Chupetines
2026-02-24 18:58:42,582 - INFO - ✅ Caramelos Y Chupetines: 5 páginas
2026-02-24 18:58:42,583 - INFO - ***************************************************
2026-02-24 18:58:42,583 - INFO - Procesando 5/100 -> Chicles Y Pastillas
2026-02-24 18:58:42,825 - INFO - ✅ Chicles Y Pastillas: 2 páginas
2026-02-24 18:58:42,825 - INFO - ***************************************************
2026-02-24 18:58:42,825 - INFO - Procesando 6/100 -> Bombones Y Bocaditos
2026-02-24 18:58:43,262 - INFO - ✅ Bombones Y Bocaditos: 2 páginas
2026-02-24 18:58:43,262 - INFO - ***************************************************
2026-02-24 18:58:43,262 - INFO - Procesando 7/100 -> Confituras
2026-02-24 18:58:43,483 - INFO - ✅ Confituras: 1 páginas
2026-02-24 18:58:43,483 - INFO - ***************************************************
2026-02-24 18:58:43,483 - INFO - Procesando 8/100 -> Donas, Rolls Y Bizcochuelos
2026-02-24 18:58:43,701 - INFO - ✅ Donas, Rolls Y Bizcochuelos: 1 páginas
2026-02-24 18:58:43,701 - INFO - ***************************************************
2026-02-24 18:58:43,701 - INFO - Procesando 9/100 -> Gomitas Y Gelatinas
2026-02-24 18:58:43,947 - INFO - ✅ Gomitas Y Gelatinas: 3 páginas
2026-02-24 18:58:43,947 - INFO - ***************************************************
2026-02-24 18:58:43,947 - INFO - Procesando 10/100 -> Malvaviscos
2026-02-24 18:58:44,243 - INFO - ✅ Malvaviscos: 0 páginas
2026-02-24 18:58:44,243 - INFO - ***************************************************
2026-02-24 18:58:44,243 - INFO - Procesando 11/100 -> Obleas, Turrones Y Postres De Maní
2026-02-24 18:58:44,514 - INFO - ✅ Obleas, Turrones Y Postres De Maní: 2 páginas
2026-02-24 18:58:44,514 - INFO - ***************************************************
2026-02-24 18:58:44,514 - INFO - Procesando 12/100 -> Tabletas
2026-02-24 18:58:44,746 - INFO - ✅ Tabletas: 1 páginas
2026-02-24 18:58:44,746 - INFO - ***************************************************
2026-02-24 18:58:44,746 - INFO - Procesando 13/100 -> Panaderia
2026-02-24 18:58:45,064 - INFO - ✅ Panaderia: 44 páginas
2026-02-24 18:58:45,065 - INFO - ***************************************************
2026-02-24 18:58:45,065 - INFO - Procesando 14/100 -> Galletitas
2026-02-24 18:58:45,387 - INFO - ✅ Galletitas: 19 páginas
2026-02-24 18:58:45,387 - INFO - ***************************************************
2026-02-24 18:58:45,387 - INFO - Procesando 15/100 -> Panaderia Propia
2026-02-24 18:58:45,753 - INFO - ✅ Panaderia Propia: 11 páginas
2026-02-24 18:58:45,753 - INFO - ***************************************************
2026-02-24 18:58:45,753 - INFO - Procesando 16/100 -> Panificados
2026-02-24 18:58:46,177 - INFO - ✅ Panificados: 7 páginas
2026-02-24 18:58:46,177 - INFO - ***************************************************
2026-02-24 18:58:46,178 - INFO - Procesando 17/100 -> Galletas, Tostadas Y Grisines
2026-02-24 18:58:46,415 - INFO - ✅ Galletas, Tostadas Y Grisines: 4 páginas
2026-02-24 18:58:46,415 - INFO - ***************************************************
2026-02-24 18:58:46,415 - INFO - Procesando 18/100 -> Bizcochos
2026-02-24 18:58:46,850 - INFO - ✅ Bizcochos: 2 páginas
2026-02-24 18:58:46,850 - INFO - ***************************************************
2026-02-24 18:58:46,850 - INFO - Procesando 19/100 -> Bizcochuelos Y Especialidades
2026-02-24 18:58:47,101 - INFO - ✅ Bizcochuelos Y Especialidades: 2 páginas
2026-02-24 18:58:47,101 - INFO - ***************************************************
2026-02-24 18:58:47,101 - INFO - Procesando 20/100 -> Turrones Y Confituras
2026-02-24 18:58:47,421 - INFO - ✅ Turrones Y Confituras: 1 páginas
2026-02-24 18:58:47,421 - INFO - ***************************************************
2026-02-24 18:58:47,421 - INFO - Procesando 21/100 -> Budines
2026-02-24 18:58:47,714 - INFO - ✅ Budines: 2 páginas
2026-02-24 18:58:47,714 - INFO - ***************************************************
2026-02-24 18:58:47,714 - INFO - Procesando 22/100 -> Pan Dulce
2026-02-24 18:58:47,984 - INFO - ✅ Pan Dulce: 1 páginas
2026-02-24 18:58:47,985 - INFO - ***************************************************
2026-02-24 18:58:47,985 - INFO - Procesando 23/100 -> Snacks
2026-02-24 18:58:48,283 - INFO - ✅ Snacks: 13 páginas
2026-02-24 18:58:48,283 - INFO - ***************************************************
2026-02-24 18:58:48,283 - INFO - Procesando 24/100 -> Papas Fritas
2026-02-24 18:58:48,557 - INFO - ✅ Papas Fritas: 3 páginas
2026-02-24 18:58:48,557 - INFO - ***************************************************
2026-02-24 18:58:48,557 - INFO - Procesando 25/100 -> Bastones De Maiz
2026-02-24 18:58:48,841 - INFO - ✅ Bastones De Maiz: 1 páginas
2026-02-24 18:58:48,841 - INFO - ***************************************************
2026-02-24 18:58:48,841 - INFO - Procesando 26/100 -> Mani
2026-02-24 18:58:49,200 - INFO - ✅ Mani: 2 páginas
2026-02-24 18:58:49,201 - INFO - ***************************************************
2026-02-24 18:58:49,201 - INFO - Procesando 27/100 -> Palitos
2026-02-24 18:58:49,435 - INFO - ✅ Palitos: 1 páginas
2026-02-24 18:58:49,435 - INFO - ***************************************************
2026-02-24 18:58:49,435 - INFO - Procesando 28/100 -> Galletitas Copetin
2026-02-24 18:58:49,675 - INFO - ✅ Galletitas Copetin: 2 páginas
2026-02-24 18:58:49,675 - INFO - ***************************************************
2026-02-24 18:58:49,675 - INFO - Procesando 29/100 -> Maiz Saborizado
2026-02-24 18:58:49,889 - INFO - ✅ Maiz Saborizado: 1 páginas
2026-02-24 18:58:49,889 - INFO - ***************************************************
2026-02-24 18:58:49,889 - INFO - Procesando 30/100 -> Nachos
2026-02-24 18:58:50,120 - INFO - ✅ Nachos: 1 páginas
2026-02-24 18:58:50,120 - INFO - ***************************************************
2026-02-24 18:58:50,120 - INFO - Procesando 31/100 -> Snacks Especiales
2026-02-24 18:58:50,353 - INFO - ✅ Snacks Especiales: 4 páginas
2026-02-24 18:58:50,355 - INFO - ***************************************************
2026-02-24 18:58:50,355 - INFO - Procesando 32/100 -> Cereales
2026-02-24 18:58:50,693 - INFO - ✅ Cereales: 10 páginas
2026-02-24 18:58:50,693 - INFO - ***************************************************
2026-02-24 18:58:50,693 - INFO - Procesando 33/100 -> Cereales Con Azúcar
2026-02-24 18:58:51,119 - INFO - ✅ Cereales Con Azúcar: 2 páginas
2026-02-24 18:58:51,120 - INFO - ***************************************************
2026-02-24 18:58:51,120 - INFO - Procesando 34/100 -> Cereales Infantiles
2026-02-24 18:58:51,425 - INFO - ✅ Cereales Infantiles: 1 páginas
2026-02-24 18:58:51,425 - INFO - ***************************************************
2026-02-24 18:58:51,425 - INFO - Procesando 35/100 -> Break Saludables
2026-02-24 18:58:51,839 - INFO - ✅ Break Saludables: 1 páginas
2026-02-24 18:58:51,839 - INFO - ***************************************************
2026-02-24 18:58:51,839 - INFO - Procesando 36/100 -> Barras De Arroz
2026-02-24 18:58:52,043 - INFO - ✅ Barras De Arroz: 1 páginas
2026-02-24 18:58:52,043 - INFO - ***************************************************
2026-02-24 18:58:52,043 - INFO - Procesando 37/100 -> Cereales De Avena
2026-02-24 18:58:52,390 - INFO - ✅ Cereales De Avena: 1 páginas
2026-02-24 18:58:52,390 - INFO - ***************************************************
2026-02-24 18:58:52,390 - INFO - Procesando 38/100 -> Avena
2026-02-24 18:58:52,683 - INFO - ✅ Avena: 2 páginas
2026-02-24 18:58:52,683 - INFO - ***************************************************
2026-02-24 18:58:52,683 - INFO - Procesando 39/100 -> Barras
2026-02-24 18:58:52,939 - INFO - ✅ Barras: 3 páginas
2026-02-24 18:58:52,939 - INFO - ***************************************************
2026-02-24 18:58:52,939 - INFO - Procesando 40/100 -> Granola
2026-02-24 18:58:53,334 - INFO - ✅ Granola: 1 páginas
2026-02-24 18:58:53,334 - INFO - ***************************************************
2026-02-24 18:58:53,335 - INFO - Procesando 41/100 -> Fitness
2026-02-24 18:58:53,605 - INFO - ✅ Fitness: 0 páginas
2026-02-24 18:58:53,606 - INFO - ***************************************************
2026-02-24 18:58:53,606 - INFO - Procesando 42/100 -> Salvado De Avena
2026-02-24 18:58:53,768 - INFO - ✅ Salvado De Avena: 1 páginas
2026-02-24 18:58:53,768 - INFO - ***************************************************
2026-02-24 18:58:53,768 - INFO - Procesando 43/100 -> Endulzantes
2026-02-24 18:58:54,070 - INFO - ✅ Endulzantes: 5 páginas
2026-02-24 18:58:54,070 - INFO - ***************************************************
2026-02-24 18:58:54,070 - INFO - Procesando 44/100 -> Azúcar
2026-02-24 18:58:54,392 - INFO - ✅ Azúcar: 1 páginas
2026-02-24 18:58:54,393 - INFO - ***************************************************
2026-02-24 18:58:54,393 - INFO - Procesando 45/100 -> Edulcorante
2026-02-24 18:58:54,753 - INFO - ✅ Edulcorante: 4 páginas
2026-02-24 18:58:54,753 - INFO - ***************************************************
2026-02-24 18:58:54,753 - INFO - Procesando 46/100 -> Aderezos Y Salsas
2026-02-24 18:58:55,073 - INFO - ✅ Aderezos Y Salsas: 19 páginas
2026-02-24 18:58:55,073 - INFO - ***************************************************
2026-02-24 18:58:55,073 - INFO - Procesando 47/100 -> Mayonesas
2026-02-24 18:58:55,406 - INFO - ✅ Mayonesas: 4 páginas
2026-02-24 18:58:55,406 - INFO - ***************************************************
2026-02-24 18:58:55,406 - INFO - Procesando 48/100 -> Mostazas
2026-02-24 18:58:55,630 - INFO - ✅ Mostazas: 2 páginas
2026-02-24 18:58:55,631 - INFO - ***************************************************
2026-02-24 18:58:55,631 - INFO - Procesando 49/100 -> Ketchup
2026-02-24 18:58:55,952 - ERROR - ❌ Error en categoría: Ketchup
2026-02-24 18:58:55,952 - ERROR - Detalle: 500 Server Error: Internal Server Error for url: https://www.cotodigital.com.ar/sitios/cdigi/categoria/catalogo-almac%C3%A9n-aderezos-y-salsas-ketchup/_/N-aq618b?format=json
2026-02-24 18:58:55,952 - INFO - ***************************************************
2026-02-24 18:58:55,952 - INFO - Procesando 50/100 -> Salsas Golf
2026-02-24 18:58:56,421 - INFO - ✅ Salsas Golf: 1 páginas
2026-02-24 18:58:56,421 - INFO - ***************************************************
2026-02-24 18:58:56,422 - INFO - Procesando 51/100 -> Aderezo Caesar
2026-02-24 18:58:56,637 - INFO - ✅ Aderezo Caesar: 1 páginas
2026-02-24 18:58:56,637 - INFO - ***************************************************
2026-02-24 18:58:56,637 - INFO - Procesando 52/100 -> Aderezo De Soja
2026-02-24 18:58:56,885 - INFO - ✅ Aderezo De Soja: 2 páginas
2026-02-24 18:58:56,885 - INFO - ***************************************************
2026-02-24 18:58:56,885 - INFO - Procesando 53/100 -> Aderezo Yogur
2026-02-24 18:58:57,191 - INFO - ✅ Aderezo Yogur: 0 páginas
2026-02-24 18:58:57,191 - INFO - ***************************************************
2026-02-24 18:58:57,191 - INFO - Procesando 54/100 -> Aderezo Dkt
2026-02-24 18:58:57,526 - INFO - ✅ Aderezo Dkt: 2 páginas
2026-02-24 18:58:57,526 - INFO - ***************************************************
2026-02-24 18:58:57,526 - INFO - Procesando 55/100 -> Barbacoa
2026-02-24 18:58:57,767 - INFO - ✅ Barbacoa: 2 páginas
2026-02-24 18:58:57,767 - INFO - ***************************************************
2026-02-24 18:58:57,767 - INFO - Procesando 56/100 -> Chimichurri
2026-02-24 18:58:57,956 - INFO - ✅ Chimichurri: 1 páginas
2026-02-24 18:58:57,956 - INFO - ***************************************************
2026-02-24 18:58:57,956 - INFO - Procesando 57/100 -> Salsa Inglesa
2026-02-24 18:58:58,213 - INFO - ✅ Salsa Inglesa: 1 páginas
2026-02-24 18:58:58,215 - INFO - ***************************************************
2026-02-24 18:58:58,215 - INFO - Procesando 58/100 -> Tabasco
2026-02-24 18:58:58,450 - INFO - ✅ Tabasco: 1 páginas
2026-02-24 18:58:58,450 - INFO - ***************************************************
2026-02-24 18:58:58,450 - INFO - Procesando 59/100 -> Condimentos Saborizantes
2026-02-24 18:58:58,688 - INFO - ✅ Condimentos Saborizantes: 2 páginas
2026-02-24 18:58:58,688 - INFO - ***************************************************
2026-02-24 18:58:58,688 - INFO - Procesando 60/100 -> Quesos
2026-02-24 18:58:59,011 - INFO - ✅ Quesos: 1 páginas
2026-02-24 18:58:59,011 - INFO - ***************************************************
2026-02-24 18:58:59,011 - INFO - Procesando 61/100 -> Aderezos Refrigerados
2026-02-24 18:58:59,351 - INFO - ✅ Aderezos Refrigerados: 1 páginas
2026-02-24 18:58:59,351 - INFO - ***************************************************
2026-02-24 18:58:59,351 - INFO - Procesando 62/100 -> Salsa Picante
2026-02-24 18:58:59,669 - INFO - ✅ Salsa Picante: 2 páginas
2026-02-24 18:58:59,669 - INFO - ***************************************************
2026-02-24 18:58:59,669 - INFO - Procesando 63/100 -> Salsa De Ajo
2026-02-24 18:59:00,006 - INFO - ✅ Salsa De Ajo: 1 páginas
2026-02-24 18:59:00,006 - INFO - ***************************************************
2026-02-24 18:59:00,006 - INFO - Procesando 64/100 -> Aderezo Barbacoa
2026-02-24 18:59:00,253 - INFO - ✅ Aderezo Barbacoa: 0 páginas
2026-02-24 18:59:00,253 - INFO - ***************************************************
2026-02-24 18:59:00,253 - INFO - Procesando 65/100 -> Pesto
2026-02-24 18:59:00,533 - INFO - ✅ Pesto: 1 páginas
2026-02-24 18:59:00,533 - INFO - ***************************************************
2026-02-24 18:59:00,533 - INFO - Procesando 66/100 -> Salsa Blanca
2026-02-24 18:59:00,836 - INFO - ✅ Salsa Blanca: 1 páginas
2026-02-24 18:59:00,836 - INFO - ***************************************************
2026-02-24 18:59:00,836 - INFO - Procesando 67/100 -> Salsa Guacamole
2026-02-24 18:59:01,137 - INFO - ✅ Salsa Guacamole: 1 páginas
2026-02-24 18:59:01,137 - INFO - ***************************************************
2026-02-24 18:59:01,137 - INFO - Procesando 68/100 -> Babaganush
2026-02-24 18:59:01,321 - INFO - ✅ Babaganush: 1 páginas
2026-02-24 18:59:01,321 - INFO - ***************************************************
2026-02-24 18:59:01,321 - INFO - Procesando 69/100 -> Coleslaw
2026-02-24 18:59:01,670 - INFO - ✅ Coleslaw: 0 páginas
2026-02-24 18:59:01,671 - INFO - ***************************************************
2026-02-24 18:59:01,671 - INFO - Procesando 70/100 -> Infusiones
2026-02-24 18:59:02,033 - INFO - ✅ Infusiones: 25 páginas
2026-02-24 18:59:02,033 - INFO - ***************************************************
2026-02-24 18:59:02,033 - INFO - Procesando 71/100 -> Café
2026-02-24 18:59:02,373 - INFO - ✅ Café: 8 páginas
2026-02-24 18:59:02,375 - INFO - ***************************************************
2026-02-24 18:59:02,375 - INFO - Procesando 72/100 -> Mate
2026-02-24 18:59:02,818 - INFO - ✅ Mate: 7 páginas
2026-02-24 18:59:02,818 - INFO - ***************************************************
2026-02-24 18:59:02,819 - INFO - Procesando 73/100 -> Té
2026-02-24 18:59:03,170 - INFO - ✅ Té: 9 páginas
2026-02-24 18:59:03,171 - INFO - ***************************************************
2026-02-24 18:59:03,171 - INFO - Procesando 74/100 -> Cacao En Polvo
2026-02-24 18:59:03,411 - INFO - ✅ Cacao En Polvo: 1 páginas
2026-02-24 18:59:03,411 - INFO - ***************************************************
2026-02-24 18:59:03,411 - INFO - Procesando 75/100 -> Mate Cocido
2026-02-24 18:59:03,839 - INFO - ✅ Mate Cocido: 2 páginas
2026-02-24 18:59:03,840 - INFO - ***************************************************
2026-02-24 18:59:03,840 - INFO - Procesando 76/100 -> Complementos Para Infusiones
2026-02-24 18:59:04,095 - INFO - ✅ Complementos Para Infusiones: 1 páginas
2026-02-24 18:59:04,097 - INFO - ***************************************************
2026-02-24 18:59:04,097 - INFO - Procesando 77/100 -> Cebada
2026-02-24 18:59:04,415 - INFO - ✅ Cebada: 1 páginas
2026-02-24 18:59:04,415 - INFO - ***************************************************
2026-02-24 18:59:04,415 - INFO - Procesando 78/100 -> Conservas
2026-02-24 18:59:04,913 - INFO - ✅ Conservas: 7 páginas
2026-02-24 18:59:04,913 - INFO - ***************************************************
2026-02-24 18:59:04,913 - INFO - Procesando 79/100 -> Conservas De Carne
2026-02-24 18:59:05,205 - INFO - ✅ Conservas De Carne: 1 páginas
2026-02-24 18:59:05,205 - INFO - ***************************************************
2026-02-24 18:59:05,205 - INFO - Procesando 80/100 -> Conservas De Frutas
2026-02-24 18:59:05,639 - INFO - ✅ Conservas De Frutas: 1 páginas
2026-02-24 18:59:05,639 - INFO - ***************************************************
2026-02-24 18:59:05,639 - INFO - Procesando 81/100 -> Conservas De Pescado
2026-02-24 18:59:05,978 - INFO - ✅ Conservas De Pescado: 3 páginas
2026-02-24 18:59:05,978 - INFO - ***************************************************
2026-02-24 18:59:05,978 - INFO - Procesando 82/100 -> Conservas Vegetal
2026-02-24 18:59:06,313 - INFO - ✅ Conservas Vegetal: 4 páginas
2026-02-24 18:59:06,313 - INFO - ***************************************************
2026-02-24 18:59:06,313 - INFO - Procesando 83/100 -> Comidas Listas
2026-02-24 18:59:06,547 - INFO - ✅ Comidas Listas: 0 páginas
2026-02-24 18:59:06,547 - INFO - ***************************************************
2026-02-24 18:59:06,547 - INFO - Procesando 84/100 -> Harinas
2026-02-24 18:59:06,878 - INFO - ✅ Harinas: 6 páginas
2026-02-24 18:59:06,878 - INFO - ***************************************************
2026-02-24 18:59:06,878 - INFO - Procesando 85/100 -> Harina De Arroz
2026-02-24 18:59:07,124 - INFO - ✅ Harina De Arroz: 1 páginas
2026-02-24 18:59:07,124 - INFO - ***************************************************
2026-02-24 18:59:07,124 - INFO - Procesando 86/100 -> Harina De Trigo
2026-02-24 18:59:07,554 - INFO - ✅ Harina De Trigo: 1 páginas
2026-02-24 18:59:07,554 - INFO - ***************************************************
2026-02-24 18:59:07,554 - INFO - Procesando 87/100 -> Harina De Maíz
2026-02-24 18:59:07,973 - INFO - ✅ Harina De Maíz: 1 páginas
2026-02-24 18:59:07,973 - INFO - ***************************************************
2026-02-24 18:59:07,973 - INFO - Procesando 88/100 -> Premezcla
2026-02-24 18:59:08,325 - INFO - ✅ Premezcla: 2 páginas
2026-02-24 18:59:08,325 - INFO - ***************************************************
2026-02-24 18:59:08,325 - INFO - Procesando 89/100 -> Sémola
2026-02-24 18:59:08,516 - INFO - ✅ Sémola: 1 páginas
2026-02-24 18:59:08,516 - INFO - ***************************************************
2026-02-24 18:59:08,516 - INFO - Procesando 90/100 -> Harina Orgánica
2026-02-24 18:59:08,801 - INFO - ✅ Harina Orgánica: 1 páginas
2026-02-24 18:59:08,801 - INFO - ***************************************************
2026-02-24 18:59:08,801 - INFO - Procesando 91/100 -> Harina Sin Gluten
2026-02-24 18:59:09,133 - INFO - ✅ Harina Sin Gluten: 1 páginas
2026-02-24 18:59:09,133 - INFO - ***************************************************
2026-02-24 18:59:09,133 - INFO - Procesando 92/100 -> Harina Leudante
2026-02-24 18:59:09,372 - INFO - ✅ Harina Leudante: 1 páginas
2026-02-24 18:59:09,372 - INFO - ***************************************************
2026-02-24 18:59:09,372 - INFO - Procesando 93/100 -> Cous Cous
2026-02-24 18:59:09,592 - INFO - ✅ Cous Cous: 1 páginas
2026-02-24 18:59:09,592 - INFO - ***************************************************
2026-02-24 18:59:09,592 - INFO - Procesando 94/100 -> Garbanzo
2026-02-24 18:59:10,036 - INFO - ✅ Garbanzo: 1 páginas
2026-02-24 18:59:10,036 - INFO - ***************************************************
2026-02-24 18:59:10,036 - INFO - Procesando 95/100 -> Harina Integral
2026-02-24 18:59:10,266 - INFO - ✅ Harina Integral: 1 páginas
2026-02-24 18:59:10,266 - INFO - ***************************************************
2026-02-24 18:59:10,266 - INFO - Procesando 96/100 -> Harina De Legumbres
2026-02-24 18:59:10,575 - INFO - ✅ Harina De Legumbres: 1 páginas
2026-02-24 18:59:10,575 - INFO - ***************************************************
2026-02-24 18:59:10,575 - INFO - Procesando 97/100 -> Harina De Maní
2026-02-24 18:59:10,829 - INFO - ✅ Harina De Maní: 1 páginas
2026-02-24 18:59:10,829 - INFO - ***************************************************
2026-02-24 18:59:10,829 - INFO - Procesando 98/100 -> Harina De Almendras
2026-02-24 18:59:11,063 - INFO - ✅ Harina De Almendras: 1 páginas
2026-02-24 18:59:11,063 - INFO - ***************************************************
2026-02-24 18:59:11,063 - INFO - Procesando 99/100 -> Encurtidos
2026-02-24 18:59:11,507 - INFO - ✅ Encurtidos: 5 páginas
2026-02-24 18:59:11,507 - INFO - ***************************************************
2026-02-24 18:59:11,507 - INFO - Procesando 100/100 -> Aceitunas
2026-02-24 18:59:11,641 - ERROR - ❌ Error en categoría: Aceitunas
2026-02-24 18:59:11,641 - ERROR - Detalle: 500 Server Error: Internal Server Error for url: https://www.cotodigital.com.ar/sitios/cdigi/nuevositio
2026-02-24 18:59:11,643 - INFO - 🗑 Archivo eliminado: Coto\categorias.json ✔
2026-02-24 18:59:11,643 - INFO - 📦 JSON final generado en: Coto\categorias_paginadas.json
