2026-02-24 19:11:00,461 - INFO - ***************************************************
2026-02-24 19:11:00,461 - INFO - Procesando 1/100 -> Golosinas
2026-02-24 19:11:01,035 - INFO - ✅ Golosinas: 26 páginas
2026-02-24 19:11:01,035 - ERROR - ✅ Golosinas:  No TIENE PAGINAS
2026-02-24 19:11:01,035 - INFO - ***************************************************
2026-02-24 19:11:01,035 - INFO - Procesando 2/100 -> Alfajores
2026-02-24 19:11:01,387 - INFO - ✅ Alfajores: 6 páginas
2026-02-24 19:11:01,387 - ERROR - ✅ Alfajores:  No TIENE PAGINAS
2026-02-24 19:11:01,387 - INFO - ***************************************************
2026-02-24 19:11:01,393 - INFO - Procesando 3/100 -> Chocolates
2026-02-24 19:11:01,772 - INFO - ✅ Chocolates: 8 páginas
2026-02-24 19:11:01,772 - ERROR - ✅ Chocolates:  No TIENE PAGINAS
2026-02-24 19:11:01,772 - INFO - ***************************************************
2026-02-24 19:11:01,772 - INFO - Procesando 4/100 -> Caramelos Y Chupetines
2026-02-24 19:11:02,185 - INFO - ✅ Caramelos Y Chupetines: 5 páginas
2026-02-24 19:11:02,185 - ERROR - ✅ Caramelos Y Chupetines:  No TIENE PAGINAS
2026-02-24 19:11:02,185 - INFO - ***************************************************
2026-02-24 19:11:02,185 - INFO - Procesando 5/100 -> Chicles Y Pastillas
2026-02-24 19:11:02,589 - INFO - ✅ Chicles Y Pastillas: 2 páginas
2026-02-24 19:11:02,589 - ERROR - ✅ Chicles Y Pastillas:  No TIENE PAGINAS
2026-02-24 19:11:02,589 - INFO - ***************************************************
2026-02-24 19:11:02,590 - INFO - Procesando 6/100 -> Bombones Y Bocaditos
2026-02-24 19:11:02,854 - INFO - ✅ Bombones Y Bocaditos: 2 páginas
2026-02-24 19:11:02,854 - ERROR - ✅ Bombones Y Bocaditos:  No TIENE PAGINAS
2026-02-24 19:11:02,854 - INFO - ***************************************************
2026-02-24 19:11:02,854 - INFO - Procesando 7/100 -> Confituras
2026-02-24 19:11:03,038 - INFO - ✅ Confituras: 1 páginas
2026-02-24 19:11:03,038 - ERROR - ✅ Confituras:  No TIENE PAGINAS
2026-02-24 19:11:03,040 - INFO - ***************************************************
2026-02-24 19:11:03,040 - INFO - Procesando 8/100 -> Donas, Rolls Y Bizcochuelos
2026-02-24 19:11:03,294 - INFO - ✅ Donas, Rolls Y Bizcochuelos: 1 páginas
2026-02-24 19:11:03,294 - ERROR - ✅ Donas, Rolls Y Bizcochuelos:  No TIENE PAGINAS
2026-02-24 19:11:03,294 - INFO - ***************************************************
2026-02-24 19:11:03,294 - INFO - Procesando 9/100 -> Gomitas Y Gelatinas
2026-02-24 19:11:03,533 - INFO - ✅ Gomitas Y Gelatinas: 3 páginas
2026-02-24 19:11:03,534 - ERROR - ✅ Gomitas Y Gelatinas:  No TIENE PAGINAS
2026-02-24 19:11:03,534 - INFO - ***************************************************
2026-02-24 19:11:03,534 - INFO - Procesando 10/100 -> Malvaviscos
2026-02-24 19:11:03,689 - ERROR - ✅ Malvaviscos:  No TIENE PAGINAS
2026-02-24 19:11:03,689 - INFO - ***************************************************
2026-02-24 19:11:03,689 - INFO - Procesando 11/100 -> Obleas, Turrones Y Postres De Maní
2026-02-24 19:11:04,037 - INFO - ✅ Obleas, Turrones Y Postres De Maní: 2 páginas
2026-02-24 19:11:04,037 - ERROR - ✅ Obleas, Turrones Y Postres De Maní:  No TIENE PAGINAS
2026-02-24 19:11:04,037 - INFO - ***************************************************
2026-02-24 19:11:04,037 - INFO - Procesando 12/100 -> Tabletas
2026-02-24 19:11:04,307 - INFO - ✅ Tabletas: 1 páginas
2026-02-24 19:11:04,307 - ERROR - ✅ Tabletas:  No TIENE PAGINAS
2026-02-24 19:11:04,307 - INFO - ***************************************************
2026-02-24 19:11:04,307 - INFO - Procesando 13/100 -> Panaderia
2026-02-24 19:11:04,762 - INFO - ✅ Panaderia: 44 páginas
2026-02-24 19:11:04,763 - ERROR - ✅ Panaderia:  No TIENE PAGINAS
2026-02-24 19:11:04,763 - INFO - ***************************************************
2026-02-24 19:11:04,763 - INFO - Procesando 14/100 -> Galletitas
2026-02-24 19:11:05,024 - INFO - ✅ Galletitas: 19 páginas
2026-02-24 19:11:05,024 - ERROR - ✅ Galletitas:  No TIENE PAGINAS
2026-02-24 19:11:05,025 - INFO - ***************************************************
2026-02-24 19:11:05,025 - INFO - Procesando 15/100 -> Panaderia Propia
2026-02-24 19:11:05,324 - INFO - ✅ Panaderia Propia: 11 páginas
2026-02-24 19:11:05,324 - ERROR - ✅ Panaderia Propia:  No TIENE PAGINAS
2026-02-24 19:11:05,325 - INFO - ***************************************************
2026-02-24 19:11:05,325 - INFO - Procesando 16/100 -> Panificados
2026-02-24 19:11:05,630 - INFO - ✅ Panificados: 7 páginas
2026-02-24 19:11:05,631 - ERROR - ✅ Panificados:  No TIENE PAGINAS
2026-02-24 19:11:05,631 - INFO - ***************************************************
2026-02-24 19:11:05,631 - INFO - Procesando 17/100 -> Galletas, Tostadas Y Grisines
2026-02-24 19:11:05,895 - INFO - ✅ Galletas, Tostadas Y Grisines: 4 páginas
2026-02-24 19:11:05,895 - ERROR - ✅ Galletas, Tostadas Y Grisines:  No TIENE PAGINAS
2026-02-24 19:11:05,895 - INFO - ***************************************************
2026-02-24 19:11:05,896 - INFO - Procesando 18/100 -> Bizcochos
2026-02-24 19:11:06,112 - INFO - ✅ Bizcochos: 2 páginas
2026-02-24 19:11:06,112 - ERROR - ✅ Bizcochos:  No TIENE PAGINAS
2026-02-24 19:11:06,112 - INFO - ***************************************************
2026-02-24 19:11:06,112 - INFO - Procesando 19/100 -> Bizcochuelos Y Especialidades
2026-02-24 19:11:06,331 - INFO - ✅ Bizcochuelos Y Especialidades: 2 páginas
2026-02-24 19:11:06,331 - ERROR - ✅ Bizcochuelos Y Especialidades:  No TIENE PAGINAS
2026-02-24 19:11:06,331 - INFO - ***************************************************
2026-02-24 19:11:06,331 - INFO - Procesando 20/100 -> Turrones Y Confituras
2026-02-24 19:11:06,559 - INFO - ✅ Turrones Y Confituras: 1 páginas
2026-02-24 19:11:06,559 - ERROR - ✅ Turrones Y Confituras:  No TIENE PAGINAS
2026-02-24 19:11:06,559 - INFO - ***************************************************
2026-02-24 19:11:06,559 - INFO - Procesando 21/100 -> Budines
2026-02-24 19:11:06,762 - INFO - ✅ Budines: 2 páginas
2026-02-24 19:11:06,762 - ERROR - ✅ Budines:  No TIENE PAGINAS
2026-02-24 19:11:06,762 - INFO - ***************************************************
2026-02-24 19:11:06,762 - INFO - Procesando 22/100 -> Pan Dulce
2026-02-24 19:11:07,006 - INFO - ✅ Pan Dulce: 1 páginas
2026-02-24 19:11:07,006 - ERROR - ✅ Pan Dulce:  No TIENE PAGINAS
2026-02-24 19:11:07,006 - INFO - ***************************************************
2026-02-24 19:11:07,006 - INFO - Procesando 23/100 -> Snacks
2026-02-24 19:11:07,255 - INFO - ✅ Snacks: 13 páginas
2026-02-24 19:11:07,255 - ERROR - ✅ Snacks:  No TIENE PAGINAS
2026-02-24 19:11:07,255 - INFO - ***************************************************
2026-02-24 19:11:07,255 - INFO - Procesando 24/100 -> Papas Fritas
2026-02-24 19:11:07,536 - INFO - ✅ Papas Fritas: 3 páginas
2026-02-24 19:11:07,536 - ERROR - ✅ Papas Fritas:  No TIENE PAGINAS
2026-02-24 19:11:07,536 - INFO - ***************************************************
2026-02-24 19:11:07,536 - INFO - Procesando 25/100 -> Bastones De Maiz
2026-02-24 19:11:07,883 - INFO - ✅ Bastones De Maiz: 1 páginas
2026-02-24 19:11:07,883 - ERROR - ✅ Bastones De Maiz:  No TIENE PAGINAS
2026-02-24 19:11:07,883 - INFO - ***************************************************
2026-02-24 19:11:07,883 - INFO - Procesando 26/100 -> Mani
2026-02-24 19:11:08,142 - INFO - ✅ Mani: 2 páginas
2026-02-24 19:11:08,142 - ERROR - ✅ Mani:  No TIENE PAGINAS
2026-02-24 19:11:08,142 - INFO - ***************************************************
2026-02-24 19:11:08,142 - INFO - Procesando 27/100 -> Palitos
2026-02-24 19:11:08,375 - INFO - ✅ Palitos: 1 páginas
2026-02-24 19:11:08,375 - ERROR - ✅ Palitos:  No TIENE PAGINAS
2026-02-24 19:11:08,375 - INFO - ***************************************************
2026-02-24 19:11:08,375 - INFO - Procesando 28/100 -> Galletitas Copetin
2026-02-24 19:11:08,685 - INFO - ✅ Galletitas Copetin: 2 páginas
2026-02-24 19:11:08,685 - ERROR - ✅ Galletitas Copetin:  No TIENE PAGINAS
2026-02-24 19:11:08,685 - INFO - ***************************************************
2026-02-24 19:11:08,685 - INFO - Procesando 29/100 -> Maiz Saborizado
2026-02-24 19:11:08,877 - INFO - ✅ Maiz Saborizado: 1 páginas
2026-02-24 19:11:08,878 - ERROR - ✅ Maiz Saborizado:  No TIENE PAGINAS
2026-02-24 19:11:08,878 - INFO - ***************************************************
2026-02-24 19:11:08,878 - INFO - Procesando 30/100 -> Nachos
2026-02-24 19:11:47,572 - INFO - ***************************************************
2026-02-24 19:11:47,572 - INFO - Procesando 1/100 -> Golosinas
2026-02-24 19:11:48,185 - INFO - ✅ Golosinas: 26 páginas
2026-02-24 19:11:48,185 - INFO - ***************************************************
2026-02-24 19:11:48,185 - INFO - Procesando 2/100 -> Alfajores
2026-02-24 19:11:48,479 - INFO - ✅ Alfajores: 6 páginas
2026-02-24 19:11:48,479 - INFO - ***************************************************
2026-02-24 19:11:48,479 - INFO - Procesando 3/100 -> Chocolates
2026-02-24 19:11:48,961 - INFO - ✅ Chocolates: 8 páginas
2026-02-24 19:11:48,961 - INFO - ***************************************************
2026-02-24 19:11:48,961 - INFO - Procesando 4/100 -> Caramelos Y Chupetines
2026-02-24 19:11:49,422 - INFO - ✅ Caramelos Y Chupetines: 5 páginas
2026-02-24 19:11:49,422 - INFO - ***************************************************
2026-02-24 19:11:49,422 - INFO - Procesando 5/100 -> Chicles Y Pastillas
2026-02-24 19:11:49,775 - INFO - ✅ Chicles Y Pastillas: 2 páginas
2026-02-24 19:11:49,775 - INFO - ***************************************************
2026-02-24 19:11:49,776 - INFO - Procesando 6/100 -> Bombones Y Bocaditos
2026-02-24 19:11:50,272 - INFO - ✅ Bombones Y Bocaditos: 2 páginas
2026-02-24 19:11:50,272 - INFO - ***************************************************
2026-02-24 19:11:50,272 - INFO - Procesando 7/100 -> Confituras
2026-02-24 19:11:50,634 - INFO - ✅ Confituras: 1 páginas
2026-02-24 19:11:50,634 - INFO - ***************************************************
2026-02-24 19:11:50,634 - INFO - Procesando 8/100 -> Donas, Rolls Y Bizcochuelos
2026-02-24 19:11:50,891 - INFO - ✅ Donas, Rolls Y Bizcochuelos: 1 páginas
2026-02-24 19:11:50,891 - INFO - ***************************************************
2026-02-24 19:11:50,891 - INFO - Procesando 9/100 -> Gomitas Y Gelatinas
2026-02-24 19:11:51,390 - INFO - ✅ Gomitas Y Gelatinas: 3 páginas
2026-02-24 19:11:51,390 - INFO - ***************************************************
2026-02-24 19:11:51,390 - INFO - Procesando 10/100 -> Malvaviscos
2026-02-24 19:11:51,686 - ERROR - ✅ Malvaviscos:  NO TIENE PAGINAS
2026-02-24 19:11:51,686 - INFO - ***************************************************
2026-02-24 19:11:51,686 - INFO - Procesando 11/100 -> Obleas, Turrones Y Postres De Maní
2026-02-24 19:11:52,109 - INFO - ✅ Obleas, Turrones Y Postres De Maní: 2 páginas
2026-02-24 19:11:52,110 - INFO - ***************************************************
2026-02-24 19:11:52,110 - INFO - Procesando 12/100 -> Tabletas
2026-02-24 19:11:52,373 - INFO - ✅ Tabletas: 1 páginas
2026-02-24 19:11:52,373 - INFO - ***************************************************
2026-02-24 19:11:52,373 - INFO - Procesando 13/100 -> Panaderia
2026-02-24 19:11:52,710 - INFO - ✅ Panaderia: 44 páginas
2026-02-24 19:11:52,710 - INFO - ***************************************************
2026-02-24 19:11:52,710 - INFO - Procesando 14/100 -> Galletitas
2026-02-24 19:11:53,031 - INFO - ✅ Galletitas: 19 páginas
2026-02-24 19:11:53,031 - INFO - ***************************************************
2026-02-24 19:11:53,031 - INFO - Procesando 15/100 -> Panaderia Propia
2026-02-24 19:11:53,456 - INFO - ✅ Panaderia Propia: 11 páginas
2026-02-24 19:11:53,457 - INFO - ***************************************************
2026-02-24 19:11:53,457 - INFO - Procesando 16/100 -> Panificados
2026-02-24 19:11:53,792 - INFO - ✅ Panificados: 7 páginas
2026-02-24 19:11:53,792 - INFO - ***************************************************
2026-02-24 19:11:53,792 - INFO - Procesando 17/100 -> Galletas, Tostadas Y Grisines
2026-02-24 19:11:54,156 - INFO - ✅ Galletas, Tostadas Y Grisines: 4 páginas
2026-02-24 19:11:54,156 - INFO - ***************************************************
2026-02-24 19:11:54,156 - INFO - Procesando 18/100 -> Bizcochos
2026-02-24 19:11:54,431 - INFO - ✅ Bizcochos: 2 páginas
2026-02-24 19:11:54,431 - INFO - ***************************************************
2026-02-24 19:11:54,431 - INFO - Procesando 19/100 -> Bizcochuelos Y Especialidades
2026-02-24 19:11:54,812 - INFO - ✅ Bizcochuelos Y Especialidades: 2 páginas
2026-02-24 19:11:54,812 - INFO - ***************************************************
2026-02-24 19:11:54,812 - INFO - Procesando 20/100 -> Turrones Y Confituras
2026-02-24 19:11:55,058 - INFO - ✅ Turrones Y Confituras: 1 páginas
2026-02-24 19:11:55,058 - INFO - ***************************************************
2026-02-24 19:11:55,058 - INFO - Procesando 21/100 -> Budines
2026-02-24 19:11:55,391 - INFO - ✅ Budines: 2 páginas
2026-02-24 19:11:55,391 - INFO - ***************************************************
2026-02-24 19:11:55,391 - INFO - Procesando 22/100 -> Pan Dulce
2026-02-24 19:11:55,630 - INFO - ✅ Pan Dulce: 1 páginas
2026-02-24 19:11:55,630 - INFO - ***************************************************
2026-02-24 19:11:55,630 - INFO - Procesando 23/100 -> Snacks
2026-02-24 19:11:55,898 - INFO - ✅ Snacks: 13 páginas
2026-02-24 19:11:55,899 - INFO - ***************************************************
2026-02-24 19:11:55,899 - INFO - Procesando 24/100 -> Papas Fritas
2026-02-24 19:11:56,287 - INFO - ✅ Papas Fritas: 3 páginas
2026-02-24 19:11:56,288 - INFO - ***************************************************
2026-02-24 19:11:56,288 - INFO - Procesando 25/100 -> Bastones De Maiz
2026-02-24 19:11:56,611 - INFO - ✅ Bastones De Maiz: 1 páginas
2026-02-24 19:11:56,612 - INFO - ***************************************************
2026-02-24 19:11:56,612 - INFO - Procesando 26/100 -> Mani
2026-02-24 19:11:57,067 - INFO - ✅ Mani: 2 páginas
2026-02-24 19:11:57,067 - INFO - ***************************************************
2026-02-24 19:11:57,067 - INFO - Procesando 27/100 -> Palitos
2026-02-24 19:11:57,405 - INFO - ✅ Palitos: 1 páginas
2026-02-24 19:11:57,405 - INFO - ***************************************************
2026-02-24 19:11:57,406 - INFO - Procesando 28/100 -> Galletitas Copetin
2026-02-24 19:11:57,759 - INFO - ✅ Galletitas Copetin: 2 páginas
2026-02-24 19:11:57,759 - INFO - ***************************************************
2026-02-24 19:11:57,759 - INFO - Procesando 29/100 -> Maiz Saborizado
2026-02-24 19:11:58,212 - INFO - ✅ Maiz Saborizado: 1 páginas
2026-02-24 19:11:58,212 - INFO - ***************************************************
2026-02-24 19:11:58,212 - INFO - Procesando 30/100 -> Nachos
2026-02-24 19:11:58,573 - INFO - ✅ Nachos: 1 páginas
2026-02-24 19:11:58,573 - INFO - ***************************************************
2026-02-24 19:11:58,573 - INFO - Procesando 31/100 -> Snacks Especiales
2026-02-24 19:11:58,883 - INFO - ✅ Snacks Especiales: 4 páginas
2026-02-24 19:11:58,883 - INFO - ***************************************************
2026-02-24 19:11:58,883 - INFO - Procesando 32/100 -> Cereales
2026-02-24 19:11:59,319 - INFO - ✅ Cereales: 10 páginas
2026-02-24 19:11:59,319 - INFO - ***************************************************
2026-02-24 19:11:59,319 - INFO - Procesando 33/100 -> Cereales Con Azúcar
2026-02-24 19:11:59,661 - INFO - ✅ Cereales Con Azúcar: 2 páginas
2026-02-24 19:11:59,661 - INFO - ***************************************************
2026-02-24 19:11:59,661 - INFO - Procesando 34/100 -> Cereales Infantiles
2026-02-24 19:11:59,993 - INFO - ✅ Cereales Infantiles: 1 páginas
2026-02-24 19:11:59,993 - INFO - ***************************************************
2026-02-24 19:11:59,993 - INFO - Procesando 35/100 -> Break Saludables
2026-02-24 19:12:00,342 - INFO - ✅ Break Saludables: 1 páginas
2026-02-24 19:12:00,342 - INFO - ***************************************************
2026-02-24 19:12:00,342 - INFO - Procesando 36/100 -> Barras De Arroz
2026-02-24 19:12:00,699 - INFO - ✅ Barras De Arroz: 1 páginas
2026-02-24 19:12:00,699 - INFO - ***************************************************
2026-02-24 19:12:00,699 - INFO - Procesando 37/100 -> Cereales De Avena
2026-02-24 19:12:01,025 - INFO - ✅ Cereales De Avena: 1 páginas
2026-02-24 19:12:01,025 - INFO - ***************************************************
2026-02-24 19:12:01,025 - INFO - Procesando 38/100 -> Avena
2026-02-24 19:12:01,347 - INFO - ✅ Avena: 2 páginas
2026-02-24 19:12:01,347 - INFO - ***************************************************
2026-02-24 19:12:01,347 - INFO - Procesando 39/100 -> Barras
2026-02-24 19:12:01,781 - INFO - ✅ Barras: 3 páginas
2026-02-24 19:12:01,782 - INFO - ***************************************************
2026-02-24 19:12:01,782 - INFO - Procesando 40/100 -> Granola
2026-02-24 19:12:02,149 - INFO - ✅ Granola: 1 páginas
2026-02-24 19:12:02,149 - INFO - ***************************************************
2026-02-24 19:12:02,149 - INFO - Procesando 41/100 -> Fitness
2026-02-24 19:12:02,355 - ERROR - ✅ Fitness:  NO TIENE PAGINAS
2026-02-24 19:12:02,355 - INFO - ***************************************************
2026-02-24 19:12:02,355 - INFO - Procesando 42/100 -> Salvado De Avena
2026-02-24 19:12:02,609 - INFO - ✅ Salvado De Avena: 1 páginas
2026-02-24 19:12:02,609 - INFO - ***************************************************
2026-02-24 19:12:02,609 - INFO - Procesando 43/100 -> Endulzantes
2026-02-24 19:12:02,965 - INFO - ✅ Endulzantes: 5 páginas
2026-02-24 19:12:02,965 - INFO - ***************************************************
2026-02-24 19:12:02,965 - INFO - Procesando 44/100 -> Azúcar
2026-02-24 19:12:03,273 - INFO - ✅ Azúcar: 1 páginas
2026-02-24 19:12:03,273 - INFO - ***************************************************
2026-02-24 19:12:03,273 - INFO - Procesando 45/100 -> Edulcorante
2026-02-24 19:12:03,623 - INFO - ✅ Edulcorante: 4 páginas
2026-02-24 19:12:03,624 - INFO - ***************************************************
2026-02-24 19:12:03,624 - INFO - Procesando 46/100 -> Aderezos Y Salsas
2026-02-24 19:12:04,054 - INFO - ✅ Aderezos Y Salsas: 19 páginas
2026-02-24 19:12:04,054 - INFO - ***************************************************
2026-02-24 19:12:04,054 - INFO - Procesando 47/100 -> Mayonesas
2026-02-24 19:12:04,398 - INFO - ✅ Mayonesas: 4 páginas
2026-02-24 19:12:04,398 - INFO - ***************************************************
2026-02-24 19:12:04,398 - INFO - Procesando 48/100 -> Mostazas
2026-02-24 19:12:04,683 - INFO - ✅ Mostazas: 2 páginas
2026-02-24 19:12:04,683 - INFO - ***************************************************
2026-02-24 19:12:04,683 - INFO - Procesando 49/100 -> Ketchup
2026-02-24 19:12:05,069 - INFO - ✅ Ketchup: 2 páginas
2026-02-24 19:12:05,069 - INFO - ***************************************************
2026-02-24 19:12:05,069 - INFO - Procesando 50/100 -> Salsas Golf
2026-02-24 19:12:05,404 - ERROR - ❌ Error en categoría: Salsas Golf
2026-02-24 19:12:05,405 - ERROR - Detalle: 500 Server Error: Internal Server Error for url: https://www.cotodigital.com.ar/sitios/cdigi/categoria/catalogo-almac%C3%A9n-aderezos-y-salsas-salsas-golf/_/N-faua8f?format=json
2026-02-24 19:12:05,405 - INFO - ***************************************************
2026-02-24 19:12:05,405 - INFO - Procesando 51/100 -> Aderezo Caesar
2026-02-24 19:12:05,991 - INFO - ✅ Aderezo Caesar: 1 páginas
2026-02-24 19:12:05,991 - INFO - ***************************************************
2026-02-24 19:12:05,991 - INFO - Procesando 52/100 -> Aderezo De Soja
2026-02-24 19:12:06,465 - INFO - ✅ Aderezo De Soja: 2 páginas
2026-02-24 19:12:06,465 - INFO - ***************************************************
2026-02-24 19:12:06,465 - INFO - Procesando 53/100 -> Aderezo Yogur
2026-02-24 19:12:06,731 - ERROR - ✅ Aderezo Yogur:  NO TIENE PAGINAS
2026-02-24 19:12:06,731 - INFO - ***************************************************
2026-02-24 19:12:06,731 - INFO - Procesando 54/100 -> Aderezo Dkt
2026-02-24 19:12:07,082 - INFO - ✅ Aderezo Dkt: 2 páginas
2026-02-24 19:12:07,082 - INFO - ***************************************************
2026-02-24 19:12:07,082 - INFO - Procesando 55/100 -> Barbacoa
2026-02-24 19:12:07,426 - INFO - ✅ Barbacoa: 2 páginas
2026-02-24 19:12:07,426 - INFO - ***************************************************
2026-02-24 19:12:07,426 - INFO - Procesando 56/100 -> Chimichurri
2026-02-24 19:12:07,768 - INFO - ✅ Chimichurri: 1 páginas
2026-02-24 19:12:07,768 - INFO - ***************************************************
2026-02-24 19:12:07,768 - INFO - Procesando 57/100 -> Salsa Inglesa
2026-02-24 19:12:07,983 - INFO - ✅ Salsa Inglesa: 1 páginas
2026-02-24 19:12:07,984 - INFO - ***************************************************
2026-02-24 19:12:07,984 - INFO - Procesando 58/100 -> Tabasco
2026-02-24 19:12:08,328 - INFO - ✅ Tabasco: 1 páginas
2026-02-24 19:12:08,328 - INFO - ***************************************************
2026-02-24 19:12:08,328 - INFO - Procesando 59/100 -> Condimentos Saborizantes
2026-02-24 19:12:08,650 - INFO - ✅ Condimentos Saborizantes: 2 páginas
2026-02-24 19:12:08,650 - INFO - ***************************************************
2026-02-24 19:12:08,650 - INFO - Procesando 60/100 -> Quesos
2026-02-24 19:12:08,896 - INFO - ✅ Quesos: 1 páginas
2026-02-24 19:12:08,896 - INFO - ***************************************************
2026-02-24 19:12:08,897 - INFO - Procesando 61/100 -> Aderezos Refrigerados
2026-02-24 19:12:09,222 - INFO - ✅ Aderezos Refrigerados: 1 páginas
2026-02-24 19:12:09,222 - INFO - ***************************************************
2026-02-24 19:12:09,222 - INFO - Procesando 62/100 -> Salsa Picante
2026-02-24 19:12:09,675 - INFO - ✅ Salsa Picante: 2 páginas
2026-02-24 19:12:09,675 - INFO - ***************************************************
2026-02-24 19:12:09,675 - INFO - Procesando 63/100 -> Salsa De Ajo
2026-02-24 19:12:10,012 - INFO - ✅ Salsa De Ajo: 1 páginas
2026-02-24 19:12:10,012 - INFO - ***************************************************
2026-02-24 19:12:10,012 - INFO - Procesando 64/100 -> Aderezo Barbacoa
2026-02-24 19:12:10,230 - ERROR - ✅ Aderezo Barbacoa:  NO TIENE PAGINAS
2026-02-24 19:12:10,230 - INFO - ***************************************************
2026-02-24 19:12:10,230 - INFO - Procesando 65/100 -> Pesto
2026-02-24 19:12:10,581 - INFO - ✅ Pesto: 1 páginas
2026-02-24 19:12:10,581 - INFO - ***************************************************
2026-02-24 19:12:10,581 - INFO - Procesando 66/100 -> Salsa Blanca
2026-02-24 19:12:10,810 - INFO - ✅ Salsa Blanca: 1 páginas
2026-02-24 19:12:10,810 - INFO - ***************************************************
2026-02-24 19:12:10,810 - INFO - Procesando 67/100 -> Salsa Guacamole
2026-02-24 19:12:11,148 - INFO - ✅ Salsa Guacamole: 1 páginas
2026-02-24 19:12:11,148 - INFO - ***************************************************
2026-02-24 19:12:11,148 - INFO - Procesando 68/100 -> Babaganush
2026-02-24 19:12:11,483 - INFO - ✅ Babaganush: 1 páginas
2026-02-24 19:12:11,483 - INFO - ***************************************************
2026-02-24 19:12:11,483 - INFO - Procesando 69/100 -> Coleslaw
2026-02-24 19:12:11,848 - ERROR - ✅ Coleslaw:  NO TIENE PAGINAS
2026-02-24 19:12:11,848 - INFO - ***************************************************
2026-02-24 19:12:11,848 - INFO - Procesando 70/100 -> Infusiones
2026-02-24 19:12:12,286 - INFO - ✅ Infusiones: 25 páginas
2026-02-24 19:12:12,286 - INFO - ***************************************************
2026-02-24 19:12:12,286 - INFO - Procesando 71/100 -> Café
2026-02-24 19:12:12,841 - INFO - ✅ Café: 8 páginas
2026-02-24 19:12:12,841 - INFO - ***************************************************
2026-02-24 19:12:12,841 - INFO - Procesando 72/100 -> Mate
2026-02-24 19:12:13,148 - INFO - ✅ Mate: 7 páginas
2026-02-24 19:12:13,148 - INFO - ***************************************************
2026-02-24 19:12:13,148 - INFO - Procesando 73/100 -> Té
2026-02-24 19:12:13,478 - INFO - ✅ Té: 9 páginas
2026-02-24 19:12:13,478 - INFO - ***************************************************
2026-02-24 19:12:13,478 - INFO - Procesando 74/100 -> Cacao En Polvo
2026-02-24 19:12:13,734 - INFO - ✅ Cacao En Polvo: 1 páginas
2026-02-24 19:12:13,734 - INFO - ***************************************************
2026-02-24 19:12:13,734 - INFO - Procesando 75/100 -> Mate Cocido
2026-02-24 19:12:14,073 - INFO - ✅ Mate Cocido: 2 páginas
2026-02-24 19:12:14,074 - INFO - ***************************************************
2026-02-24 19:12:14,074 - INFO - Procesando 76/100 -> Complementos Para Infusiones
2026-02-24 19:12:14,616 - INFO - ✅ Complementos Para Infusiones: 1 páginas
2026-02-24 19:12:14,616 - INFO - ***************************************************
2026-02-24 19:12:14,616 - INFO - Procesando 77/100 -> Cebada
2026-02-24 19:12:14,854 - INFO - ✅ Cebada: 1 páginas
2026-02-24 19:12:14,854 - INFO - ***************************************************
2026-02-24 19:12:14,854 - INFO - Procesando 78/100 -> Conservas
2026-02-24 19:12:15,153 - INFO - ✅ Conservas: 7 páginas
2026-02-24 19:12:15,153 - INFO - ***************************************************
2026-02-24 19:12:15,153 - INFO - Procesando 79/100 -> Conservas De Carne
2026-02-24 19:12:15,447 - INFO - ✅ Conservas De Carne: 1 páginas
2026-02-24 19:12:15,447 - INFO - ***************************************************
2026-02-24 19:12:15,447 - INFO - Procesando 80/100 -> Conservas De Frutas
2026-02-24 19:12:15,867 - INFO - ✅ Conservas De Frutas: 1 páginas
2026-02-24 19:12:15,867 - INFO - ***************************************************
2026-02-24 19:12:15,867 - INFO - Procesando 81/100 -> Conservas De Pescado
2026-02-24 19:12:16,193 - INFO - ✅ Conservas De Pescado: 3 páginas
2026-02-24 19:12:16,193 - INFO - ***************************************************
2026-02-24 19:12:16,193 - INFO - Procesando 82/100 -> Conservas Vegetal
2026-02-24 19:12:16,549 - INFO - ✅ Conservas Vegetal: 4 páginas
2026-02-24 19:12:16,549 - INFO - ***************************************************
2026-02-24 19:12:16,550 - INFO - Procesando 83/100 -> Comidas Listas
2026-02-24 19:12:16,878 - ERROR - ✅ Comidas Listas:  NO TIENE PAGINAS
2026-02-24 19:12:16,878 - INFO - ***************************************************
2026-02-24 19:12:16,878 - INFO - Procesando 84/100 -> Harinas
2026-02-24 19:12:17,217 - INFO - ✅ Harinas: 6 páginas
2026-02-24 19:12:17,217 - INFO - ***************************************************
2026-02-24 19:12:17,217 - INFO - Procesando 85/100 -> Harina De Arroz
2026-02-24 19:12:17,558 - INFO - ✅ Harina De Arroz: 1 páginas
2026-02-24 19:12:17,558 - INFO - ***************************************************
2026-02-24 19:12:17,558 - INFO - Procesando 86/100 -> Harina De Trigo
2026-02-24 19:12:17,886 - INFO - ✅ Harina De Trigo: 1 páginas
2026-02-24 19:12:17,886 - INFO - ***************************************************
2026-02-24 19:12:17,886 - INFO - Procesando 87/100 -> Harina De Maíz
2026-02-24 19:12:18,135 - INFO - ✅ Harina De Maíz: 1 páginas
2026-02-24 19:12:18,135 - INFO - ***************************************************
2026-02-24 19:12:18,135 - INFO - Procesando 88/100 -> Premezcla
2026-02-24 19:12:18,533 - INFO - ✅ Premezcla: 2 páginas
2026-02-24 19:12:18,533 - INFO - ***************************************************
2026-02-24 19:12:18,533 - INFO - Procesando 89/100 -> Sémola
2026-02-24 19:12:18,909 - INFO - ✅ Sémola: 1 páginas
2026-02-24 19:12:18,909 - INFO - ***************************************************
2026-02-24 19:12:18,909 - INFO - Procesando 90/100 -> Harina Orgánica
2026-02-24 19:12:19,149 - INFO - ✅ Harina Orgánica: 1 páginas
2026-02-24 19:12:19,149 - INFO - ***************************************************
2026-02-24 19:12:19,149 - INFO - Procesando 91/100 -> Harina Sin Gluten
2026-02-24 19:12:19,355 - INFO - ✅ Harina Sin Gluten: 1 páginas
2026-02-24 19:12:19,356 - INFO - ***************************************************
2026-02-24 19:12:19,356 - INFO - Procesando 92/100 -> Harina Leudante
2026-02-24 19:12:19,664 - INFO - ✅ Harina Leudante: 1 páginas
2026-02-24 19:12:19,664 - INFO - ***************************************************
2026-02-24 19:12:19,664 - INFO - Procesando 93/100 -> Cous Cous
2026-02-24 19:12:20,016 - INFO - ✅ Cous Cous: 1 páginas
2026-02-24 19:12:20,016 - INFO - ***************************************************
2026-02-24 19:12:20,016 - INFO - Procesando 94/100 -> Garbanzo
2026-02-24 19:12:20,256 - INFO - ✅ Garbanzo: 1 páginas
2026-02-24 19:12:20,256 - INFO - ***************************************************
2026-02-24 19:12:20,256 - INFO - Procesando 95/100 -> Harina Integral
2026-02-24 19:12:20,572 - INFO - ✅ Harina Integral: 1 páginas
2026-02-24 19:12:20,572 - INFO - ***************************************************
2026-02-24 19:12:20,572 - INFO - Procesando 96/100 -> Harina De Legumbres
2026-02-24 19:12:20,835 - INFO - ✅ Harina De Legumbres: 1 páginas
2026-02-24 19:12:20,836 - INFO - ***************************************************
2026-02-24 19:12:20,836 - INFO - Procesando 97/100 -> Harina De Maní
2026-02-24 19:12:21,168 - INFO - ✅ Harina De Maní: 1 páginas
2026-02-24 19:12:21,170 - INFO - ***************************************************
2026-02-24 19:12:21,170 - INFO - Procesando 98/100 -> Harina De Almendras
2026-02-24 19:12:21,498 - INFO - ✅ Harina De Almendras: 1 páginas
2026-02-24 19:12:21,498 - INFO - ***************************************************
2026-02-24 19:12:21,498 - INFO - Procesando 99/100 -> Encurtidos
2026-02-24 19:12:21,834 - INFO - ✅ Encurtidos: 5 páginas
2026-02-24 19:12:21,834 - INFO - ***************************************************
2026-02-24 19:12:21,834 - INFO - Procesando 100/100 -> Aceitunas
2026-02-24 19:12:22,182 - INFO - ✅ Aceitunas: 4 páginas
2026-02-24 19:12:22,185 - INFO - 🗑 Archivo eliminado: Coto\categorias.json ✔
2026-02-24 19:12:22,185 - INFO - 📦 JSON final generado en: Coto\categorias_paginadas.json
2026-02-24 19:12:22,186 - INFO - 📌 Lista resumida creada: 93 categorías con URLs
