2026-02-26 12:25:16,199 - INFO - ***************************************************
2026-02-26 12:25:16,199 - INFO - Procesando 1/3 -> Golosinas
2026-02-26 12:25:16,970 - INFO - ✅ Golosinas: 26 páginas
2026-02-26 12:25:16,970 - INFO - ***************************************************
2026-02-26 12:25:16,970 - INFO - Procesando 2/3 -> Alfajores
2026-02-26 12:25:17,828 - INFO - ✅ Alfajores: 6 páginas
2026-02-26 12:25:17,828 - INFO - ***************************************************
2026-02-26 12:25:17,828 - INFO - Procesando 3/3 -> Chocolates
2026-02-26 12:25:18,087 - INFO - ✅ Chocolates: 8 páginas
2026-02-26 12:25:18,095 - INFO - 🗑 Archivo eliminado: Coto\categorias.json ✔
2026-02-26 12:25:18,095 - INFO - 📦 JSON final generado en: Coto\categorias_paginadas.json
2026-02-26 12:25:18,096 - INFO - 📌 Lista resumida creada: 3 categorías con URLs
2026-02-26 12:25:18,096 - INFO - 📦 Scrapeando categoría 1/3: Golosinas (páginas: 26)
2026-02-26 12:25:18,826 - INFO -    Página 1/26 -> productos: 24
2026-02-26 12:25:19,066 - INFO -    Página 2/26 -> productos: 24
2026-02-26 12:25:19,373 - INFO -    Página 3/26 -> productos: 24
2026-02-26 12:25:19,596 - INFO -    Página 4/26 -> productos: 24
2026-02-26 12:25:19,852 - INFO -    Página 5/26 -> productos: 24
2026-02-26 12:25:20,097 - INFO -    Página 6/26 -> productos: 24
2026-02-26 12:25:20,327 - INFO -    Página 7/26 -> productos: 24
2026-02-26 12:25:20,549 - INFO -    Página 8/26 -> productos: 24
2026-02-26 12:25:20,775 - INFO -    Página 9/26 -> productos: 24
2026-02-26 12:25:20,992 - INFO -    Página 10/26 -> productos: 24
2026-02-26 12:25:21,224 - INFO -    Página 11/26 -> productos: 24
2026-02-26 12:25:21,497 - INFO -    Página 12/26 -> productos: 24
2026-02-26 12:25:21,681 - INFO -    Página 13/26 -> productos: 24
2026-02-26 12:25:21,908 - INFO -    Página 14/26 -> productos: 24
2026-02-26 12:25:22,136 - INFO -    Página 15/26 -> productos: 24
2026-02-26 12:25:22,342 - INFO -    Página 16/26 -> productos: 24
2026-02-26 12:25:22,587 - INFO -    Página 17/26 -> productos: 24
2026-02-26 12:25:22,820 - INFO -    Página 18/26 -> productos: 24
2026-02-26 12:25:23,087 - INFO -    Página 19/26 -> productos: 24
2026-02-26 12:25:23,324 - INFO -    Página 20/26 -> productos: 24
2026-02-26 12:25:23,554 - INFO -    Página 21/26 -> productos: 24
2026-02-26 12:25:23,789 - INFO -    Página 22/26 -> productos: 24
2026-02-26 12:25:24,027 - INFO -    Página 23/26 -> productos: 24
2026-02-26 12:25:24,256 - INFO -    Página 24/26 -> productos: 24
2026-02-26 12:25:24,498 - INFO -    Página 25/26 -> productos: 24
2026-02-26 12:25:24,737 - INFO -    Página 26/26 -> productos: 17
2026-02-26 12:25:24,738 - INFO - 📦 Scrapeando categoría 2/3: Alfajores (páginas: 6)
2026-02-26 12:25:24,977 - INFO -    Página 1/6 -> productos: 24
2026-02-26 12:25:25,200 - INFO -    Página 2/6 -> productos: 24
2026-02-26 12:25:25,497 - INFO -    Página 3/6 -> productos: 24
2026-02-26 12:25:25,730 - INFO -    Página 4/6 -> productos: 24
2026-02-26 12:25:25,957 - INFO -    Página 5/6 -> productos: 24
2026-02-26 12:25:26,207 - INFO -    Página 6/6 -> productos: 22
2026-02-26 12:25:26,208 - INFO - 📦 Scrapeando categoría 3/3: Chocolates (páginas: 8)
2026-02-26 12:25:26,417 - INFO -    Página 1/8 -> productos: 24
2026-02-26 12:25:26,667 - INFO -    Página 2/8 -> productos: 24
2026-02-26 12:25:26,924 - INFO -    Página 3/8 -> productos: 24
2026-02-26 12:25:27,165 - INFO -    Página 4/8 -> productos: 24
2026-02-26 12:25:27,414 - INFO -    Página 5/8 -> productos: 24
2026-02-26 12:25:27,682 - INFO -    Página 6/8 -> productos: 24
2026-02-26 12:25:27,932 - INFO -    Página 7/8 -> productos: 24
2026-02-26 12:25:28,177 - INFO -    Página 8/8 -> productos: 17
2026-02-26 12:25:28,194 - INFO - ✅ Productos guardados en: Coto\productos_nombre_precio.json
