2026-02-24 19:24:19,398 - INFO - ***************************************************
2026-02-24 19:24:19,399 - INFO - Procesando 1/100 -> Golosinas
2026-02-24 19:24:20,125 - INFO - ✅ Golosinas: 26 páginas
2026-02-24 19:24:20,125 - INFO - ***************************************************
2026-02-24 19:24:20,125 - INFO - Procesando 2/100 -> Alfajores
2026-02-24 19:24:20,368 - INFO - ✅ Alfajores: 6 páginas
2026-02-24 19:24:20,368 - INFO - ***************************************************
2026-02-24 19:24:20,368 - INFO - Procesando 3/100 -> Chocolates
2026-02-24 19:24:20,712 - INFO - ✅ Chocolates: 8 páginas
2026-02-24 19:24:20,712 - INFO - ***************************************************
2026-02-24 19:24:20,712 - INFO - Procesando 4/100 -> Caramelos Y Chupetines
2026-02-24 19:24:20,935 - INFO - ✅ Caramelos Y Chupetines: 5 páginas
2026-02-24 19:24:20,935 - INFO - ***************************************************
2026-02-24 19:24:20,935 - INFO - Procesando 5/100 -> Chicles Y Pastillas
2026-02-24 19:24:21,260 - INFO - ✅ Chicles Y Pastillas: 2 páginas
2026-02-24 19:24:21,260 - INFO - ***************************************************
2026-02-24 19:24:21,261 - INFO - Procesando 6/100 -> Bombones Y Bocaditos
2026-02-24 19:24:21,478 - INFO - ✅ Bombones Y Bocaditos: 2 páginas
2026-02-24 19:24:21,478 - INFO - ***************************************************
2026-02-24 19:24:21,478 - INFO - Procesando 7/100 -> Confituras
2026-02-24 19:24:21,706 - INFO - ✅ Confituras: 1 páginas
2026-02-24 19:24:21,707 - INFO - ***************************************************
2026-02-24 19:24:21,707 - INFO - Procesando 8/100 -> Donas, Rolls Y Bizcochuelos
2026-02-24 19:24:21,934 - INFO - ✅ Donas, Rolls Y Bizcochuelos: 1 páginas
2026-02-24 19:24:21,934 - INFO - ***************************************************
2026-02-24 19:24:21,934 - INFO - Procesando 9/100 -> Gomitas Y Gelatinas
2026-02-24 19:24:22,161 - INFO - ✅ Gomitas Y Gelatinas: 3 páginas
2026-02-24 19:24:22,161 - INFO - ***************************************************
2026-02-24 19:24:22,161 - INFO - Procesando 10/100 -> Malvaviscos
2026-02-24 19:24:22,378 - INFO - ℹ️ Malvaviscos: no tiene páginas (0)
2026-02-24 19:24:22,378 - INFO - ***************************************************
2026-02-24 19:24:22,378 - INFO - Procesando 11/100 -> Obleas, Turrones Y Postres De Maní
2026-02-24 19:24:22,618 - INFO - ✅ Obleas, Turrones Y Postres De Maní: 2 páginas
2026-02-24 19:24:22,618 - INFO - ***************************************************
2026-02-24 19:24:22,618 - INFO - Procesando 12/100 -> Tabletas
2026-02-24 19:24:22,826 - INFO - ✅ Tabletas: 1 páginas
2026-02-24 19:24:22,827 - INFO - ***************************************************
2026-02-24 19:24:22,827 - INFO - Procesando 13/100 -> Panaderia
2026-02-24 19:24:24,427 - INFO - ✅ Panaderia: 44 páginas
2026-02-24 19:24:24,427 - INFO - ***************************************************
2026-02-24 19:24:24,427 - INFO - Procesando 14/100 -> Galletitas
2026-02-24 19:24:26,474 - INFO - ✅ Galletitas: 19 páginas
2026-02-24 19:24:26,474 - INFO - ***************************************************
2026-02-24 19:24:26,474 - INFO - Procesando 15/100 -> Panaderia Propia
2026-02-24 19:24:26,805 - INFO - ✅ Panaderia Propia: 11 páginas
2026-02-24 19:24:26,806 - INFO - ***************************************************
2026-02-24 19:24:26,806 - INFO - Procesando 16/100 -> Panificados
2026-02-24 19:24:27,114 - INFO - ✅ Panificados: 7 páginas
2026-02-24 19:24:27,114 - INFO - ***************************************************
2026-02-24 19:24:27,114 - INFO - Procesando 17/100 -> Galletas, Tostadas Y Grisines
2026-02-24 19:24:27,332 - INFO - ✅ Galletas, Tostadas Y Grisines: 4 páginas
2026-02-24 19:24:27,333 - INFO - ***************************************************
2026-02-24 19:24:27,333 - INFO - Procesando 18/100 -> Bizcochos
2026-02-24 19:24:27,679 - INFO - ✅ Bizcochos: 2 páginas
2026-02-24 19:24:27,679 - INFO - ***************************************************
2026-02-24 19:24:27,679 - INFO - Procesando 19/100 -> Bizcochuelos Y Especialidades
2026-02-24 19:24:42,686 - INFO - ***************************************************
2026-02-24 19:24:42,686 - INFO - Procesando 1/3 -> Golosinas
2026-02-24 19:24:43,336 - INFO - ✅ Golosinas: 26 páginas
2026-02-24 19:24:43,336 - INFO - ***************************************************
2026-02-24 19:24:43,336 - INFO - Procesando 2/3 -> Alfajores
2026-02-24 19:24:43,743 - INFO - ✅ Alfajores: 6 páginas
2026-02-24 19:24:43,743 - INFO - ***************************************************
2026-02-24 19:24:43,743 - INFO - Procesando 3/3 -> Chocolates
2026-02-24 19:24:43,993 - INFO - ✅ Chocolates: 8 páginas
2026-02-24 19:24:43,995 - INFO - 🗑 Archivo eliminado: Coto\categorias.json ✔
2026-02-24 19:24:43,995 - INFO - 📦 JSON final generado en: Coto\categorias_paginadas.json
2026-02-24 19:24:43,995 - INFO - 📌 Lista resumida creada: 3 categorías con URLs
2026-02-24 19:24:43,995 - INFO - 📦 Scrapeando categoría 1/3: Golosinas (páginas: 26)
2026-02-24 19:24:44,761 - INFO -    Página 1/26 -> productos: 0
2026-02-24 19:24:45,138 - INFO -    Página 2/26 -> productos: 0
2026-02-24 19:24:45,597 - INFO -    Página 3/26 -> productos: 0
2026-02-24 19:24:45,993 - INFO -    Página 4/26 -> productos: 0
2026-02-24 19:24:46,223 - INFO -    Página 5/26 -> productos: 0
2026-02-24 19:24:46,559 - INFO -    Página 6/26 -> productos: 0
2026-02-24 19:24:46,918 - INFO -    Página 7/26 -> productos: 0
2026-02-24 19:24:47,337 - INFO -    Página 8/26 -> productos: 0
2026-02-24 19:24:47,688 - INFO -    Página 9/26 -> productos: 0
2026-02-24 19:24:48,016 - INFO -    Página 10/26 -> productos: 0
2026-02-24 19:24:48,465 - INFO -    Página 11/26 -> productos: 0
2026-02-24 19:24:48,823 - INFO -    Página 12/26 -> productos: 0
2026-02-24 19:24:49,263 - INFO -    Página 13/26 -> productos: 0
2026-02-24 19:24:49,603 - INFO -    Página 14/26 -> productos: 0
2026-02-24 19:24:49,851 - INFO -    Página 15/26 -> productos: 0
2026-02-24 19:24:50,298 - INFO -    Página 16/26 -> productos: 0
2026-02-24 19:24:51,058 - INFO -    Página 17/26 -> productos: 0
2026-02-24 19:24:53,076 - INFO -    Página 18/26 -> productos: 0
2026-02-24 19:24:53,402 - INFO -    Página 19/26 -> productos: 0
2026-02-24 19:24:53,757 - INFO -    Página 20/26 -> productos: 0
2026-02-24 19:24:54,096 - INFO -    Página 21/26 -> productos: 0
2026-02-24 19:24:54,517 - INFO -    Página 22/26 -> productos: 0
2026-02-24 19:24:54,917 - INFO -    Página 23/26 -> productos: 0
2026-02-24 19:24:55,238 - INFO -    Página 24/26 -> productos: 0
2026-02-24 19:24:55,555 - INFO -    Página 25/26 -> productos: 0
2026-02-24 19:24:55,785 - INFO -    Página 26/26 -> productos: 0
2026-02-24 19:24:55,786 - INFO - 📦 Scrapeando categoría 2/3: Alfajores (páginas: 6)
2026-02-24 19:24:56,132 - INFO -    Página 1/6 -> productos: 0
2026-02-24 19:24:56,318 - INFO -    Página 2/6 -> productos: 0
2026-02-24 19:24:56,699 - INFO -    Página 3/6 -> productos: 0
2026-02-24 19:24:57,053 - INFO -    Página 4/6 -> productos: 0
2026-02-24 19:24:57,515 - INFO -    Página 5/6 -> productos: 0
2026-02-24 19:24:57,805 - INFO -    Página 6/6 -> productos: 0
2026-02-24 19:24:57,805 - INFO - 📦 Scrapeando categoría 3/3: Chocolates (páginas: 8)
2026-02-24 19:24:58,148 - INFO -    Página 1/8 -> productos: 0
2026-02-24 19:24:58,788 - INFO -    Página 2/8 -> productos: 0
2026-02-24 19:24:59,161 - INFO -    Página 3/8 -> productos: 0
2026-02-24 19:24:59,608 - INFO -    Página 4/8 -> productos: 0
2026-02-24 19:24:59,967 - INFO -    Página 5/8 -> productos: 0
2026-02-24 19:25:00,394 - INFO -    Página 6/8 -> productos: 0
2026-02-24 19:25:00,753 - INFO -    Página 7/8 -> productos: 0
2026-02-24 19:25:01,077 - INFO -    Página 8/8 -> productos: 0
2026-02-24 19:25:01,078 - INFO - ✅ Productos guardados en: Coto\productos_nombre_precio.json
