2026-02-24 19:39:49,683 - INFO - ***************************************************
2026-02-24 19:39:49,683 - INFO - Procesando 1/3 -> Golosinas
2026-02-24 19:39:50,314 - INFO - ✅ Golosinas: 26 páginas
2026-02-24 19:39:50,314 - INFO - ***************************************************
2026-02-24 19:39:50,314 - INFO - Procesando 2/3 -> Alfajores
2026-02-24 19:39:50,705 - INFO - ✅ Alfajores: 6 páginas
2026-02-24 19:39:50,705 - INFO - ***************************************************
2026-02-24 19:39:50,705 - INFO - Procesando 3/3 -> Chocolates
2026-02-24 19:39:50,975 - INFO - ✅ Chocolates: 8 páginas
2026-02-24 19:39:50,981 - INFO - 🗑 Archivo eliminado: Coto\categorias.json ✔
2026-02-24 19:39:50,981 - INFO - 📦 JSON final generado en: Coto\categorias_paginadas.json
2026-02-24 19:39:50,981 - INFO - 📌 Lista resumida creada: 3 categorías con URLs
2026-02-24 19:39:50,981 - INFO - 📦 Scrapeando categoría 1/3: Golosinas (páginas: 26)
2026-02-24 19:39:51,459 - INFO -    Página 1/26 -> productos: 24
2026-02-24 19:39:51,798 - INFO -    Página 2/26 -> productos: 24
2026-02-24 19:39:52,133 - INFO -    Página 3/26 -> productos: 24
2026-02-24 19:39:52,458 - INFO -    Página 4/26 -> productos: 24
2026-02-24 19:39:52,702 - INFO -    Página 5/26 -> productos: 24
2026-02-24 19:39:52,918 - INFO -    Página 6/26 -> productos: 24
2026-02-24 19:39:53,229 - INFO -    Página 7/26 -> productos: 24
2026-02-24 19:39:53,488 - INFO -    Página 8/26 -> productos: 24
2026-02-24 19:39:53,858 - INFO -    Página 9/26 -> productos: 24
2026-02-24 19:39:54,268 - INFO -    Página 10/26 -> productos: 24
2026-02-24 19:39:54,506 - INFO -    Página 11/26 -> productos: 24
2026-02-24 19:39:54,916 - INFO -    Página 12/26 -> productos: 24
2026-02-24 19:39:55,167 - INFO -    Página 13/26 -> productos: 24
2026-02-24 19:39:55,377 - INFO -    Página 14/26 -> productos: 24
2026-02-24 19:39:55,695 - INFO -    Página 15/26 -> productos: 24
2026-02-24 19:39:56,083 - INFO -    Página 16/26 -> productos: 24
2026-02-24 19:39:56,334 - INFO -    Página 17/26 -> productos: 24
2026-02-24 19:39:56,621 - INFO -    Página 18/26 -> productos: 24
2026-02-24 19:39:56,960 - INFO -    Página 19/26 -> productos: 24
2026-02-24 19:39:57,176 - INFO -    Página 20/26 -> productos: 24
2026-02-24 19:39:57,500 - INFO -    Página 21/26 -> productos: 24
2026-02-24 19:39:57,954 - INFO -    Página 22/26 -> productos: 24
2026-02-24 19:39:58,202 - INFO -    Página 23/26 -> productos: 24
2026-02-24 19:39:58,519 - INFO -    Página 24/26 -> productos: 24
2026-02-24 19:39:58,877 - INFO -    Página 25/26 -> productos: 24
2026-02-24 19:39:59,326 - INFO -    Página 26/26 -> productos: 18
2026-02-24 19:39:59,326 - INFO - 📦 Scrapeando categoría 2/3: Alfajores (páginas: 6)
2026-02-24 19:39:59,677 - INFO -    Página 1/6 -> productos: 24
2026-02-24 19:39:59,885 - INFO -    Página 2/6 -> productos: 24
2026-02-24 19:40:00,104 - INFO -    Página 3/6 -> productos: 24
2026-02-24 19:40:00,351 - INFO -    Página 4/6 -> productos: 24
2026-02-24 19:40:00,689 - INFO -    Página 5/6 -> productos: 24
2026-02-24 19:40:01,020 - INFO -    Página 6/6 -> productos: 20
2026-02-24 19:40:01,020 - INFO - 📦 Scrapeando categoría 3/3: Chocolates (páginas: 8)
2026-02-24 19:40:01,335 - INFO -    Página 1/8 -> productos: 24
2026-02-24 19:40:01,689 - INFO -    Página 2/8 -> productos: 24
2026-02-24 19:40:01,922 - INFO -    Página 3/8 -> productos: 24
2026-02-24 19:40:02,137 - INFO -    Página 4/8 -> productos: 24
2026-02-24 19:40:02,435 - INFO -    Página 5/8 -> productos: 24
2026-02-24 19:40:02,933 - INFO -    Página 6/8 -> productos: 24
2026-02-24 19:40:03,470 - INFO -    Página 7/8 -> productos: 24
2026-02-24 19:40:03,832 - INFO -    Página 8/8 -> productos: 18
2026-02-24 19:40:03,839 - INFO - ✅ Productos guardados en: Coto\productos_nombre_precio.json
