2026-02-24 20:01:49,788 - INFO - ***************************************************
2026-02-24 20:01:49,788 - INFO - Procesando 1/3 -> Golosinas
2026-02-24 20:01:50,410 - INFO - ✅ Golosinas: 26 páginas
2026-02-24 20:01:50,410 - INFO - ***************************************************
2026-02-24 20:01:50,410 - INFO - Procesando 2/3 -> Alfajores
2026-02-24 20:01:50,758 - INFO - ✅ Alfajores: 6 páginas
2026-02-24 20:01:50,758 - INFO - ***************************************************
2026-02-24 20:01:50,758 - INFO - Procesando 3/3 -> Chocolates
2026-02-24 20:01:51,112 - INFO - ✅ Chocolates: 8 páginas
2026-02-24 20:01:51,118 - INFO - 🗑 Archivo eliminado: Coto\categorias.json ✔
2026-02-24 20:01:51,118 - INFO - 📦 JSON final generado en: Coto\categorias_paginadas.json
2026-02-24 20:01:51,118 - INFO - 📌 Lista resumida creada: 3 categorías con URLs
2026-02-24 20:01:51,118 - INFO - 📦 Scrapeando categoría 1/3: Golosinas (páginas: 26)
2026-02-24 20:01:51,897 - INFO -    Página 1/26 -> productos: 24
2026-02-24 20:01:52,368 - INFO -    Página 2/26 -> productos: 24
2026-02-24 20:01:52,770 - INFO -    Página 3/26 -> productos: 24
2026-02-24 20:01:53,156 - INFO -    Página 4/26 -> productos: 24
2026-02-24 20:01:53,686 - INFO -    Página 5/26 -> productos: 24
2026-02-24 20:01:54,026 - INFO -    Página 6/26 -> productos: 24
2026-02-24 20:01:54,438 - INFO -    Página 7/26 -> productos: 24
2026-02-24 20:01:54,809 - INFO -    Página 8/26 -> productos: 24
2026-02-24 20:01:55,249 - INFO -    Página 9/26 -> productos: 24
2026-02-24 20:01:55,662 - INFO -    Página 10/26 -> productos: 24
2026-02-24 20:01:56,070 - INFO -    Página 11/26 -> productos: 24
2026-02-24 20:01:56,519 - INFO -    Página 12/26 -> productos: 24
2026-02-24 20:01:56,896 - INFO -    Página 13/26 -> productos: 24
2026-02-24 20:01:57,266 - INFO -    Página 14/26 -> productos: 24
2026-02-24 20:01:57,607 - INFO -    Página 15/26 -> productos: 24
2026-02-24 20:01:57,962 - INFO -    Página 16/26 -> productos: 24
2026-02-24 20:01:58,513 - INFO -    Página 17/26 -> productos: 24
2026-02-24 20:01:58,789 - INFO -    Página 18/26 -> productos: 24
2026-02-24 20:01:59,211 - INFO -    Página 19/26 -> productos: 24
2026-02-24 20:01:59,669 - INFO -    Página 20/26 -> productos: 24
2026-02-24 20:02:00,210 - INFO -    Página 21/26 -> productos: 24
2026-02-24 20:02:00,657 - INFO -    Página 22/26 -> productos: 24
2026-02-24 20:02:01,085 - INFO -    Página 23/26 -> productos: 24
2026-02-24 20:02:01,399 - INFO -    Página 24/26 -> productos: 24
2026-02-24 20:02:01,803 - INFO -    Página 25/26 -> productos: 24
2026-02-24 20:02:02,128 - INFO -    Página 26/26 -> productos: 18
2026-02-24 20:02:02,129 - INFO - 📦 Scrapeando categoría 2/3: Alfajores (páginas: 6)
2026-02-24 20:02:02,576 - INFO -    Página 1/6 -> productos: 24
2026-02-24 20:02:03,006 - INFO -    Página 2/6 -> productos: 24
2026-02-24 20:02:03,462 - INFO -    Página 3/6 -> productos: 24
2026-02-24 20:02:03,731 - INFO -    Página 4/6 -> productos: 24
2026-02-24 20:02:04,140 - INFO -    Página 5/6 -> productos: 24
2026-02-24 20:02:04,675 - INFO -    Página 6/6 -> productos: 20
2026-02-24 20:02:04,676 - INFO - 📦 Scrapeando categoría 3/3: Chocolates (páginas: 8)
2026-02-24 20:02:05,263 - INFO -    Página 1/8 -> productos: 24
2026-02-24 20:02:05,625 - INFO -    Página 2/8 -> productos: 24
2026-02-24 20:02:05,931 - INFO -    Página 3/8 -> productos: 24
2026-02-24 20:02:06,273 - INFO -    Página 4/8 -> productos: 24
2026-02-24 20:02:06,584 - INFO -    Página 5/8 -> productos: 24
2026-02-24 20:02:06,871 - INFO -    Página 6/8 -> productos: 24
2026-02-24 20:02:07,274 - INFO -    Página 7/8 -> productos: 24
2026-02-24 20:02:07,623 - INFO -    Página 8/8 -> productos: 18
2026-02-24 20:02:07,633 - INFO - ✅ Productos guardados en: Coto\productos_nombre_precio.json
