2026-02-24 18:45:46,140 - INFO - Procesando 1/10 -> Golosinas
2026-02-24 18:45:46,694 - INFO - ✅ Golosinas: 26 páginas
2026-02-24 18:45:46,694 - INFO - Procesando 2/10 -> Alfajores
2026-02-24 18:45:46,987 - INFO - ✅ Alfajores: 6 páginas
2026-02-24 18:45:46,987 - INFO - Procesando 3/10 -> Chocolates
2026-02-24 18:45:47,302 - INFO - ✅ Chocolates: 8 páginas
2026-02-24 18:45:47,302 - INFO - Procesando 4/10 -> Caramelos Y Chupetines
2026-02-24 18:45:47,531 - INFO - ✅ Caramelos Y Chupetines: 5 páginas
2026-02-24 18:45:47,531 - INFO - Procesando 5/10 -> Chicles Y Pastillas
2026-02-24 18:45:47,953 - INFO - ✅ Chicles Y Pastillas: 2 páginas
2026-02-24 18:45:47,953 - INFO - Procesando 6/10 -> Bombones Y Bocaditos
2026-02-24 18:45:48,223 - INFO - ✅ Bombones Y Bocaditos: 2 páginas
2026-02-24 18:45:48,223 - INFO - Procesando 7/10 -> Confituras
2026-02-24 18:45:48,558 - INFO - ✅ Confituras: 1 páginas
2026-02-24 18:45:48,558 - INFO - Procesando 8/10 -> Donas, Rolls Y Bizcochuelos
2026-02-24 18:45:48,823 - INFO - ✅ Donas, Rolls Y Bizcochuelos: 1 páginas
2026-02-24 18:45:48,823 - INFO - Procesando 9/10 -> Gomitas Y Gelatinas
2026-02-24 18:45:49,124 - INFO - ✅ Gomitas Y Gelatinas: 3 páginas
2026-02-24 18:45:49,124 - INFO - Procesando 10/10 -> Malvaviscos
2026-02-24 18:45:49,352 - INFO - ✅ Malvaviscos: 0 páginas
2026-02-24 18:45:49,354 - INFO - 🗑 Archivo eliminado: Coto\categorias.json ✔
2026-02-24 18:45:49,354 - INFO - 📦 JSON final generado en: Coto\categorias_paginadas.json
