2026-02-24 19:08:17,670 - INFO - ***************************************************
2026-02-24 19:08:17,670 - INFO - Procesando 1/100 -> Golosinas
2026-02-24 19:08:18,313 - INFO - ✅ Golosinas: 26 páginas
2026-02-24 19:08:18,313 - INFO - ***************************************************
2026-02-24 19:08:18,313 - INFO - Procesando 2/100 -> Alfajores
2026-02-24 19:08:18,683 - INFO - ✅ Alfajores: 6 páginas
2026-02-24 19:08:18,683 - INFO - ***************************************************
2026-02-24 19:08:18,683 - INFO - Procesando 3/100 -> Chocolates
2026-02-24 19:08:19,033 - INFO - ✅ Chocolates: 8 páginas
2026-02-24 19:08:19,033 - INFO - ***************************************************
2026-02-24 19:08:19,033 - INFO - Procesando 4/100 -> Caramelos Y Chupetines
2026-02-24 19:08:19,448 - INFO - ✅ Caramelos Y Chupetines: 5 páginas
2026-02-24 19:08:19,448 - INFO - ***************************************************
2026-02-24 19:08:19,448 - INFO - Procesando 5/100 -> Chicles Y Pastillas
2026-02-24 19:08:19,853 - INFO - ✅ Chicles Y Pastillas: 2 páginas
2026-02-24 19:08:19,853 - INFO - ***************************************************
2026-02-24 19:08:19,853 - INFO - Procesando 6/100 -> Bombones Y Bocaditos
2026-02-24 19:08:20,253 - INFO - ✅ Bombones Y Bocaditos: 2 páginas
2026-02-24 19:08:20,253 - INFO - ***************************************************
2026-02-24 19:08:20,253 - INFO - Procesando 7/100 -> Confituras
2026-02-24 19:08:20,708 - INFO - ✅ Confituras: 1 páginas
2026-02-24 19:08:20,708 - INFO - ***************************************************
2026-02-24 19:08:20,708 - INFO - Procesando 8/100 -> Donas, Rolls Y Bizcochuelos
2026-02-24 19:08:20,953 - INFO - ✅ Donas, Rolls Y Bizcochuelos: 1 páginas
2026-02-24 19:08:20,953 - INFO - ***************************************************
2026-02-24 19:08:20,953 - INFO - Procesando 9/100 -> Gomitas Y Gelatinas
2026-02-24 19:08:21,425 - INFO - ✅ Gomitas Y Gelatinas: 3 páginas
2026-02-24 19:08:21,426 - INFO - ***************************************************
2026-02-24 19:08:21,426 - INFO - Procesando 10/100 -> Malvaviscos
2026-02-24 19:08:21,731 - INFO - ✅ Malvaviscos: 0 páginas
2026-02-24 19:08:21,731 - INFO - ***************************************************
2026-02-24 19:08:21,731 - INFO - Procesando 11/100 -> Obleas, Turrones Y Postres De Maní
2026-02-24 19:08:22,066 - INFO - ✅ Obleas, Turrones Y Postres De Maní: 2 páginas
2026-02-24 19:08:22,066 - INFO - ***************************************************
2026-02-24 19:08:22,066 - INFO - Procesando 12/100 -> Tabletas
2026-02-24 19:08:22,337 - INFO - ✅ Tabletas: 1 páginas
2026-02-24 19:08:22,337 - INFO - ***************************************************
2026-02-24 19:08:22,337 - INFO - Procesando 13/100 -> Panaderia
2026-02-24 19:08:22,756 - INFO - ✅ Panaderia: 44 páginas
2026-02-24 19:08:22,756 - INFO - ***************************************************
2026-02-24 19:08:22,757 - INFO - Procesando 14/100 -> Galletitas
2026-02-24 19:08:23,211 - INFO - ✅ Galletitas: 19 páginas
2026-02-24 19:08:23,211 - INFO - ***************************************************
2026-02-24 19:08:23,211 - INFO - Procesando 15/100 -> Panaderia Propia
2026-02-24 19:08:23,631 - INFO - ✅ Panaderia Propia: 11 páginas
2026-02-24 19:08:23,631 - INFO - ***************************************************
2026-02-24 19:08:23,632 - INFO - Procesando 16/100 -> Panificados
2026-02-24 19:08:23,947 - INFO - ✅ Panificados: 7 páginas
2026-02-24 19:08:23,947 - INFO - ***************************************************
2026-02-24 19:08:23,947 - INFO - Procesando 17/100 -> Galletas, Tostadas Y Grisines
2026-02-24 19:08:24,423 - INFO - ✅ Galletas, Tostadas Y Grisines: 4 páginas
2026-02-24 19:08:24,423 - INFO - ***************************************************
2026-02-24 19:08:24,423 - INFO - Procesando 18/100 -> Bizcochos
2026-02-24 19:08:24,765 - INFO - ✅ Bizcochos: 2 páginas
2026-02-24 19:08:24,765 - INFO - ***************************************************
2026-02-24 19:08:24,765 - INFO - Procesando 19/100 -> Bizcochuelos Y Especialidades
2026-02-24 19:08:25,208 - INFO - ✅ Bizcochuelos Y Especialidades: 2 páginas
2026-02-24 19:08:25,208 - INFO - ***************************************************
2026-02-24 19:08:25,208 - INFO - Procesando 20/100 -> Turrones Y Confituras
2026-02-24 19:08:25,581 - INFO - ✅ Turrones Y Confituras: 1 páginas
2026-02-24 19:08:25,581 - INFO - ***************************************************
2026-02-24 19:08:25,581 - INFO - Procesando 21/100 -> Budines
2026-02-24 19:08:25,983 - INFO - ✅ Budines: 2 páginas
2026-02-24 19:08:25,984 - INFO - ***************************************************
2026-02-24 19:08:25,984 - INFO - Procesando 22/100 -> Pan Dulce
2026-02-24 19:08:26,310 - INFO - ✅ Pan Dulce: 1 páginas
2026-02-24 19:08:26,310 - INFO - ***************************************************
2026-02-24 19:08:26,310 - INFO - Procesando 23/100 -> Snacks
2026-02-24 19:08:26,658 - INFO - ✅ Snacks: 13 páginas
2026-02-24 19:08:26,659 - INFO - ***************************************************
2026-02-24 19:08:26,659 - INFO - Procesando 24/100 -> Papas Fritas
2026-02-24 19:08:27,052 - INFO - ✅ Papas Fritas: 3 páginas
2026-02-24 19:08:27,052 - INFO - ***************************************************
2026-02-24 19:08:27,052 - INFO - Procesando 25/100 -> Bastones De Maiz
2026-02-24 19:08:27,332 - INFO - ✅ Bastones De Maiz: 1 páginas
2026-02-24 19:08:27,332 - INFO - ***************************************************
2026-02-24 19:08:27,332 - INFO - Procesando 26/100 -> Mani
2026-02-24 19:08:27,778 - INFO - ✅ Mani: 2 páginas
2026-02-24 19:08:27,778 - INFO - ***************************************************
2026-02-24 19:08:27,778 - INFO - Procesando 27/100 -> Palitos
2026-02-24 19:08:28,146 - INFO - ✅ Palitos: 1 páginas
2026-02-24 19:08:28,146 - INFO - ***************************************************
2026-02-24 19:08:28,146 - INFO - Procesando 28/100 -> Galletitas Copetin
2026-02-24 19:08:28,652 - INFO - ✅ Galletitas Copetin: 2 páginas
2026-02-24 19:08:28,652 - INFO - ***************************************************
2026-02-24 19:08:28,652 - INFO - Procesando 29/100 -> Maiz Saborizado
2026-02-24 19:08:29,040 - INFO - ✅ Maiz Saborizado: 1 páginas
2026-02-24 19:08:29,040 - INFO - ***************************************************
2026-02-24 19:08:29,040 - INFO - Procesando 30/100 -> Nachos
2026-02-24 19:08:29,414 - INFO - ✅ Nachos: 1 páginas
2026-02-24 19:08:29,415 - INFO - ***************************************************
2026-02-24 19:08:29,415 - INFO - Procesando 31/100 -> Snacks Especiales
2026-02-24 19:08:29,887 - INFO - ✅ Snacks Especiales: 4 páginas
2026-02-24 19:08:29,888 - INFO - ***************************************************
2026-02-24 19:08:29,888 - INFO - Procesando 32/100 -> Cereales
2026-02-24 19:08:30,276 - INFO - ✅ Cereales: 10 páginas
2026-02-24 19:08:30,276 - INFO - ***************************************************
2026-02-24 19:08:30,276 - INFO - Procesando 33/100 -> Cereales Con Azúcar
2026-02-24 19:08:30,733 - INFO - ✅ Cereales Con Azúcar: 2 páginas
2026-02-24 19:08:30,733 - INFO - ***************************************************
2026-02-24 19:08:30,733 - INFO - Procesando 34/100 -> Cereales Infantiles
2026-02-24 19:08:31,061 - INFO - ✅ Cereales Infantiles: 1 páginas
2026-02-24 19:08:31,061 - INFO - ***************************************************
2026-02-24 19:08:31,061 - INFO - Procesando 35/100 -> Break Saludables
2026-02-24 19:08:31,423 - INFO - ✅ Break Saludables: 1 páginas
2026-02-24 19:08:31,423 - INFO - ***************************************************
2026-02-24 19:08:31,423 - INFO - Procesando 36/100 -> Barras De Arroz
2026-02-24 19:08:31,732 - INFO - ✅ Barras De Arroz: 1 páginas
2026-02-24 19:08:31,732 - INFO - ***************************************************
2026-02-24 19:08:31,732 - INFO - Procesando 37/100 -> Cereales De Avena
2026-02-24 19:08:32,077 - INFO - ✅ Cereales De Avena: 1 páginas
2026-02-24 19:08:32,077 - INFO - ***************************************************
2026-02-24 19:08:32,077 - INFO - Procesando 38/100 -> Avena
2026-02-24 19:08:32,432 - INFO - ✅ Avena: 2 páginas
2026-02-24 19:08:32,432 - INFO - ***************************************************
2026-02-24 19:08:32,433 - INFO - Procesando 39/100 -> Barras
2026-02-24 19:08:32,757 - INFO - ✅ Barras: 3 páginas
2026-02-24 19:08:32,758 - INFO - ***************************************************
2026-02-24 19:08:32,758 - INFO - Procesando 40/100 -> Granola
2026-02-24 19:08:33,232 - INFO - ✅ Granola: 1 páginas
2026-02-24 19:08:33,232 - INFO - ***************************************************
2026-02-24 19:08:33,232 - INFO - Procesando 41/100 -> Fitness
2026-02-24 19:08:33,551 - INFO - ✅ Fitness: 0 páginas
2026-02-24 19:08:33,551 - INFO - ***************************************************
2026-02-24 19:08:33,551 - INFO - Procesando 42/100 -> Salvado De Avena
2026-02-24 19:08:33,776 - INFO - ✅ Salvado De Avena: 1 páginas
2026-02-24 19:08:33,776 - INFO - ***************************************************
2026-02-24 19:08:33,776 - INFO - Procesando 43/100 -> Endulzantes
2026-02-24 19:08:34,157 - INFO - ✅ Endulzantes: 5 páginas
2026-02-24 19:08:34,157 - INFO - ***************************************************
2026-02-24 19:08:34,157 - INFO - Procesando 44/100 -> Azúcar
2026-02-24 19:08:34,694 - INFO - ✅ Azúcar: 1 páginas
2026-02-24 19:08:34,694 - INFO - ***************************************************
2026-02-24 19:08:34,694 - INFO - Procesando 45/100 -> Edulcorante
2026-02-24 19:08:35,116 - INFO - ✅ Edulcorante: 4 páginas
2026-02-24 19:08:35,116 - INFO - ***************************************************
2026-02-24 19:08:35,116 - INFO - Procesando 46/100 -> Aderezos Y Salsas
2026-02-24 19:08:35,604 - INFO - ✅ Aderezos Y Salsas: 19 páginas
2026-02-24 19:08:35,604 - INFO - ***************************************************
2026-02-24 19:08:35,604 - INFO - Procesando 47/100 -> Mayonesas
2026-02-24 19:08:35,950 - INFO - ✅ Mayonesas: 4 páginas
2026-02-24 19:08:35,951 - INFO - ***************************************************
2026-02-24 19:08:35,951 - INFO - Procesando 48/100 -> Mostazas
2026-02-24 19:08:36,319 - INFO - ✅ Mostazas: 2 páginas
2026-02-24 19:08:36,319 - INFO - ***************************************************
2026-02-24 19:08:36,319 - INFO - Procesando 49/100 -> Ketchup
2026-02-24 19:08:36,697 - INFO - ✅ Ketchup: 2 páginas
2026-02-24 19:08:36,697 - INFO - ***************************************************
2026-02-24 19:08:36,697 - INFO - Procesando 50/100 -> Salsas Golf
2026-02-24 19:08:36,942 - INFO - ✅ Salsas Golf: 1 páginas
2026-02-24 19:08:36,942 - INFO - ***************************************************
2026-02-24 19:08:36,942 - INFO - Procesando 51/100 -> Aderezo Caesar
2026-02-24 19:08:37,252 - INFO - ✅ Aderezo Caesar: 1 páginas
2026-02-24 19:08:37,252 - INFO - ***************************************************
2026-02-24 19:08:37,252 - INFO - Procesando 52/100 -> Aderezo De Soja
2026-02-24 19:08:37,509 - INFO - ✅ Aderezo De Soja: 2 páginas
2026-02-24 19:08:37,510 - INFO - ***************************************************
2026-02-24 19:08:37,510 - INFO - Procesando 53/100 -> Aderezo Yogur
2026-02-24 19:08:37,818 - INFO - ✅ Aderezo Yogur: 0 páginas
2026-02-24 19:08:37,818 - INFO - ***************************************************
2026-02-24 19:08:37,818 - INFO - Procesando 54/100 -> Aderezo Dkt
2026-02-24 19:08:38,135 - INFO - ✅ Aderezo Dkt: 2 páginas
2026-02-24 19:08:38,135 - INFO - ***************************************************
2026-02-24 19:08:38,135 - INFO - Procesando 55/100 -> Barbacoa
2026-02-24 19:08:38,527 - INFO - ✅ Barbacoa: 2 páginas
2026-02-24 19:08:38,528 - INFO - ***************************************************
2026-02-24 19:08:38,528 - INFO - Procesando 56/100 -> Chimichurri
2026-02-24 19:08:38,945 - INFO - ✅ Chimichurri: 1 páginas
2026-02-24 19:08:38,945 - INFO - ***************************************************
2026-02-24 19:08:38,945 - INFO - Procesando 57/100 -> Salsa Inglesa
2026-02-24 19:08:39,393 - INFO - ✅ Salsa Inglesa: 1 páginas
2026-02-24 19:08:39,393 - INFO - ***************************************************
2026-02-24 19:08:39,393 - INFO - Procesando 58/100 -> Tabasco
2026-02-24 19:08:39,637 - INFO - ✅ Tabasco: 1 páginas
2026-02-24 19:08:39,637 - INFO - ***************************************************
2026-02-24 19:08:39,637 - INFO - Procesando 59/100 -> Condimentos Saborizantes
2026-02-24 19:08:40,051 - INFO - ✅ Condimentos Saborizantes: 2 páginas
2026-02-24 19:08:40,051 - INFO - ***************************************************
2026-02-24 19:08:40,051 - INFO - Procesando 60/100 -> Quesos
2026-02-24 19:08:40,294 - INFO - ✅ Quesos: 1 páginas
2026-02-24 19:08:40,294 - INFO - ***************************************************
2026-02-24 19:08:40,294 - INFO - Procesando 61/100 -> Aderezos Refrigerados
2026-02-24 19:08:40,531 - INFO - ✅ Aderezos Refrigerados: 1 páginas
2026-02-24 19:08:40,531 - INFO - ***************************************************
2026-02-24 19:08:40,531 - INFO - Procesando 62/100 -> Salsa Picante
2026-02-24 19:08:41,078 - INFO - ✅ Salsa Picante: 2 páginas
2026-02-24 19:08:41,078 - INFO - ***************************************************
2026-02-24 19:08:41,078 - INFO - Procesando 63/100 -> Salsa De Ajo
2026-02-24 19:08:41,332 - INFO - ✅ Salsa De Ajo: 1 páginas
2026-02-24 19:08:41,332 - INFO - ***************************************************
2026-02-24 19:08:41,332 - INFO - Procesando 64/100 -> Aderezo Barbacoa
2026-02-24 19:08:41,584 - INFO - ✅ Aderezo Barbacoa: 0 páginas
2026-02-24 19:08:41,584 - INFO - ***************************************************
2026-02-24 19:08:41,584 - INFO - Procesando 65/100 -> Pesto
2026-02-24 19:08:41,966 - INFO - ✅ Pesto: 1 páginas
2026-02-24 19:08:41,966 - INFO - ***************************************************
2026-02-24 19:08:41,966 - INFO - Procesando 66/100 -> Salsa Blanca
2026-02-24 19:08:42,418 - INFO - ✅ Salsa Blanca: 1 páginas
2026-02-24 19:08:42,418 - INFO - ***************************************************
2026-02-24 19:08:42,418 - INFO - Procesando 67/100 -> Salsa Guacamole
2026-02-24 19:08:42,736 - INFO - ✅ Salsa Guacamole: 1 páginas
2026-02-24 19:08:42,736 - INFO - ***************************************************
2026-02-24 19:08:42,736 - INFO - Procesando 68/100 -> Babaganush
2026-02-24 19:08:43,016 - INFO - ✅ Babaganush: 1 páginas
2026-02-24 19:08:43,016 - INFO - ***************************************************
2026-02-24 19:08:43,016 - INFO - Procesando 69/100 -> Coleslaw
2026-02-24 19:08:43,312 - INFO - ✅ Coleslaw: 0 páginas
2026-02-24 19:08:43,312 - INFO - ***************************************************
2026-02-24 19:08:43,312 - INFO - Procesando 70/100 -> Infusiones
2026-02-24 19:08:43,814 - INFO - ✅ Infusiones: 25 páginas
2026-02-24 19:08:43,814 - INFO - ***************************************************
2026-02-24 19:08:43,814 - INFO - Procesando 71/100 -> Café
2026-02-24 19:08:44,314 - INFO - ✅ Café: 8 páginas
2026-02-24 19:08:44,314 - INFO - ***************************************************
2026-02-24 19:08:44,314 - INFO - Procesando 72/100 -> Mate
2026-02-24 19:08:44,797 - INFO - ✅ Mate: 7 páginas
2026-02-24 19:08:44,797 - INFO - ***************************************************
2026-02-24 19:08:44,797 - INFO - Procesando 73/100 -> Té
2026-02-24 19:08:45,173 - INFO - ✅ Té: 9 páginas
2026-02-24 19:08:45,174 - INFO - ***************************************************
2026-02-24 19:08:45,174 - INFO - Procesando 74/100 -> Cacao En Polvo
2026-02-24 19:08:45,593 - INFO - ✅ Cacao En Polvo: 1 páginas
2026-02-24 19:08:45,593 - INFO - ***************************************************
2026-02-24 19:08:45,593 - INFO - Procesando 75/100 -> Mate Cocido
2026-02-24 19:08:45,941 - INFO - ✅ Mate Cocido: 2 páginas
2026-02-24 19:08:45,941 - INFO - ***************************************************
2026-02-24 19:08:45,941 - INFO - Procesando 76/100 -> Complementos Para Infusiones
2026-02-24 19:08:46,278 - INFO - ✅ Complementos Para Infusiones: 1 páginas
2026-02-24 19:08:46,278 - INFO - ***************************************************
2026-02-24 19:08:46,278 - INFO - Procesando 77/100 -> Cebada
2026-02-24 19:08:46,606 - INFO - ✅ Cebada: 1 páginas
2026-02-24 19:08:46,607 - INFO - ***************************************************
2026-02-24 19:08:46,607 - INFO - Procesando 78/100 -> Conservas
2026-02-24 19:08:46,960 - INFO - ✅ Conservas: 7 páginas
2026-02-24 19:08:46,960 - INFO - ***************************************************
2026-02-24 19:08:46,960 - INFO - Procesando 79/100 -> Conservas De Carne
2026-02-24 19:08:47,272 - INFO - ✅ Conservas De Carne: 1 páginas
2026-02-24 19:08:47,272 - INFO - ***************************************************
2026-02-24 19:08:47,273 - INFO - Procesando 80/100 -> Conservas De Frutas
2026-02-24 19:08:47,702 - INFO - ✅ Conservas De Frutas: 1 páginas
2026-02-24 19:08:47,703 - INFO - ***************************************************
2026-02-24 19:08:47,703 - INFO - Procesando 81/100 -> Conservas De Pescado
2026-02-24 19:08:48,180 - INFO - ✅ Conservas De Pescado: 3 páginas
2026-02-24 19:08:48,180 - INFO - ***************************************************
2026-02-24 19:08:48,180 - INFO - Procesando 82/100 -> Conservas Vegetal
2026-02-24 19:08:48,623 - INFO - ✅ Conservas Vegetal: 4 páginas
2026-02-24 19:08:48,623 - INFO - ***************************************************
2026-02-24 19:08:48,623 - INFO - Procesando 83/100 -> Comidas Listas
2026-02-24 19:08:48,866 - INFO - ✅ Comidas Listas: 0 páginas
2026-02-24 19:08:48,867 - INFO - ***************************************************
2026-02-24 19:08:48,867 - INFO - Procesando 84/100 -> Harinas
2026-02-24 19:08:49,237 - INFO - ✅ Harinas: 6 páginas
2026-02-24 19:08:49,237 - INFO - ***************************************************
2026-02-24 19:08:49,237 - INFO - Procesando 85/100 -> Harina De Arroz
2026-02-24 19:08:49,522 - INFO - ✅ Harina De Arroz: 1 páginas
2026-02-24 19:08:49,522 - INFO - ***************************************************
2026-02-24 19:08:49,522 - INFO - Procesando 86/100 -> Harina De Trigo
2026-02-24 19:08:49,929 - INFO - ✅ Harina De Trigo: 1 páginas
2026-02-24 19:08:49,929 - INFO - ***************************************************
2026-02-24 19:08:49,930 - INFO - Procesando 87/100 -> Harina De Maíz
2026-02-24 19:08:50,340 - INFO - ✅ Harina De Maíz: 1 páginas
2026-02-24 19:08:50,341 - INFO - ***************************************************
2026-02-24 19:08:50,341 - INFO - Procesando 88/100 -> Premezcla
2026-02-24 19:08:50,663 - INFO - ✅ Premezcla: 2 páginas
2026-02-24 19:08:50,663 - INFO - ***************************************************
2026-02-24 19:08:50,663 - INFO - Procesando 89/100 -> Sémola
2026-02-24 19:08:51,063 - INFO - ✅ Sémola: 1 páginas
2026-02-24 19:08:51,063 - INFO - ***************************************************
2026-02-24 19:08:51,063 - INFO - Procesando 90/100 -> Harina Orgánica
2026-02-24 19:08:51,361 - INFO - ✅ Harina Orgánica: 1 páginas
2026-02-24 19:08:51,361 - INFO - ***************************************************
2026-02-24 19:08:51,361 - INFO - Procesando 91/100 -> Harina Sin Gluten
2026-02-24 19:08:51,681 - INFO - ✅ Harina Sin Gluten: 1 páginas
2026-02-24 19:08:51,682 - INFO - ***************************************************
2026-02-24 19:08:51,682 - INFO - Procesando 92/100 -> Harina Leudante
2026-02-24 19:08:52,103 - INFO - ✅ Harina Leudante: 1 páginas
2026-02-24 19:08:52,103 - INFO - ***************************************************
2026-02-24 19:08:52,103 - INFO - Procesando 93/100 -> Cous Cous
2026-02-24 19:08:52,357 - INFO - ✅ Cous Cous: 1 páginas
2026-02-24 19:08:52,358 - INFO - ***************************************************
2026-02-24 19:08:52,358 - INFO - Procesando 94/100 -> Garbanzo
2026-02-24 19:08:52,682 - INFO - ✅ Garbanzo: 1 páginas
2026-02-24 19:08:52,683 - INFO - ***************************************************
2026-02-24 19:08:52,683 - INFO - Procesando 95/100 -> Harina Integral
2026-02-24 19:08:53,009 - INFO - ✅ Harina Integral: 1 páginas
2026-02-24 19:08:53,009 - INFO - ***************************************************
2026-02-24 19:08:53,009 - INFO - Procesando 96/100 -> Harina De Legumbres
2026-02-24 19:08:53,331 - INFO - ✅ Harina De Legumbres: 1 páginas
2026-02-24 19:08:53,331 - INFO - ***************************************************
2026-02-24 19:08:53,331 - INFO - Procesando 97/100 -> Harina De Maní
2026-02-24 19:08:53,672 - INFO - ✅ Harina De Maní: 1 páginas
2026-02-24 19:08:53,673 - INFO - ***************************************************
2026-02-24 19:08:53,673 - INFO - Procesando 98/100 -> Harina De Almendras
2026-02-24 19:08:53,916 - INFO - ✅ Harina De Almendras: 1 páginas
2026-02-24 19:08:53,916 - INFO - ***************************************************
2026-02-24 19:08:53,916 - INFO - Procesando 99/100 -> Encurtidos
2026-02-24 19:08:54,242 - INFO - ✅ Encurtidos: 5 páginas
2026-02-24 19:08:54,242 - INFO - ***************************************************
2026-02-24 19:08:54,242 - INFO - Procesando 100/100 -> Aceitunas
2026-02-24 19:08:54,349 - ERROR - ❌ Error en categoría: Aceitunas
2026-02-24 19:08:54,349 - ERROR - Detalle: 500 Server Error: Internal Server Error for url: https://www.cotodigital.com.ar/sitios/cdigi/nuevositio
2026-02-24 19:08:54,352 - INFO - 🗑 Archivo eliminado: Coto\categorias.json ✔
2026-02-24 19:08:54,352 - INFO - 📦 JSON final generado en: Coto\categorias_paginadas.json
2026-02-24 19:08:54,353 - INFO - 📌 Lista resumida creada: 93 categorías con URLs
